Archive member included to satisfy reference by file (symbol)

/opt/st/stm32cubeide_1.4.0/plugins/com.st.stm32cube.ide.mcu.externaltools.gnu-tools-for-stm32.7-2018-q2-update.linux64_1.4.0.202007081208/tools/bin/../lib/gcc/arm-none-eabi/7.3.1/../../../../arm-none-eabi/lib/thumb/v7e-m/fpv4-sp/hard/libc_nano.a(lib_a-errno.o)
                              Core/Src/syscalls.o (__errno)
/opt/st/stm32cubeide_1.4.0/plugins/com.st.stm32cube.ide.mcu.externaltools.gnu-tools-for-stm32.7-2018-q2-update.linux64_1.4.0.202007081208/tools/bin/../lib/gcc/arm-none-eabi/7.3.1/../../../../arm-none-eabi/lib/thumb/v7e-m/fpv4-sp/hard/libc_nano.a(lib_a-exit.o)
                              /opt/st/stm32cubeide_1.4.0/plugins/com.st.stm32cube.ide.mcu.externaltools.gnu-tools-for-stm32.7-2018-q2-update.linux64_1.4.0.202007081208/tools/bin/../lib/gcc/arm-none-eabi/7.3.1/../../../../arm-none-eabi/lib/thumb/v7e-m/fpv4-sp/hard/crt0.o (exit)
/opt/st/stm32cubeide_1.4.0/plugins/com.st.stm32cube.ide.mcu.externaltools.gnu-tools-for-stm32.7-2018-q2-update.linux64_1.4.0.202007081208/tools/bin/../lib/gcc/arm-none-eabi/7.3.1/../../../../arm-none-eabi/lib/thumb/v7e-m/fpv4-sp/hard/libc_nano.a(lib_a-impure.o)
                              /opt/st/stm32cubeide_1.4.0/plugins/com.st.stm32cube.ide.mcu.externaltools.gnu-tools-for-stm32.7-2018-q2-update.linux64_1.4.0.202007081208/tools/bin/../lib/gcc/arm-none-eabi/7.3.1/../../../../arm-none-eabi/lib/thumb/v7e-m/fpv4-sp/hard/libc_nano.a(lib_a-exit.o) (_global_impure_ptr)
/opt/st/stm32cubeide_1.4.0/plugins/com.st.stm32cube.ide.mcu.externaltools.gnu-tools-for-stm32.7-2018-q2-update.linux64_1.4.0.202007081208/tools/bin/../lib/gcc/arm-none-eabi/7.3.1/../../../../arm-none-eabi/lib/thumb/v7e-m/fpv4-sp/hard/libc_nano.a(lib_a-init.o)
                              /opt/st/stm32cubeide_1.4.0/plugins/com.st.stm32cube.ide.mcu.externaltools.gnu-tools-for-stm32.7-2018-q2-update.linux64_1.4.0.202007081208/tools/bin/../lib/gcc/arm-none-eabi/7.3.1/../../../../arm-none-eabi/lib/thumb/v7e-m/fpv4-sp/hard/crt0.o (__libc_init_array)
/opt/st/stm32cubeide_1.4.0/plugins/com.st.stm32cube.ide.mcu.externaltools.gnu-tools-for-stm32.7-2018-q2-update.linux64_1.4.0.202007081208/tools/bin/../lib/gcc/arm-none-eabi/7.3.1/../../../../arm-none-eabi/lib/thumb/v7e-m/fpv4-sp/hard/libc_nano.a(lib_a-malloc.o)
                              Middlewares/ST/STM32_USB_Device_Library/Class/AUDIO/Src/usbd_audio.o (malloc)
/opt/st/stm32cubeide_1.4.0/plugins/com.st.stm32cube.ide.mcu.externaltools.gnu-tools-for-stm32.7-2018-q2-update.linux64_1.4.0.202007081208/tools/bin/../lib/gcc/arm-none-eabi/7.3.1/../../../../arm-none-eabi/lib/thumb/v7e-m/fpv4-sp/hard/libc_nano.a(lib_a-memset.o)
                              /opt/st/stm32cubeide_1.4.0/plugins/com.st.stm32cube.ide.mcu.externaltools.gnu-tools-for-stm32.7-2018-q2-update.linux64_1.4.0.202007081208/tools/bin/../lib/gcc/arm-none-eabi/7.3.1/../../../../arm-none-eabi/lib/thumb/v7e-m/fpv4-sp/hard/crt0.o (memset)
/opt/st/stm32cubeide_1.4.0/plugins/com.st.stm32cube.ide.mcu.externaltools.gnu-tools-for-stm32.7-2018-q2-update.linux64_1.4.0.202007081208/tools/bin/../lib/gcc/arm-none-eabi/7.3.1/../../../../arm-none-eabi/lib/thumb/v7e-m/fpv4-sp/hard/libc_nano.a(lib_a-nano-freer.o)
                              /opt/st/stm32cubeide_1.4.0/plugins/com.st.stm32cube.ide.mcu.externaltools.gnu-tools-for-stm32.7-2018-q2-update.linux64_1.4.0.202007081208/tools/bin/../lib/gcc/arm-none-eabi/7.3.1/../../../../arm-none-eabi/lib/thumb/v7e-m/fpv4-sp/hard/libc_nano.a(lib_a-malloc.o) (_free_r)
/opt/st/stm32cubeide_1.4.0/plugins/com.st.stm32cube.ide.mcu.externaltools.gnu-tools-for-stm32.7-2018-q2-update.linux64_1.4.0.202007081208/tools/bin/../lib/gcc/arm-none-eabi/7.3.1/../../../../arm-none-eabi/lib/thumb/v7e-m/fpv4-sp/hard/libc_nano.a(lib_a-nano-mallocr.o)
                              /opt/st/stm32cubeide_1.4.0/plugins/com.st.stm32cube.ide.mcu.externaltools.gnu-tools-for-stm32.7-2018-q2-update.linux64_1.4.0.202007081208/tools/bin/../lib/gcc/arm-none-eabi/7.3.1/../../../../arm-none-eabi/lib/thumb/v7e-m/fpv4-sp/hard/libc_nano.a(lib_a-malloc.o) (_malloc_r)
/opt/st/stm32cubeide_1.4.0/plugins/com.st.stm32cube.ide.mcu.externaltools.gnu-tools-for-stm32.7-2018-q2-update.linux64_1.4.0.202007081208/tools/bin/../lib/gcc/arm-none-eabi/7.3.1/../../../../arm-none-eabi/lib/thumb/v7e-m/fpv4-sp/hard/libc_nano.a(lib_a-sbrkr.o)
                              /opt/st/stm32cubeide_1.4.0/plugins/com.st.stm32cube.ide.mcu.externaltools.gnu-tools-for-stm32.7-2018-q2-update.linux64_1.4.0.202007081208/tools/bin/../lib/gcc/arm-none-eabi/7.3.1/../../../../arm-none-eabi/lib/thumb/v7e-m/fpv4-sp/hard/libc_nano.a(lib_a-nano-mallocr.o) (_sbrk_r)
/opt/st/stm32cubeide_1.4.0/plugins/com.st.stm32cube.ide.mcu.externaltools.gnu-tools-for-stm32.7-2018-q2-update.linux64_1.4.0.202007081208/tools/bin/../lib/gcc/arm-none-eabi/7.3.1/../../../../arm-none-eabi/lib/thumb/v7e-m/fpv4-sp/hard/libc_nano.a(lib_a-mlock.o)
[...]
Memory Configuration

Name             Origin             Length             Attributes
CCMRAM           0x0000000010000000 0x0000000000010000 xrw
RAM              0x0000000020000000 0x0000000000020000 xrw
FLASH            0x0000000008000000 0x0000000000100000 xr
*default*        0x0000000000000000 0xffffffffffffffff

Linker script and memory map

LOAD /opt/st/stm32cubeide_1.4.0/plugins/com.st.stm32cube.ide.mcu.externaltools.gnu-tools-for-stm32.7-2018-q2-update.linux64_1.4.0.202007081208/tools/bin/../lib/gcc/arm-none-eabi/7.3.1/thumb/v7e-m/fpv4-sp/hard/crti.o
LOAD /opt/st/stm32cubeide_1.4.0/plugins/com.st.stm32cube.ide.mcu.externaltools.gnu-tools-for-stm32.7-2018-q2-update.linux64_1.4.0.202007081208/tools/bin/../lib/gcc/arm-none-eabi/7.3.1/thumb/v7e-m/fpv4-sp/hard/crtbegin.o
LOAD /opt/st/stm32cubeide_1.4.0/plugins/com.st.stm32cube.ide.mcu.externaltools.gnu-tools-for-stm32.7-2018-q2-update.linux64_1.4.0.202007081208/tools/bin/../lib/gcc/arm-none-eabi/7.3.1/../../../../arm-none-eabi/lib/thumb/v7e-m/fpv4-sp/hard/crt0.o
LOAD Core/Src/74HC165_SPI_lfs.o
LOAD Core/Src/74_HC595_SPI_lfs.o
LOAD Core/Src/SSpedalBPMFX.o
LOAD Core/Src/adc.o
LOAD Core/Src/dac.o
LOAD Core/Src/gpio.o
LOAD Core/Src/i2c.o
LOAD Core/Src/lcd_i2c_IT_lfs.o
LOAD Core/Src/main.o
LOAD Core/Src/osc_dac_lfs.o
LOAD Core/Src/spi.o
LOAD Core/Src/stm32f4xx_hal_msp.o
LOAD Core/Src/stm32f4xx_it.o
LOAD Core/Src/syscalls.o
LOAD Core/Src/sysmem.o
LOAD Core/Src/system_stm32f4xx.o
LOAD Core/Src/tim.o
LOAD Core/Src/usart.o
LOAD Core/Startup/startup_stm32f407vgtx.o
LOAD Drivers/STM32F4xx_HAL_Driver/Src/stm32f4xx_hal.o
LOAD Drivers/STM32F4xx_HAL_Driver/Src/stm32f4xx_hal_adc.o
LOAD Drivers/STM32F4xx_HAL_Driver/Src/stm32f4xx_hal_adc_ex.o
LOAD Drivers/STM32F4xx_HAL_Driver/Src/stm32f4xx_hal_cortex.o
LOAD Drivers/STM32F4xx_HAL_Driver/Src/stm32f4xx_hal_dac.o
LOAD Drivers/STM32F4xx_HAL_Driver/Src/stm32f4xx_hal_dac_ex.o
LOAD Drivers/STM32F4xx_HAL_Driver/Src/stm32f4xx_hal_dma.o
LOAD Drivers/STM32F4xx_HAL_Driver/Src/stm32f4xx_hal_dma_ex.o
LOAD Drivers/STM32F4xx_HAL_Driver/Src/stm32f4xx_hal_exti.o
LOAD Drivers/STM32F4xx_HAL_Driver/Src/stm32f4xx_hal_flash.o
LOAD Drivers/STM32F4xx_HAL_Driver/Src/stm32f4xx_hal_flash_ex.o
LOAD Drivers/STM32F4xx_HAL_Driver/Src/stm32f4xx_hal_flash_ramfunc.o
LOAD Drivers/STM32F4xx_HAL_Driver/Src/stm32f4xx_hal_gpio.o
LOAD Drivers/STM32F4xx_HAL_Driver/Src/stm32f4xx_hal_i2c.o
LOAD Drivers/STM32F4xx_HAL_Driver/Src/stm32f4xx_hal_i2c_ex.o
LOAD Drivers/STM32F4xx_HAL_Driver/Src/stm32f4xx_hal_pcd.o
LOAD Drivers/STM32F4xx_HAL_Driver/Src/stm32f4xx_hal_pcd_ex.o
LOAD Drivers/STM32F4xx_HAL_Driver/Src/stm32f4xx_hal_pwr.o
LOAD Drivers/STM32F4xx_HAL_Driver/Src/stm32f4xx_hal_pwr_ex.o
LOAD Drivers/STM32F4xx_HAL_Driver/Src/stm32f4xx_hal_rcc.o
LOAD Drivers/STM32F4xx_HAL_Driver/Src/stm32f4xx_hal_rcc_ex.o
LOAD Drivers/STM32F4xx_HAL_Driver/Src/stm32f4xx_hal_spi.o
LOAD Drivers/STM32F4xx_HAL_Driver/Src/stm32f4xx_hal_tim.o
LOAD Drivers/STM32F4xx_HAL_Driver/Src/stm32f4xx_hal_tim_ex.o
LOAD Drivers/STM32F4xx_HAL_Driver/Src/stm32f4xx_hal_uart.o
LOAD Drivers/STM32F4xx_HAL_Driver/Src/stm32f4xx_ll_usb.o
LOAD Middlewares/ST/STM32_USB_Device_Library/Class/AUDIO/Src/usbd_audio.o
LOAD Middlewares/ST/STM32_USB_Device_Library/Class/MIDI/Src/usbd_midi.o
LOAD Middlewares/ST/STM32_USB_Device_Library/Core/Src/usbd_core.o
LOAD Middlewares/ST/STM32_USB_Device_Library/Core/Src/usbd_ctlreq.o
LOAD Middlewares/ST/STM32_USB_Device_Library/Core/Src/usbd_ioreq.o
LOAD USB_DEVICE/App/usb_device.o
LOAD USB_DEVICE/App/usbd_audio_if.o
LOAD USB_DEVICE/App/usbd_desc.o
LOAD USB_DEVICE/App/usbd_midi_if.o
LOAD USB_DEVICE/Target/usbd_conf.o
START GROUP
LOAD /opt/st/stm32cubeide_1.4.0/plugins/com.st.stm32cube.ide.mcu.externaltools.gnu-tools-for-stm32.7-2018-q2-update.linux64_1.4.0.202007081208/tools/bin/../lib/gcc/arm-none-eabi/7.3.1/../../../../arm-none-eabi/lib/thumb/v7e-m/fpv4-sp/hard/libc_nano.a
LOAD /opt/st/stm32cubeide_1.4.0/plugins/com.st.stm32cube.ide.mcu.externaltools.gnu-tools-for-stm32.7-2018-q2-update.linux64_1.4.0.202007081208/tools/bin/../lib/gcc/arm-none-eabi/7.3.1/../../../../arm-none-eabi/lib/thumb/v7e-m/fpv4-sp/hard/libm.a
END GROUP
START GROUP
LOAD /opt/st/stm32cubeide_1.4.0/plugins/com.st.stm32cube.ide.mcu.externaltools.gnu-tools-for-stm32.7-2018-q2-update.linux64_1.4.0.202007081208/tools/bin/../lib/gcc/arm-none-eabi/7.3.1/thumb/v7e-m/fpv4-sp/hard/libgcc.a
LOAD /opt/st/stm32cubeide_1.4.0/plugins/com.st.stm32cube.ide.mcu.externaltools.gnu-tools-for-stm32.7-2018-q2-update.linux64_1.4.0.202007081208/tools/bin/../lib/gcc/arm-none-eabi/7.3.1/../../../../arm-none-eabi/lib/thumb/v7e-m/fpv4-sp/hard/libc_nano.a
END GROUP
START GROUP
LOAD /opt/st/stm32cubeide_1.4.0/plugins/com.st.stm32cube.ide.mcu.externaltools.gnu-tools-for-stm32.7-2018-q2-update.linux64_1.4.0.202007081208/tools/bin/../lib/gcc/arm-none-eabi/7.3.1/thumb/v7e-m/fpv4-sp/hard/libgcc.a
LOAD /opt/st/stm32cubeide_1.4.0/plugins/com.st.stm32cube.ide.mcu.externaltools.gnu-tools-for-stm32.7-2018-q2-update.linux64_1.4.0.202007081208/tools/bin/../lib/gcc/arm-none-eabi/7.3.1/../../../../arm-none-eabi/lib/thumb/v7e-m/fpv4-sp/hard/libc_nano.a
LOAD /opt/st/stm32cubeide_1.4.0/plugins/com.st.stm32cube.ide.mcu.externaltools.gnu-tools-for-stm32.7-2018-q2-update.linux64_1.4.0.202007081208/tools/bin/../lib/gcc/arm-none-eabi/7.3.1/../../../../arm-none-eabi/lib/thumb/v7e-m/fpv4-sp/hard/libnosys.a
END GROUP
START GROUP
LOAD /opt/st/stm32cubeide_1.4.0/plugins/com.st.stm32cube.ide.mcu.externaltools.gnu-tools-for-stm32.7-2018-q2-update.linux64_1.4.0.202007081208/tools/bin/../lib/gcc/arm-none-eabi/7.3.1/thumb/v7e-m/fpv4-sp/hard/libgcc.a
LOAD /opt/st/stm32cubeide_1.4.0/plugins/com.st.stm32cube.ide.mcu.externaltools.gnu-tools-for-stm32.7-2018-q2-update.linux64_1.4.0.202007081208/tools/bin/../lib/gcc/arm-none-eabi/7.3.1/../../../../arm-none-eabi/lib/thumb/v7e-m/fpv4-sp/hard/libc_nano.a
LOAD /opt/st/stm32cubeide_1.4.0/plugins/com.st.stm32cube.ide.mcu.externaltools.gnu-tools-for-stm32.7-2018-q2-update.linux64_1.4.0.202007081208/tools/bin/../lib/gcc/arm-none-eabi/7.3.1/../../../../arm-none-eabi/lib/thumb/v7e-m/fpv4-sp/hard/libnosys.a
END GROUP
LOAD /opt/st/stm32cubeide_1.4.0/plugins/com.st.stm32cube.ide.mcu.externaltools.gnu-tools-for-stm32.7-2018-q2-update.linux64_1.4.0.202007081208/tools/bin/../lib/gcc/arm-none-eabi/7.3.1/thumb/v7e-m/fpv4-sp/hard/crtend.o
LOAD /opt/st/stm32cubeide_1.4.0/plugins/com.st.stm32cube.ide.mcu.externaltools.gnu-tools-for-stm32.7-2018-q2-update.linux64_1.4.0.202007081208/tools/bin/../lib/gcc/arm-none-eabi/7.3.1/thumb/v7e-m/fpv4-sp/hard/crtn.o
                0x0000000020020000                _estack = (ORIGIN (RAM) + LENGTH (RAM))
                0x0000000000000600                _Min_Heap_Size = 0x600
                0x0000000000000400                _Min_Stack_Size = 0x400

.isr_vector     0x0000000008000000      0x188
                0x0000000008000000                . = ALIGN (0x4)
 *(.isr_vector)
 .isr_vector    0x0000000008000000      0x188 Core/Startup/startup_stm32f407vgtx.o
                0x0000000008000000                g_pfnVectors
                0x0000000008000188                . = ALIGN (0x4)

.text           0x0000000008000188     0xc310
                0x0000000008000188                . = ALIGN (0x4)
 *(.text)
 .text          0x0000000008000188       0x40 /opt/st/stm32cubeide_1.4.0/plugins/com.st.stm32cube.ide.mcu.externaltools.gnu-tools-for-stm32.7-2018-q2-update.linux64_1.4.0.202007081208/tools/bin/../lib/gcc/arm-none-eabi/7.3.1/thumb/v7e-m/fpv4-sp/hard/crtbegin.o
 .text          0x00000000080001c8       0x30 /opt/st/stm32cubeide_1.4.0/plugins/com.st.stm32cube.ide.mcu.externaltools.gnu-tools-for-stm32.7-2018-q2-update.linux64_1.4.0.202007081208/tools/bin/../lib/gcc/arm-none-eabi/7.3.1/thumb/v7e-m/fpv4-sp/hard/libgcc.a(_aeabi_uldivmod.o)
                0x00000000080001c8                __aeabi_uldivmod
 .text          0x00000000080001f8      0x2cc /opt/st/stm32cubeide_1.4.0/plugins/com.st.stm32cube.ide.mcu.externaltools.gnu-tools-for-stm32.7-2018-q2-update.linux64_1.4.0.202007081208/tools/bin/../lib/gcc/arm-none-eabi/7.3.1/thumb/v7e-m/fpv4-sp/hard/libgcc.a(_udivmoddi4.o)
                0x00000000080001f8                __udivmoddi4
 .text          0x00000000080004c4        0x4 /opt/st/stm32cubeide_1.4.0/plugins/com.st.stm32cube.ide.mcu.externaltools.gnu-tools-for-stm32.7-2018-q2-update.linux64_1.4.0.202007081208/tools/bin/../lib/gcc/arm-none-eabi/7.3.1/thumb/v7e-m/fpv4-sp/hard/libgcc.a(_dvmd_tls.o)
                0x00000000080004c4                __aeabi_ldiv0
                0x00000000080004c4                __aeabi_idiv0
 *(.text*)
 .text.spi_74HC165_init
                0x00000000080004c8       0x50 Core/Src/74HC165_SPI_lfs.o
                0x00000000080004c8                spi_74HC165_init
 .text.spi_74HC165_receive
                0x0000000008000518       0x78 Core/Src/74HC165_SPI_lfs.o
                0x0000000008000518                spi_74HC165_receive
 .text.spi_74HC595_init
                0x0000000008000590       0x44 Core/Src/74_HC595_SPI_lfs.o
                0x0000000008000590                spi_74HC595_init
 .text.spi_74HC595_Transmit
                0x00000000080005d4       0x50 Core/Src/74_HC595_SPI_lfs.o
                0x00000000080005d4                spi_74HC595_Transmit
 .text.makeChord
                0x0000000008000624       0x44 Core/Src/SSpedalBPMFX.o
                0x0000000008000624                makeChord
 .text.setChord
                0x0000000008000668       0x48 Core/Src/SSpedalBPMFX.o
                0x0000000008000668                setChord
 .text.turnOnScreen
                0x00000000080006b0       0x30 Core/Src/SSpedalBPMFX.o
                0x00000000080006b0                turnOnScreen
 .text.chordScreen
                0x00000000080006e0       0x8c Core/Src/SSpedalBPMFX.o
                0x00000000080006e0                chordScreen
 .text.mainScreen
                0x000000000800076c       0xe8 Core/Src/SSpedalBPMFX.o
                0x000000000800076c                mainScreen
 .text.tunneScreen
                0x0000000008000854       0x54 Core/Src/SSpedalBPMFX.o
                0x0000000008000854                tunneScreen
 .text.on_off_octave
                0x00000000080008a8       0x38 Core/Src/SSpedalBPMFX.o
                0x00000000080008a8                on_off_octave
 .text.recuest_footkey
                0x00000000080008e0       0x30 Core/Src/SSpedalBPMFX.o
                0x00000000080008e0                recuest_footkey
 .text.pop_up_savedChord
                0x0000000008000910       0x4c Core/Src/SSpedalBPMFX.o
                0x0000000008000910                pop_up_savedChord
 .text.pop_up_sustain
                0x000000000800095c       0x58 Core/Src/SSpedalBPMFX.o
                0x000000000800095c                pop_up_sustain
 .text.pop_up_cancel
                0x00000000080009b4       0x20 Core/Src/SSpedalBPMFX.o
                0x00000000080009b4                pop_up_cancel
 .text.MX_ADC1_Init
                0x00000000080009d4       0xa4 Core/Src/adc.o
                0x00000000080009d4                MX_ADC1_Init
 .text.HAL_ADC_MspInit
                0x0000000008000a78       0xc0 Core/Src/adc.o
                0x0000000008000a78                HAL_ADC_MspInit
 .text.MX_DAC_Init
                0x0000000008000b38       0x68 Core/Src/dac.o
                0x0000000008000b38                MX_DAC_Init
 .text.HAL_DAC_MspInit
                0x0000000008000ba0       0x88 Core/Src/dac.o
                0x0000000008000ba0                HAL_DAC_MspInit
 .text.MX_GPIO_Init
                0x0000000008000c28       0xf8 Core/Src/gpio.o
                0x0000000008000c28                MX_GPIO_Init
 .text.MX_I2C1_Init
                0x0000000008000d20       0x5c Core/Src/i2c.o
                0x0000000008000d20                MX_I2C1_Init
 .text.HAL_I2C_MspInit
                0x0000000008000d7c       0xb0 Core/Src/i2c.o
                0x0000000008000d7c                HAL_I2C_MspInit
 .text.__lcd_send_cmd
                0x0000000008000e2c       0x68 Core/Src/lcd_i2c_IT_lfs.o
                0x0000000008000e2c                __lcd_send_cmd
 .text.__lcd_send_cmd_buff
                0x0000000008000e94       0x54 Core/Src/lcd_i2c_IT_lfs.o
                0x0000000008000e94                __lcd_send_cmd_buff
 .text.__lcd_send_data_buff
                0x0000000008000ee8       0x54 Core/Src/lcd_i2c_IT_lfs.o
                0x0000000008000ee8                __lcd_send_data_buff
 .text.lcd_clearScreen_buff
                0x0000000008000f3c       0x2c Core/Src/lcd_i2c_IT_lfs.o
                0x0000000008000f3c                lcd_clearScreen_buff
 .text.lcd_cursor_buff
                0x0000000008000f68       0x70 Core/Src/lcd_i2c_IT_lfs.o
                0x0000000008000f68                lcd_cursor_buff
 .text.lcd_init
                0x0000000008000fd8       0x98 Core/Src/lcd_i2c_IT_lfs.o
                0x0000000008000fd8                lcd_init
 .text.lcd_string_buff
                0x0000000008001070       0x28 Core/Src/lcd_i2c_IT_lfs.o
                0x0000000008001070                lcd_string_buff
 .text.__add_to_lcdBuff
                0x0000000008001098       0x6c Core/Src/lcd_i2c_IT_lfs.o
                0x0000000008001098                __add_to_lcdBuff
 .text.__lcd_sendBuff_IT
                0x0000000008001104       0xc4 Core/Src/lcd_i2c_IT_lfs.o
                0x0000000008001104                __lcd_sendBuff_IT
 .text.lcd_upDate_IT
                0x00000000080011c8       0x18 Core/Src/lcd_i2c_IT_lfs.o
                0x00000000080011c8                lcd_upDate_IT
 .text._lcd_ISR
                0x00000000080011e0       0x18 Core/Src/lcd_i2c_IT_lfs.o
                0x00000000080011e0                _lcd_ISR
 .text.main     0x00000000080011f8      0x3b4 Core/Src/main.o
                0x00000000080011f8                main
 .text.SystemClock_Config
                0x00000000080015ac       0xd4 Core/Src/main.o
                0x00000000080015ac                SystemClock_Config
 .text.sustainProp
                0x0000000008001680       0xdc Core/Src/main.o
                0x0000000008001680                sustainProp
 .text.sustainMIDI
                0x000000000800175c       0xc4 Core/Src/main.o
                0x000000000800175c                sustainMIDI
 .text.inputChord
                0x0000000008001820       0xb8 Core/Src/main.o
                0x0000000008001820                inputChord
 .text.inputOctave
                0x00000000080018d8       0x84 Core/Src/main.o
                0x00000000080018d8                inputOctave
 .text.inputTunne
                0x000000000800195c       0x38 Core/Src/main.o
                0x000000000800195c                inputTunne
 .text.inputPresets
                0x0000000008001994       0x84 Core/Src/main.o
                0x0000000008001994                inputPresets
 .text.inputNotes
                0x0000000008001a18      0x170 Core/Src/main.o
                0x0000000008001a18                inputNotes
 .text.inputSaveChord
                0x0000000008001b88       0xa4 Core/Src/main.o
                0x0000000008001b88                inputSaveChord
 .text.chordSelect
                0x0000000008001c2c      0x188 Core/Src/main.o
                0x0000000008001c2c                chordSelect
 .text.tunneSelect
                0x0000000008001db4       0x84 Core/Src/main.o
                0x0000000008001db4                tunneSelect
 .text.sendChord
                0x0000000008001e38       0xac Core/Src/main.o
                0x0000000008001e38                sendChord
 .text.showLeds
                0x0000000008001ee4      0x154 Core/Src/main.o
                0x0000000008001ee4                showLeds
 .text.HAL_TIM_PeriodElapsedCallback
                0x0000000008002038       0x44 Core/Src/main.o
                0x0000000008002038                HAL_TIM_PeriodElapsedCallback
 .text.HAL_I2C_MasterTxCpltCallback
                0x000000000800207c       0x14 Core/Src/main.o
                0x000000000800207c                HAL_I2C_MasterTxCpltCallback
 .text.Error_Handler
                0x0000000008002090        0xe Core/Src/main.o
                0x0000000008002090                Error_Handler
 *fill*         0x000000000800209e        0x2 
 .text.osc_dac_init
                0x00000000080020a0       0x38 Core/Src/osc_dac_lfs.o
                0x00000000080020a0                osc_dac_init
 .text.osc_dac_update
                0x00000000080020d8      0x118 Core/Src/osc_dac_lfs.o
                0x00000000080020d8                osc_dac_update
 .text.osc_setNote
                0x00000000080021f0       0x4c Core/Src/osc_dac_lfs.o
                0x00000000080021f0                osc_setNote
 .text.osc_setRatios
                0x000000000800223c       0x58 Core/Src/osc_dac_lfs.o
                0x000000000800223c                osc_setRatios
 .text.MX_SPI1_Init
                0x0000000008002294       0x6c Core/Src/spi.o
                0x0000000008002294                MX_SPI1_Init
 .text.HAL_SPI_MspInit
                0x0000000008002300       0xa0 Core/Src/spi.o
                0x0000000008002300                HAL_SPI_MspInit
 .text.HAL_MspInit
                0x00000000080023a0       0x50 Core/Src/stm32f4xx_hal_msp.o
                0x00000000080023a0                HAL_MspInit
 .text.NMI_Handler
                0x00000000080023f0        0xe Core/Src/stm32f4xx_it.o
                0x00000000080023f0                NMI_Handler
 .text.HardFault_Handler
                0x00000000080023fe        0x6 Core/Src/stm32f4xx_it.o
                0x00000000080023fe                HardFault_Handler
 .text.MemManage_Handler
                0x0000000008002404        0x6 Core/Src/stm32f4xx_it.o
                0x0000000008002404                MemManage_Handler
 .text.BusFault_Handler
                0x000000000800240a        0x6 Core/Src/stm32f4xx_it.o
                0x000000000800240a                BusFault_Handler
 .text.UsageFault_Handler
                0x0000000008002410        0x6 Core/Src/stm32f4xx_it.o
                0x0000000008002410                UsageFault_Handler
 .text.SVC_Handler
                0x0000000008002416        0xe Core/Src/stm32f4xx_it.o
                0x0000000008002416                SVC_Handler
 .text.DebugMon_Handler
                0x0000000008002424        0xe Core/Src/stm32f4xx_it.o
                0x0000000008002424                DebugMon_Handler
 .text.PendSV_Handler
                0x0000000008002432        0xe Core/Src/stm32f4xx_it.o
                0x0000000008002432                PendSV_Handler
 .text.SysTick_Handler
                0x0000000008002440        0xc Core/Src/stm32f4xx_it.o
                0x0000000008002440                SysTick_Handler
 .text.TIM2_IRQHandler
                0x000000000800244c       0x14 Core/Src/stm32f4xx_it.o
                0x000000000800244c                TIM2_IRQHandler
 .text.TIM3_IRQHandler
                0x0000000008002460       0x14 Core/Src/stm32f4xx_it.o
                0x0000000008002460                TIM3_IRQHandler
 .text.I2C1_EV_IRQHandler
                0x0000000008002474       0x14 Core/Src/stm32f4xx_it.o
                0x0000000008002474                I2C1_EV_IRQHandler
 .text.I2C1_ER_IRQHandler
                0x0000000008002488       0x14 Core/Src/stm32f4xx_it.o
                0x0000000008002488                I2C1_ER_IRQHandler
 .text.SPI1_IRQHandler
                0x000000000800249c       0x14 Core/Src/stm32f4xx_it.o
                0x000000000800249c                SPI1_IRQHandler
 .text.OTG_FS_IRQHandler
                0x00000000080024b0       0x14 Core/Src/stm32f4xx_it.o
                0x00000000080024b0                OTG_FS_IRQHandler
 .text.SystemInit
                0x00000000080024c4       0x2c Core/Src/system_stm32f4xx.o
                0x00000000080024c4                SystemInit
 .text.MX_TIM2_Init
                0x00000000080024f0       0x98 Core/Src/tim.o
                0x00000000080024f0                MX_TIM2_Init
 .text.MX_TIM3_Init
                0x0000000008002588       0x98 Core/Src/tim.o
                0x0000000008002588                MX_TIM3_Init
 .text.HAL_TIM_Base_MspInit
                0x0000000008002620       0x88 Core/Src/tim.o
                0x0000000008002620                HAL_TIM_Base_MspInit
 .text.MX_USART3_UART_Init
                0x00000000080026a8       0x54 Core/Src/usart.o
                0x00000000080026a8                MX_USART3_UART_Init
 .text.MX_USART6_UART_Init
                0x00000000080026fc       0x54 Core/Src/usart.o
                0x00000000080026fc                MX_USART6_UART_Init
 .text.HAL_UART_MspInit
                0x0000000008002750       0xfc Core/Src/usart.o
                0x0000000008002750                HAL_UART_MspInit
 .text.Reset_Handler
                0x000000000800284c       0x50 Core/Startup/startup_stm32f407vgtx.o
                0x000000000800284c                Reset_Handler
 .text.Default_Handler
                0x000000000800289c        0x2 Core/Startup/startup_stm32f407vgtx.o
                0x000000000800289c                RTC_Alarm_IRQHandler
                0x000000000800289c                HASH_RNG_IRQHandler
                0x000000000800289c                EXTI2_IRQHandler
                0x000000000800289c                TIM8_CC_IRQHandler
                0x000000000800289c                TIM1_CC_IRQHandler
                0x000000000800289c                DMA2_Stream5_IRQHandler
                0x000000000800289c                DMA1_Stream5_IRQHandler
                0x000000000800289c                PVD_IRQHandler
                0x000000000800289c                SDIO_IRQHandler
                0x000000000800289c                TAMP_STAMP_IRQHandler
                0x000000000800289c                CAN2_RX1_IRQHandler
                0x000000000800289c                EXTI3_IRQHandler
                0x000000000800289c                TIM8_TRG_COM_TIM14_IRQHandler
                0x000000000800289c                TIM1_UP_TIM10_IRQHandler
                0x000000000800289c                TIM8_UP_TIM13_IRQHandler
                0x000000000800289c                I2C3_ER_IRQHandler
                0x000000000800289c                EXTI0_IRQHandler
                0x000000000800289c                I2C2_EV_IRQHandler
                0x000000000800289c                DMA1_Stream2_IRQHandler
                0x000000000800289c                CAN1_RX0_IRQHandler
                0x000000000800289c                FPU_IRQHandler
                0x000000000800289c                OTG_HS_WKUP_IRQHandler
                0x000000000800289c                CAN2_SCE_IRQHandler
                0x000000000800289c                DMA2_Stream2_IRQHandler
                0x000000000800289c                TIM6_DAC_IRQHandler
                0x000000000800289c                TIM1_BRK_TIM9_IRQHandler
                0x000000000800289c                DCMI_IRQHandler
                0x000000000800289c                CAN2_RX0_IRQHandler
                0x000000000800289c                DMA2_Stream3_IRQHandler
                0x000000000800289c                USART6_IRQHandler
                0x000000000800289c                USART3_IRQHandler
                0x000000000800289c                CAN1_RX1_IRQHandler
                0x000000000800289c                UART5_IRQHandler
                0x000000000800289c                DMA2_Stream0_IRQHandler
                0x000000000800289c                TIM4_IRQHandler
                0x000000000800289c                DMA1_Stream6_IRQHandler
                0x000000000800289c                DMA1_Stream1_IRQHandler
                0x000000000800289c                UART4_IRQHandler
                0x000000000800289c                RCC_IRQHandler
                0x000000000800289c                TIM8_BRK_TIM12_IRQHandler
                0x000000000800289c                Default_Handler
                0x000000000800289c                EXTI15_10_IRQHandler
                0x000000000800289c                ADC_IRQHandler
                0x000000000800289c                DMA1_Stream7_IRQHandler
                0x000000000800289c                TIM7_IRQHandler
                0x000000000800289c                CAN2_TX_IRQHandler
                0x000000000800289c                TIM5_IRQHandler
                0x000000000800289c                DMA2_Stream7_IRQHandler
                0x000000000800289c                I2C3_EV_IRQHandler
                0x000000000800289c                EXTI9_5_IRQHandler
                0x000000000800289c                RTC_WKUP_IRQHandler
                0x000000000800289c                ETH_WKUP_IRQHandler
                0x000000000800289c                SPI2_IRQHandler
                0x000000000800289c                OTG_HS_EP1_IN_IRQHandler
                0x000000000800289c                DMA1_Stream0_IRQHandler
                0x000000000800289c                CAN1_TX_IRQHandler
                0x000000000800289c                EXTI4_IRQHandler
                0x000000000800289c                FSMC_IRQHandler
                0x000000000800289c                ETH_IRQHandler
                0x000000000800289c                OTG_HS_EP1_OUT_IRQHandler
                0x000000000800289c                WWDG_IRQHandler
                0x000000000800289c                OTG_FS_WKUP_IRQHandler
                0x000000000800289c                TIM1_TRG_COM_TIM11_IRQHandler
                0x000000000800289c                OTG_HS_IRQHandler
                0x000000000800289c                EXTI1_IRQHandler
                0x000000000800289c                USART2_IRQHandler
                0x000000000800289c                I2C2_ER_IRQHandler
                0x000000000800289c                DMA2_Stream1_IRQHandler
                0x000000000800289c                CAN1_SCE_IRQHandler
                0x000000000800289c                FLASH_IRQHandler
                0x000000000800289c                DMA2_Stream4_IRQHandler
                0x000000000800289c                USART1_IRQHandler
                0x000000000800289c                SPI3_IRQHandler
                0x000000000800289c                DMA1_Stream4_IRQHandler
                0x000000000800289c                DMA2_Stream6_IRQHandler
                0x000000000800289c                DMA1_Stream3_IRQHandler
 *fill*         0x000000000800289e        0x2 
 .text.HAL_Init
                0x00000000080028a0       0x44 Drivers/STM32F4xx_HAL_Driver/Src/stm32f4xx_hal.o
                0x00000000080028a0                HAL_Init
 .text.HAL_InitTick
                0x00000000080028e4       0x60 Drivers/STM32F4xx_HAL_Driver/Src/stm32f4xx_hal.o
                0x00000000080028e4                HAL_InitTick
 .text.HAL_IncTick
                0x0000000008002944       0x28 Drivers/STM32F4xx_HAL_Driver/Src/stm32f4xx_hal.o
                0x0000000008002944                HAL_IncTick
 .text.HAL_GetTick
                0x000000000800296c       0x18 Drivers/STM32F4xx_HAL_Driver/Src/stm32f4xx_hal.o
                0x000000000800296c                HAL_GetTick
 .text.HAL_Delay
                0x0000000008002984       0x44 Drivers/STM32F4xx_HAL_Driver/Src/stm32f4xx_hal.o
                0x0000000008002984                HAL_Delay
 .text.HAL_ADC_Init
                0x00000000080029c8       0x86 Drivers/STM32F4xx_HAL_Driver/Src/stm32f4xx_hal_adc.o
                0x00000000080029c8                HAL_ADC_Init
 *fill*         0x0000000008002a4e        0x2 
 .text.HAL_ADC_ConfigChannel
                0x0000000008002a50      0x244 Drivers/STM32F4xx_HAL_Driver/Src/stm32f4xx_hal_adc.o
                0x0000000008002a50                HAL_ADC_ConfigChannel
 .text.ADC_Init
                0x0000000008002c94      0x1f8 Drivers/STM32F4xx_HAL_Driver/Src/stm32f4xx_hal_adc.o
 .text.__NVIC_SetPriorityGrouping
                0x0000000008002e8c       0x48 Drivers/STM32F4xx_HAL_Driver/Src/stm32f4xx_hal_cortex.o
 .text.__NVIC_GetPriorityGrouping
                0x0000000008002ed4       0x1c Drivers/STM32F4xx_HAL_Driver/Src/stm32f4xx_hal_cortex.o
 .text.__NVIC_EnableIRQ
                0x0000000008002ef0       0x3c Drivers/STM32F4xx_HAL_Driver/Src/stm32f4xx_hal_cortex.o
 .text.__NVIC_SetPriority
                0x0000000008002f2c       0x54 Drivers/STM32F4xx_HAL_Driver/Src/stm32f4xx_hal_cortex.o
 .text.NVIC_EncodePriority
                0x0000000008002f80       0x66 Drivers/STM32F4xx_HAL_Driver/Src/stm32f4xx_hal_cortex.o
 *fill*         0x0000000008002fe6        0x2 
 .text.SysTick_Config
                0x0000000008002fe8       0x44 Drivers/STM32F4xx_HAL_Driver/Src/stm32f4xx_hal_cortex.o
 .text.HAL_NVIC_SetPriorityGrouping
                0x000000000800302c       0x16 Drivers/STM32F4xx_HAL_Driver/Src/stm32f4xx_hal_cortex.o
                0x000000000800302c                HAL_NVIC_SetPriorityGrouping
 .text.HAL_NVIC_SetPriority
                0x0000000008003042       0x38 Drivers/STM32F4xx_HAL_Driver/Src/stm32f4xx_hal_cortex.o
                0x0000000008003042                HAL_NVIC_SetPriority
 .text.HAL_NVIC_EnableIRQ
                0x000000000800307a       0x1c Drivers/STM32F4xx_HAL_Driver/Src/stm32f4xx_hal_cortex.o
                0x000000000800307a                HAL_NVIC_EnableIRQ
 .text.HAL_SYSTICK_Config
                0x0000000008003096       0x18 Drivers/STM32F4xx_HAL_Driver/Src/stm32f4xx_hal_cortex.o
                0x0000000008003096                HAL_SYSTICK_Config
 .text.HAL_DAC_Init
                0x00000000080030ae       0x44 Drivers/STM32F4xx_HAL_Driver/Src/stm32f4xx_hal_dac.o
                0x00000000080030ae                HAL_DAC_Init
 .text.HAL_DAC_Start
                0x00000000080030f2       0xcc Drivers/STM32F4xx_HAL_Driver/Src/stm32f4xx_hal_dac.o
                0x00000000080030f2                HAL_DAC_Start
 .text.HAL_DAC_ConfigChannel
                0x00000000080031be       0x9a Drivers/STM32F4xx_HAL_Driver/Src/stm32f4xx_hal_dac.o
                0x00000000080031be                HAL_DAC_ConfigChannel
 .text.HAL_DAC_SetValue
                0x0000000008003258       0x4a Drivers/STM32F4xx_HAL_Driver/Src/stm32f4xx_hal_dac.o
                0x0000000008003258                HAL_DAC_SetValue
 .text.HAL_DMA_Abort_IT
                0x00000000080032a2       0x44 Drivers/STM32F4xx_HAL_Driver/Src/stm32f4xx_hal_dma.o
                0x00000000080032a2                HAL_DMA_Abort_IT
 .text.HAL_DMA_GetState
                0x00000000080032e6       0x1c Drivers/STM32F4xx_HAL_Driver/Src/stm32f4xx_hal_dma.o
                0x00000000080032e6                HAL_DMA_GetState
 *fill*         0x0000000008003302        0x2 
 .text.HAL_GPIO_Init
                0x0000000008003304      0x334 Drivers/STM32F4xx_HAL_Driver/Src/stm32f4xx_hal_gpio.o
                0x0000000008003304                HAL_GPIO_Init
 .text.HAL_GPIO_WritePin
                0x0000000008003638       0x32 Drivers/STM32F4xx_HAL_Driver/Src/stm32f4xx_hal_gpio.o
                0x0000000008003638                HAL_GPIO_WritePin
 *fill*         0x000000000800366a        0x2 
 .text.HAL_I2C_Init
                0x000000000800366c      0x270 Drivers/STM32F4xx_HAL_Driver/Src/stm32f4xx_hal_i2c.o
                0x000000000800366c                HAL_I2C_Init
 .text.HAL_I2C_Master_Transmit
                0x00000000080038dc      0x1fc Drivers/STM32F4xx_HAL_Driver/Src/stm32f4xx_hal_i2c.o
                0x00000000080038dc                HAL_I2C_Master_Transmit
 .text.HAL_I2C_Master_Transmit_IT
                0x0000000008003ad8      0x14c Drivers/STM32F4xx_HAL_Driver/Src/stm32f4xx_hal_i2c.o
                0x0000000008003ad8                HAL_I2C_Master_Transmit_IT
 .text.HAL_I2C_EV_IRQHandler
                0x0000000008003c24      0x2cc Drivers/STM32F4xx_HAL_Driver/Src/stm32f4xx_hal_i2c.o
                0x0000000008003c24                HAL_I2C_EV_IRQHandler
 .text.HAL_I2C_ER_IRQHandler
                0x0000000008003ef0      0x14e Drivers/STM32F4xx_HAL_Driver/Src/stm32f4xx_hal_i2c.o
                0x0000000008003ef0                HAL_I2C_ER_IRQHandler
 .text.HAL_I2C_MasterRxCpltCallback
                0x000000000800403e       0x14 Drivers/STM32F4xx_HAL_Driver/Src/stm32f4xx_hal_i2c.o
                0x000000000800403e                HAL_I2C_MasterRxCpltCallback
 .text.HAL_I2C_SlaveTxCpltCallback
                0x0000000008004052       0x14 Drivers/STM32F4xx_HAL_Driver/Src/stm32f4xx_hal_i2c.o
                0x0000000008004052                HAL_I2C_SlaveTxCpltCallback
 .text.HAL_I2C_SlaveRxCpltCallback
                0x0000000008004066       0x14 Drivers/STM32F4xx_HAL_Driver/Src/stm32f4xx_hal_i2c.o
                0x0000000008004066                HAL_I2C_SlaveRxCpltCallback
 .text.HAL_I2C_AddrCallback
                0x000000000800407a       0x1c Drivers/STM32F4xx_HAL_Driver/Src/stm32f4xx_hal_i2c.o
                0x000000000800407a                HAL_I2C_AddrCallback
 .text.HAL_I2C_ListenCpltCallback
                0x0000000008004096       0x14 Drivers/STM32F4xx_HAL_Driver/Src/stm32f4xx_hal_i2c.o
                0x0000000008004096                HAL_I2C_ListenCpltCallback
 .text.HAL_I2C_MemTxCpltCallback
                0x00000000080040aa       0x14 Drivers/STM32F4xx_HAL_Driver/Src/stm32f4xx_hal_i2c.o
                0x00000000080040aa                HAL_I2C_MemTxCpltCallback
 .text.HAL_I2C_MemRxCpltCallback
                0x00000000080040be       0x14 Drivers/STM32F4xx_HAL_Driver/Src/stm32f4xx_hal_i2c.o
                0x00000000080040be                HAL_I2C_MemRxCpltCallback
 .text.HAL_I2C_ErrorCallback
                0x00000000080040d2       0x14 Drivers/STM32F4xx_HAL_Driver/Src/stm32f4xx_hal_i2c.o
                0x00000000080040d2                HAL_I2C_ErrorCallback
 .text.HAL_I2C_AbortCpltCallback
                0x00000000080040e6       0x14 Drivers/STM32F4xx_HAL_Driver/Src/stm32f4xx_hal_i2c.o
                0x00000000080040e6                HAL_I2C_AbortCpltCallback
 .text.I2C_MasterTransmit_TXE
                0x00000000080040fa      0x138 Drivers/STM32F4xx_HAL_Driver/Src/stm32f4xx_hal_i2c.o
 .text.I2C_MasterTransmit_BTF
                0x0000000008004232      0x100 Drivers/STM32F4xx_HAL_Driver/Src/stm32f4xx_hal_i2c.o
 .text.I2C_MemoryTransmit_TXE_BTF
                0x0000000008004332       0xce Drivers/STM32F4xx_HAL_Driver/Src/stm32f4xx_hal_i2c.o
 .text.I2C_MasterReceive_RXNE
                0x0000000008004400      0x104 Drivers/STM32F4xx_HAL_Driver/Src/stm32f4xx_hal_i2c.o
 .text.I2C_MasterReceive_BTF
                0x0000000008004504      0x1d4 Drivers/STM32F4xx_HAL_Driver/Src/stm32f4xx_hal_i2c.o
 .text.I2C_Master_SB
                0x00000000080046d8      0x10c Drivers/STM32F4xx_HAL_Driver/Src/stm32f4xx_hal_i2c.o
 .text.I2C_Master_ADD10
                0x00000000080047e4       0x54 Drivers/STM32F4xx_HAL_Driver/Src/stm32f4xx_hal_i2c.o
 .text.I2C_Master_ADDR
                0x0000000008004838      0x322 Drivers/STM32F4xx_HAL_Driver/Src/stm32f4xx_hal_i2c.o
 .text.I2C_SlaveTransmit_TXE
                0x0000000008004b5a       0x7a Drivers/STM32F4xx_HAL_Driver/Src/stm32f4xx_hal_i2c.o
 .text.I2C_SlaveTransmit_BTF
                0x0000000008004bd4       0x42 Drivers/STM32F4xx_HAL_Driver/Src/stm32f4xx_hal_i2c.o
 .text.I2C_SlaveReceive_RXNE
                0x0000000008004c16       0x7c Drivers/STM32F4xx_HAL_Driver/Src/stm32f4xx_hal_i2c.o
 .text.I2C_SlaveReceive_BTF
                0x0000000008004c92       0x44 Drivers/STM32F4xx_HAL_Driver/Src/stm32f4xx_hal_i2c.o
 .text.I2C_Slave_ADDR
                0x0000000008004cd6       0x88 Drivers/STM32F4xx_HAL_Driver/Src/stm32f4xx_hal_i2c.o
 *fill*         0x0000000008004d5e        0x2 
 .text.I2C_Slave_STOPF
                0x0000000008004d60      0x260 Drivers/STM32F4xx_HAL_Driver/Src/stm32f4xx_hal_i2c.o
 .text.I2C_Slave_AF
                0x0000000008004fc0       0xe0 Drivers/STM32F4xx_HAL_Driver/Src/stm32f4xx_hal_i2c.o
 .text.I2C_ITError
                0x00000000080050a0      0x25c Drivers/STM32F4xx_HAL_Driver/Src/stm32f4xx_hal_i2c.o
 .text.I2C_MasterRequestWrite
                0x00000000080052fc      0x104 Drivers/STM32F4xx_HAL_Driver/Src/stm32f4xx_hal_i2c.o
 .text.I2C_DMAAbort
                0x0000000008005400       0xfe Drivers/STM32F4xx_HAL_Driver/Src/stm32f4xx_hal_i2c.o
 .text.I2C_WaitOnFlagUntilTimeout
                0x00000000080054fe       0xae Drivers/STM32F4xx_HAL_Driver/Src/stm32f4xx_hal_i2c.o
 .text.I2C_WaitOnMasterAddressFlagUntilTimeout
                0x00000000080055ac       0xfe Drivers/STM32F4xx_HAL_Driver/Src/stm32f4xx_hal_i2c.o
 .text.I2C_WaitOnTXEFlagUntilTimeout
                0x00000000080056aa       0x82 Drivers/STM32F4xx_HAL_Driver/Src/stm32f4xx_hal_i2c.o
 .text.I2C_WaitOnBTFFlagUntilTimeout
                0x000000000800572c       0x82 Drivers/STM32F4xx_HAL_Driver/Src/stm32f4xx_hal_i2c.o
 .text.I2C_IsAcknowledgeFailed
                0x00000000080057ae       0x5e Drivers/STM32F4xx_HAL_Driver/Src/stm32f4xx_hal_i2c.o
 .text.I2C_ConvertOtherXferOptions
                0x000000000800580c       0x36 Drivers/STM32F4xx_HAL_Driver/Src/stm32f4xx_hal_i2c.o
 .text.HAL_PCD_Init
                0x0000000008005842      0x23a Drivers/STM32F4xx_HAL_Driver/Src/stm32f4xx_hal_pcd.o
                0x0000000008005842                HAL_PCD_Init
 .text.HAL_PCD_Start
                0x0000000008005a7c       0x66 Drivers/STM32F4xx_HAL_Driver/Src/stm32f4xx_hal_pcd.o
                0x0000000008005a7c                HAL_PCD_Start
 .text.HAL_PCD_IRQHandler
                0x0000000008005ae2      0x764 Drivers/STM32F4xx_HAL_Driver/Src/stm32f4xx_hal_pcd.o
                0x0000000008005ae2                HAL_PCD_IRQHandler
 .text.HAL_PCD_SetAddress
                0x0000000008006246       0x4a Drivers/STM32F4xx_HAL_Driver/Src/stm32f4xx_hal_pcd.o
                0x0000000008006246                HAL_PCD_SetAddress
 .text.HAL_PCD_EP_Open
                0x0000000008006290       0xd0 Drivers/STM32F4xx_HAL_Driver/Src/stm32f4xx_hal_pcd.o
                0x0000000008006290                HAL_PCD_EP_Open
 .text.HAL_PCD_EP_Close
                0x0000000008006360       0x94 Drivers/STM32F4xx_HAL_Driver/Src/stm32f4xx_hal_pcd.o
                0x0000000008006360                HAL_PCD_EP_Close
 .text.HAL_PCD_EP_Receive
                0x00000000080063f4       0x96 Drivers/STM32F4xx_HAL_Driver/Src/stm32f4xx_hal_pcd.o
                0x00000000080063f4                HAL_PCD_EP_Receive
 .text.HAL_PCD_EP_Transmit
                0x000000000800648a       0x94 Drivers/STM32F4xx_HAL_Driver/Src/stm32f4xx_hal_pcd.o
                0x000000000800648a                HAL_PCD_EP_Transmit
 .text.HAL_PCD_EP_SetStall
                0x000000000800651e       0xc8 Drivers/STM32F4xx_HAL_Driver/Src/stm32f4xx_hal_pcd.o
                0x000000000800651e                HAL_PCD_EP_SetStall
 .text.HAL_PCD_EP_ClrStall
                0x00000000080065e6       0xac Drivers/STM32F4xx_HAL_Driver/Src/stm32f4xx_hal_pcd.o
                0x00000000080065e6                HAL_PCD_EP_ClrStall
 .text.PCD_WriteEmptyTxFifo
                0x0000000008006692      0x11a Drivers/STM32F4xx_HAL_Driver/Src/stm32f4xx_hal_pcd.o
 .text.PCD_EP_OutXfrComplete_int
                0x00000000080067ac      0x218 Drivers/STM32F4xx_HAL_Driver/Src/stm32f4xx_hal_pcd.o
 .text.PCD_EP_OutSetupPacket_int
                0x00000000080069c4       0x8c Drivers/STM32F4xx_HAL_Driver/Src/stm32f4xx_hal_pcd.o
 .text.HAL_PCDEx_SetTxFiFo
                0x0000000008006a50       0x8e Drivers/STM32F4xx_HAL_Driver/Src/stm32f4xx_hal_pcd_ex.o
                0x0000000008006a50                HAL_PCDEx_SetTxFiFo
 .text.HAL_PCDEx_SetRxFiFo
                0x0000000008006ade       0x22 Drivers/STM32F4xx_HAL_Driver/Src/stm32f4xx_hal_pcd_ex.o
                0x0000000008006ade                HAL_PCDEx_SetRxFiFo
 .text.HAL_PCDEx_LPM_Callback
                0x0000000008006b00       0x18 Drivers/STM32F4xx_HAL_Driver/Src/stm32f4xx_hal_pcd_ex.o
                0x0000000008006b00                HAL_PCDEx_LPM_Callback
 .text.HAL_RCC_OscConfig
                0x0000000008006b18      0x4e0 Drivers/STM32F4xx_HAL_Driver/Src/stm32f4xx_hal_rcc.o
                0x0000000008006b18                HAL_RCC_OscConfig
 .text.HAL_RCC_ClockConfig
                0x0000000008006ff8      0x1cc Drivers/STM32F4xx_HAL_Driver/Src/stm32f4xx_hal_rcc.o
                0x0000000008006ff8                HAL_RCC_ClockConfig
 .text.HAL_RCC_GetSysClockFreq
                0x00000000080071c4      0x1b0 Drivers/STM32F4xx_HAL_Driver/Src/stm32f4xx_hal_rcc.o
                0x00000000080071c4                HAL_RCC_GetSysClockFreq
 .text.HAL_RCC_GetHCLKFreq
                0x0000000008007374       0x18 Drivers/STM32F4xx_HAL_Driver/Src/stm32f4xx_hal_rcc.o
                0x0000000008007374                HAL_RCC_GetHCLKFreq
 .text.HAL_RCC_GetPCLK1Freq
                0x000000000800738c       0x28 Drivers/STM32F4xx_HAL_Driver/Src/stm32f4xx_hal_rcc.o
                0x000000000800738c                HAL_RCC_GetPCLK1Freq
 .text.HAL_RCC_GetPCLK2Freq
                0x00000000080073b4       0x28 Drivers/STM32F4xx_HAL_Driver/Src/stm32f4xx_hal_rcc.o
                0x00000000080073b4                HAL_RCC_GetPCLK2Freq
 .text.HAL_SPI_Init
                0x00000000080073dc       0xc8 Drivers/STM32F4xx_HAL_Driver/Src/stm32f4xx_hal_spi.o
                0x00000000080073dc                HAL_SPI_Init
 .text.HAL_SPI_Transmit
                0x00000000080074a4      0x268 Drivers/STM32F4xx_HAL_Driver/Src/stm32f4xx_hal_spi.o
                0x00000000080074a4                HAL_SPI_Transmit
 .text.HAL_SPI_Receive
                0x000000000800770c      0x212 Drivers/STM32F4xx_HAL_Driver/Src/stm32f4xx_hal_spi.o
                0x000000000800770c                HAL_SPI_Receive
 .text.HAL_SPI_TransmitReceive
                0x000000000800791e      0x344 Drivers/STM32F4xx_HAL_Driver/Src/stm32f4xx_hal_spi.o
                0x000000000800791e                HAL_SPI_TransmitReceive
 *fill*         0x0000000008007c62        0x2 
 .text.HAL_SPI_IRQHandler
                0x0000000008007c64      0x200 Drivers/STM32F4xx_HAL_Driver/Src/stm32f4xx_hal_spi.o
                0x0000000008007c64                HAL_SPI_IRQHandler
 .text.HAL_SPI_ErrorCallback
                0x0000000008007e64       0x14 Drivers/STM32F4xx_HAL_Driver/Src/stm32f4xx_hal_spi.o
                0x0000000008007e64                HAL_SPI_ErrorCallback
 .text.SPI_DMAAbortOnError
                0x0000000008007e78       0x28 Drivers/STM32F4xx_HAL_Driver/Src/stm32f4xx_hal_spi.o
 .text.SPI_WaitFlagStateUntilTimeout
                0x0000000008007ea0       0xd4 Drivers/STM32F4xx_HAL_Driver/Src/stm32f4xx_hal_spi.o
 .text.SPI_EndRxTransaction
                0x0000000008007f74       0xca Drivers/STM32F4xx_HAL_Driver/Src/stm32f4xx_hal_spi.o
 *fill*         0x000000000800803e        0x2 
 .text.SPI_EndRxTxTransaction
                0x0000000008008040       0x84 Drivers/STM32F4xx_HAL_Driver/Src/stm32f4xx_hal_spi.o
 .text.HAL_TIM_Base_Init
                0x00000000080080c4       0x56 Drivers/STM32F4xx_HAL_Driver/Src/stm32f4xx_hal_tim.o
                0x00000000080080c4                HAL_TIM_Base_Init
 .text.HAL_TIM_Base_Start_IT
                0x000000000800811a       0x48 Drivers/STM32F4xx_HAL_Driver/Src/stm32f4xx_hal_tim.o
                0x000000000800811a                HAL_TIM_Base_Start_IT
 .text.HAL_TIM_IRQHandler
                0x0000000008008162      0x210 Drivers/STM32F4xx_HAL_Driver/Src/stm32f4xx_hal_tim.o
                0x0000000008008162                HAL_TIM_IRQHandler
 .text.HAL_TIM_ConfigClockSource
                0x0000000008008372      0x16e Drivers/STM32F4xx_HAL_Driver/Src/stm32f4xx_hal_tim.o
                0x0000000008008372                HAL_TIM_ConfigClockSource
 .text.HAL_TIM_OC_DelayElapsedCallback
                0x00000000080084e0       0x14 Drivers/STM32F4xx_HAL_Driver/Src/stm32f4xx_hal_tim.o
                0x00000000080084e0                HAL_TIM_OC_DelayElapsedCallback
 .text.HAL_TIM_IC_CaptureCallback
                0x00000000080084f4       0x14 Drivers/STM32F4xx_HAL_Driver/Src/stm32f4xx_hal_tim.o
                0x00000000080084f4                HAL_TIM_IC_CaptureCallback
 .text.HAL_TIM_PWM_PulseFinishedCallback
                0x0000000008008508       0x14 Drivers/STM32F4xx_HAL_Driver/Src/stm32f4xx_hal_tim.o
                0x0000000008008508                HAL_TIM_PWM_PulseFinishedCallback
 .text.HAL_TIM_TriggerCallback
                0x000000000800851c       0x14 Drivers/STM32F4xx_HAL_Driver/Src/stm32f4xx_hal_tim.o
                0x000000000800851c                HAL_TIM_TriggerCallback
 .text.TIM_Base_SetConfig
                0x0000000008008530      0x140 Drivers/STM32F4xx_HAL_Driver/Src/stm32f4xx_hal_tim.o
                0x0000000008008530                TIM_Base_SetConfig
 .text.TIM_TI1_ConfigInputStage
                0x0000000008008670       0x5e Drivers/STM32F4xx_HAL_Driver/Src/stm32f4xx_hal_tim.o
 .text.TIM_TI2_ConfigInputStage
                0x00000000080086ce       0x60 Drivers/STM32F4xx_HAL_Driver/Src/stm32f4xx_hal_tim.o
 .text.TIM_ITRx_SetConfig
                0x000000000800872e       0x36 Drivers/STM32F4xx_HAL_Driver/Src/stm32f4xx_hal_tim.o
 .text.TIM_ETR_SetConfig
                0x0000000008008764       0x40 Drivers/STM32F4xx_HAL_Driver/Src/stm32f4xx_hal_tim.o
                0x0000000008008764                TIM_ETR_SetConfig
 .text.HAL_TIMEx_MasterConfigSynchronization
                0x00000000080087a4       0xf8 Drivers/STM32F4xx_HAL_Driver/Src/stm32f4xx_hal_tim_ex.o
                0x00000000080087a4                HAL_TIMEx_MasterConfigSynchronization
 .text.HAL_TIMEx_CommutCallback
                0x000000000800889c       0x14 Drivers/STM32F4xx_HAL_Driver/Src/stm32f4xx_hal_tim_ex.o
                0x000000000800889c                HAL_TIMEx_CommutCallback
 .text.HAL_TIMEx_BreakCallback
                0x00000000080088b0       0x14 Drivers/STM32F4xx_HAL_Driver/Src/stm32f4xx_hal_tim_ex.o
                0x00000000080088b0                HAL_TIMEx_BreakCallback
 .text.HAL_UART_Init
                0x00000000080088c4       0x9a Drivers/STM32F4xx_HAL_Driver/Src/stm32f4xx_hal_uart.o
                0x00000000080088c4                HAL_UART_Init
 *fill*         0x000000000800895e        0x2 
 .text.UART_SetConfig
                0x0000000008008960      0x6f8 Drivers/STM32F4xx_HAL_Driver/Src/stm32f4xx_hal_uart.o
 .text.USB_CoreInit
                0x0000000008009058       0xc2 Drivers/STM32F4xx_HAL_Driver/Src/stm32f4xx_ll_usb.o
                0x0000000008009058                USB_CoreInit
 *fill*         0x000000000800911a        0x2 
 .text.USB_SetTurnaroundTime
                0x000000000800911c      0x144 Drivers/STM32F4xx_HAL_Driver/Src/stm32f4xx_ll_usb.o
                0x000000000800911c                USB_SetTurnaroundTime
 .text.USB_EnableGlobalInt
                0x0000000008009260       0x22 Drivers/STM32F4xx_HAL_Driver/Src/stm32f4xx_ll_usb.o
                0x0000000008009260                USB_EnableGlobalInt
 .text.USB_DisableGlobalInt
                0x0000000008009282       0x22 Drivers/STM32F4xx_HAL_Driver/Src/stm32f4xx_ll_usb.o
                0x0000000008009282                USB_DisableGlobalInt
 .text.USB_SetCurrentMode
                0x00000000080092a4       0x54 Drivers/STM32F4xx_HAL_Driver/Src/stm32f4xx_ll_usb.o
                0x00000000080092a4                USB_SetCurrentMode
 .text.USB_DevInit
                0x00000000080092f8      0x2c8 Drivers/STM32F4xx_HAL_Driver/Src/stm32f4xx_ll_usb.o
                0x00000000080092f8                USB_DevInit
 .text.USB_FlushTxFifo
                0x00000000080095c0       0x4c Drivers/STM32F4xx_HAL_Driver/Src/stm32f4xx_ll_usb.o
                0x00000000080095c0                USB_FlushTxFifo
 .text.USB_FlushRxFifo
                0x000000000800960c       0x44 Drivers/STM32F4xx_HAL_Driver/Src/stm32f4xx_ll_usb.o
                0x000000000800960c                USB_FlushRxFifo
 .text.USB_SetDevSpeed
                0x0000000008009650       0x32 Drivers/STM32F4xx_HAL_Driver/Src/stm32f4xx_ll_usb.o
                0x0000000008009650                USB_SetDevSpeed
 .text.USB_GetDevSpeed
                0x0000000008009682       0x4a Drivers/STM32F4xx_HAL_Driver/Src/stm32f4xx_ll_usb.o
                0x0000000008009682                USB_GetDevSpeed
 .text.USB_ActivateEndpoint
                0x00000000080096cc      0x10e Drivers/STM32F4xx_HAL_Driver/Src/stm32f4xx_ll_usb.o
                0x00000000080096cc                USB_ActivateEndpoint
 *fill*         0x00000000080097da        0x2 
 .text.USB_DeactivateEndpoint
                0x00000000080097dc      0x1b8 Drivers/STM32F4xx_HAL_Driver/Src/stm32f4xx_ll_usb.o
                0x00000000080097dc                USB_DeactivateEndpoint
 .text.USB_EPStartXfer
                0x0000000008009994      0x488 Drivers/STM32F4xx_HAL_Driver/Src/stm32f4xx_ll_usb.o
                0x0000000008009994                USB_EPStartXfer
 .text.USB_EP0StartXfer
                0x0000000008009e1c      0x2a6 Drivers/STM32F4xx_HAL_Driver/Src/stm32f4xx_ll_usb.o
                0x0000000008009e1c                USB_EP0StartXfer
 .text.USB_WritePacket
                0x000000000800a0c2       0x6a Drivers/STM32F4xx_HAL_Driver/Src/stm32f4xx_ll_usb.o
                0x000000000800a0c2                USB_WritePacket
 .text.USB_ReadPacket
                0x000000000800a12c       0x52 Drivers/STM32F4xx_HAL_Driver/Src/stm32f4xx_ll_usb.o
                0x000000000800a12c                USB_ReadPacket
 .text.USB_EPSetStall
                0x000000000800a17e       0xdc Drivers/STM32F4xx_HAL_Driver/Src/stm32f4xx_ll_usb.o
                0x000000000800a17e                USB_EPSetStall
 .text.USB_EPClearStall
                0x000000000800a25a       0xcc Drivers/STM32F4xx_HAL_Driver/Src/stm32f4xx_ll_usb.o
                0x000000000800a25a                USB_EPClearStall
 .text.USB_SetDevAddress
                0x000000000800a326       0x4c Drivers/STM32F4xx_HAL_Driver/Src/stm32f4xx_ll_usb.o
                0x000000000800a326                USB_SetDevAddress
 .text.USB_DevConnect
                0x000000000800a372       0x30 Drivers/STM32F4xx_HAL_Driver/Src/stm32f4xx_ll_usb.o
                0x000000000800a372                USB_DevConnect
 .text.USB_DevDisconnect
                0x000000000800a3a2       0x30 Drivers/STM32F4xx_HAL_Driver/Src/stm32f4xx_ll_usb.o
                0x000000000800a3a2                USB_DevDisconnect
 .text.USB_ReadInterrupts
                0x000000000800a3d2       0x26 Drivers/STM32F4xx_HAL_Driver/Src/stm32f4xx_ll_usb.o
                0x000000000800a3d2                USB_ReadInterrupts
 .text.USB_ReadDevAllOutEpInterrupt
                0x000000000800a3f8       0x34 Drivers/STM32F4xx_HAL_Driver/Src/stm32f4xx_ll_usb.o
                0x000000000800a3f8                USB_ReadDevAllOutEpInterrupt
 .text.USB_ReadDevAllInEpInterrupt
                0x000000000800a42c       0x34 Drivers/STM32F4xx_HAL_Driver/Src/stm32f4xx_ll_usb.o
                0x000000000800a42c                USB_ReadDevAllInEpInterrupt
 .text.USB_ReadDevOutEPInterrupt
                0x000000000800a460       0x3c Drivers/STM32F4xx_HAL_Driver/Src/stm32f4xx_ll_usb.o
                0x000000000800a460                USB_ReadDevOutEPInterrupt
 .text.USB_ReadDevInEPInterrupt
                0x000000000800a49c       0x5c Drivers/STM32F4xx_HAL_Driver/Src/stm32f4xx_ll_usb.o
                0x000000000800a49c                USB_ReadDevInEPInterrupt
 .text.USB_GetMode
                0x000000000800a4f8       0x1c Drivers/STM32F4xx_HAL_Driver/Src/stm32f4xx_ll_usb.o
                0x000000000800a4f8                USB_GetMode
 .text.USB_ActivateSetup
                0x000000000800a514       0x46 Drivers/STM32F4xx_HAL_Driver/Src/stm32f4xx_ll_usb.o
                0x000000000800a514                USB_ActivateSetup
 *fill*         0x000000000800a55a        0x2 
 .text.USB_EP0_OutStart
                0x000000000800a55c       0xbc Drivers/STM32F4xx_HAL_Driver/Src/stm32f4xx_ll_usb.o
                0x000000000800a55c                USB_EP0_OutStart
 .text.USB_CoreReset
                0x000000000800a618       0x68 Drivers/STM32F4xx_HAL_Driver/Src/stm32f4xx_ll_usb.o
 .text.USBD_MIDI_Init
                0x000000000800a680       0x48 Middlewares/ST/STM32_USB_Device_Library/Class/MIDI/Src/usbd_midi.o
 .text.USBD_MIDI_DeInit
                0x000000000800a6c8       0x30 Middlewares/ST/STM32_USB_Device_Library/Class/MIDI/Src/usbd_midi.o
 .text.USBD_MIDI_DataIn
                0x000000000800a6f8       0x2c Middlewares/ST/STM32_USB_Device_Library/Class/MIDI/Src/usbd_midi.o
 .text.USBD_MIDI_DataOut
                0x000000000800a724       0x54 Middlewares/ST/STM32_USB_Device_Library/Class/MIDI/Src/usbd_midi.o
 .text.USBD_MIDI_SendPacket
                0x000000000800a778       0xe0 Middlewares/ST/STM32_USB_Device_Library/Class/MIDI/Src/usbd_midi.o
                0x000000000800a778                USBD_MIDI_SendPacket
 .text.USBD_MIDI_GetCfgDesc
                0x000000000800a858       0x20 Middlewares/ST/STM32_USB_Device_Library/Class/MIDI/Src/usbd_midi.o
 .text.USBD_MIDI_RegisterInterface
                0x000000000800a878       0x2e Middlewares/ST/STM32_USB_Device_Library/Class/MIDI/Src/usbd_midi.o
                0x000000000800a878                USBD_MIDI_RegisterInterface
 .text.USBD_Init
                0x000000000800a8a6       0x6c Middlewares/ST/STM32_USB_Device_Library/Core/Src/usbd_core.o
                0x000000000800a8a6                USBD_Init
 .text.USBD_RegisterClass
                0x000000000800a912       0x42 Middlewares/ST/STM32_USB_Device_Library/Core/Src/usbd_core.o
                0x000000000800a912                USBD_RegisterClass
 .text.USBD_Start
                0x000000000800a954       0x18 Middlewares/ST/STM32_USB_Device_Library/Core/Src/usbd_core.o
                0x000000000800a954                USBD_Start
 .text.USBD_RunTestMode
                0x000000000800a96c       0x16 Middlewares/ST/STM32_USB_Device_Library/Core/Src/usbd_core.o
                0x000000000800a96c                USBD_RunTestMode
 .text.USBD_SetClassConfig
                0x000000000800a982       0x38 Middlewares/ST/STM32_USB_Device_Library/Core/Src/usbd_core.o
                0x000000000800a982                USBD_SetClassConfig
 .text.USBD_ClrClassConfig
                0x000000000800a9ba       0x30 Middlewares/ST/STM32_USB_Device_Library/Core/Src/usbd_core.o
                0x000000000800a9ba                USBD_ClrClassConfig
 .text.USBD_LL_SetupStage
                0x000000000800a9ea       0xa6 Middlewares/ST/STM32_USB_Device_Library/Core/Src/usbd_core.o
                0x000000000800a9ea                USBD_LL_SetupStage
 .text.USBD_LL_DataOutStage
                0x000000000800aa90       0xc6 Middlewares/ST/STM32_USB_Device_Library/Core/Src/usbd_core.o
                0x000000000800aa90                USBD_LL_DataOutStage
 .text.USBD_LL_DataInStage
                0x000000000800ab56      0x12c Middlewares/ST/STM32_USB_Device_Library/Core/Src/usbd_core.o
                0x000000000800ab56                USBD_LL_DataInStage
 .text.USBD_LL_Reset
                0x000000000800ac82       0x82 Middlewares/ST/STM32_USB_Device_Library/Core/Src/usbd_core.o
                0x000000000800ac82                USBD_LL_Reset
 .text.USBD_LL_SetSpeed
                0x000000000800ad04       0x20 Middlewares/ST/STM32_USB_Device_Library/Core/Src/usbd_core.o
                0x000000000800ad04                USBD_LL_SetSpeed
 .text.USBD_LL_Suspend
                0x000000000800ad24       0x2a Middlewares/ST/STM32_USB_Device_Library/Core/Src/usbd_core.o
                0x000000000800ad24                USBD_LL_Suspend
 .text.USBD_LL_Resume
                0x000000000800ad4e       0x2c Middlewares/ST/STM32_USB_Device_Library/Core/Src/usbd_core.o
                0x000000000800ad4e                USBD_LL_Resume
 .text.USBD_LL_SOF
                0x000000000800ad7a       0x34 Middlewares/ST/STM32_USB_Device_Library/Core/Src/usbd_core.o
                0x000000000800ad7a                USBD_LL_SOF
 .text.USBD_LL_IsoINIncomplete
                0x000000000800adae       0x1a Middlewares/ST/STM32_USB_Device_Library/Core/Src/usbd_core.o
                0x000000000800adae                USBD_LL_IsoINIncomplete
 .text.USBD_LL_IsoOUTIncomplete
                0x000000000800adc8       0x1a Middlewares/ST/STM32_USB_Device_Library/Core/Src/usbd_core.o
                0x000000000800adc8                USBD_LL_IsoOUTIncomplete
 .text.USBD_LL_DevConnected
                0x000000000800ade2       0x16 Middlewares/ST/STM32_USB_Device_Library/Core/Src/usbd_core.o
                0x000000000800ade2                USBD_LL_DevConnected
 .text.USBD_LL_DevDisconnected
                0x000000000800adf8       0x38 Middlewares/ST/STM32_USB_Device_Library/Core/Src/usbd_core.o
                0x000000000800adf8                USBD_LL_DevDisconnected
 .text.SWAPBYTE
                0x000000000800ae30       0x3c Middlewares/ST/STM32_USB_Device_Library/Core/Src/usbd_ctlreq.o
 .text.USBD_StdDevReq
                0x000000000800ae6c       0xdc Middlewares/ST/STM32_USB_Device_Library/Core/Src/usbd_ctlreq.o
                0x000000000800ae6c                USBD_StdDevReq
 .text.USBD_StdItfReq
                0x000000000800af48       0x8c Middlewares/ST/STM32_USB_Device_Library/Core/Src/usbd_ctlreq.o
                0x000000000800af48                USBD_StdItfReq
 .text.USBD_StdEPReq
                0x000000000800afd4      0x2aa Middlewares/ST/STM32_USB_Device_Library/Core/Src/usbd_ctlreq.o
                0x000000000800afd4                USBD_StdEPReq
 *fill*         0x000000000800b27e        0x2 
 .text.USBD_GetDescriptor
                0x000000000800b280      0x2d4 Middlewares/ST/STM32_USB_Device_Library/Core/Src/usbd_ctlreq.o
 .text.USBD_SetAddress
                0x000000000800b554       0x84 Middlewares/ST/STM32_USB_Device_Library/Core/Src/usbd_ctlreq.o
 .text.USBD_SetConfig
                0x000000000800b5d8      0x148 Middlewares/ST/STM32_USB_Device_Library/Core/Src/usbd_ctlreq.o
 .text.USBD_GetConfig
                0x000000000800b720       0x68 Middlewares/ST/STM32_USB_Device_Library/Core/Src/usbd_ctlreq.o
 .text.USBD_GetStatus
                0x000000000800b788       0x66 Middlewares/ST/STM32_USB_Device_Library/Core/Src/usbd_ctlreq.o
 .text.USBD_SetFeature
                0x000000000800b7ee       0x28 Middlewares/ST/STM32_USB_Device_Library/Core/Src/usbd_ctlreq.o
 .text.USBD_ClrFeature
                0x000000000800b816       0x42 Middlewares/ST/STM32_USB_Device_Library/Core/Src/usbd_ctlreq.o
 .text.USBD_ParseSetupRequest
                0x000000000800b858       0x74 Middlewares/ST/STM32_USB_Device_Library/Core/Src/usbd_ctlreq.o
                0x000000000800b858                USBD_ParseSetupRequest
 .text.USBD_CtlError
                0x000000000800b8cc       0x22 Middlewares/ST/STM32_USB_Device_Library/Core/Src/usbd_ctlreq.o
                0x000000000800b8cc                USBD_CtlError
 .text.USBD_GetString
                0x000000000800b8ee       0x8c Middlewares/ST/STM32_USB_Device_Library/Core/Src/usbd_ctlreq.o
                0x000000000800b8ee                USBD_GetString
 .text.USBD_GetLen
                0x000000000800b97a       0x34 Middlewares/ST/STM32_USB_Device_Library/Core/Src/usbd_ctlreq.o
 .text.USBD_CtlSendData
                0x000000000800b9ae       0x36 Middlewares/ST/STM32_USB_Device_Library/Core/Src/usbd_ioreq.o
                0x000000000800b9ae                USBD_CtlSendData
 .text.USBD_CtlContinueSendData
                0x000000000800b9e4       0x22 Middlewares/ST/STM32_USB_Device_Library/Core/Src/usbd_ioreq.o
                0x000000000800b9e4                USBD_CtlContinueSendData
 .text.USBD_CtlContinueRx
                0x000000000800ba06       0x22 Middlewares/ST/STM32_USB_Device_Library/Core/Src/usbd_ioreq.o
                0x000000000800ba06                USBD_CtlContinueRx
 .text.USBD_CtlSendStatus
                0x000000000800ba28       0x26 Middlewares/ST/STM32_USB_Device_Library/Core/Src/usbd_ioreq.o
                0x000000000800ba28                USBD_CtlSendStatus
 .text.USBD_CtlReceiveStatus
                0x000000000800ba4e       0x26 Middlewares/ST/STM32_USB_Device_Library/Core/Src/usbd_ioreq.o
                0x000000000800ba4e                USBD_CtlReceiveStatus
 .text.MX_USB_DEVICE_Init
                0x000000000800ba74       0x44 USB_DEVICE/App/usb_device.o
                0x000000000800ba74                MX_USB_DEVICE_Init
 .text.USBD_FS_DeviceDescriptor
                0x000000000800bab8       0x24 USB_DEVICE/App/usbd_desc.o
                0x000000000800bab8                USBD_FS_DeviceDescriptor
 .text.USBD_FS_LangIDStrDescriptor
                0x000000000800badc       0x24 USB_DEVICE/App/usbd_desc.o
                0x000000000800badc                USBD_FS_LangIDStrDescriptor
 .text.USBD_FS_ProductStrDescriptor
                0x000000000800bb00       0x3c USB_DEVICE/App/usbd_desc.o
                0x000000000800bb00                USBD_FS_ProductStrDescriptor
 .text.USBD_FS_ManufacturerStrDescriptor
                0x000000000800bb3c       0x28 USB_DEVICE/App/usbd_desc.o
                0x000000000800bb3c                USBD_FS_ManufacturerStrDescriptor
 .text.USBD_FS_SerialStrDescriptor
                0x000000000800bb64       0x24 USB_DEVICE/App/usbd_desc.o
                0x000000000800bb64                USBD_FS_SerialStrDescriptor
 .text.USBD_FS_ConfigStrDescriptor
                0x000000000800bb88       0x3c USB_DEVICE/App/usbd_desc.o
                0x000000000800bb88                USBD_FS_ConfigStrDescriptor
 .text.USBD_FS_InterfaceStrDescriptor
                0x000000000800bbc4       0x3c USB_DEVICE/App/usbd_desc.o
                0x000000000800bbc4                USBD_FS_InterfaceStrDescriptor
 .text.Get_SerialNum
                0x000000000800bc00       0x58 USB_DEVICE/App/usbd_desc.o
 .text.IntToUnicode
                0x000000000800bc58       0x7c USB_DEVICE/App/usbd_desc.o
 .text.MIDI_DataRx
                0x000000000800bcd4       0x88 USB_DEVICE/App/usbd_midi_if.o
                0x000000000800bcd4                MIDI_DataRx
 .text.MIDI_DataTx
                0x000000000800bd5c       0x60 USB_DEVICE/App/usbd_midi_if.o
                0x000000000800bd5c                MIDI_DataTx
 .text.MIDI_SendBuffer
                0x000000000800bdbc       0x6c USB_DEVICE/App/usbd_midi_if.o
                0x000000000800bdbc                MIDI_SendBuffer
 .text.MIDI_SendCheck
                0x000000000800be28       0x2c USB_DEVICE/App/usbd_midi_if.o
                0x000000000800be28                MIDI_SendCheck
 .text.HAL_PCD_MspInit
                0x000000000800be54       0xa8 USB_DEVICE/Target/usbd_conf.o
                0x000000000800be54                HAL_PCD_MspInit
 .text.HAL_PCD_SetupStageCallback
                0x000000000800befc       0x24 USB_DEVICE/Target/usbd_conf.o
                0x000000000800befc                HAL_PCD_SetupStageCallback
 .text.HAL_PCD_DataOutStageCallback
                0x000000000800bf20       0x36 USB_DEVICE/Target/usbd_conf.o
                0x000000000800bf20                HAL_PCD_DataOutStageCallback
 .text.HAL_PCD_DataInStageCallback
                0x000000000800bf56       0x34 USB_DEVICE/Target/usbd_conf.o
                0x000000000800bf56                HAL_PCD_DataInStageCallback
 .text.HAL_PCD_SOFCallback
                0x000000000800bf8a       0x1c USB_DEVICE/Target/usbd_conf.o
                0x000000000800bf8a                HAL_PCD_SOFCallback
 .text.HAL_PCD_ResetCallback
                0x000000000800bfa6       0x50 USB_DEVICE/Target/usbd_conf.o
                0x000000000800bfa6                HAL_PCD_ResetCallback
 *fill*         0x000000000800bff6        0x2 
 .text.HAL_PCD_SuspendCallback
                0x000000000800bff8       0x4c USB_DEVICE/Target/usbd_conf.o
                0x000000000800bff8                HAL_PCD_SuspendCallback
 .text.HAL_PCD_ResumeCallback
                0x000000000800c044       0x1c USB_DEVICE/Target/usbd_conf.o
                0x000000000800c044                HAL_PCD_ResumeCallback
 .text.HAL_PCD_ISOOUTIncompleteCallback
                0x000000000800c060       0x24 USB_DEVICE/Target/usbd_conf.o
                0x000000000800c060                HAL_PCD_ISOOUTIncompleteCallback
 .text.HAL_PCD_ISOINIncompleteCallback
                0x000000000800c084       0x24 USB_DEVICE/Target/usbd_conf.o
                0x000000000800c084                HAL_PCD_ISOINIncompleteCallback
 .text.HAL_PCD_ConnectCallback
                0x000000000800c0a8       0x1c USB_DEVICE/Target/usbd_conf.o
                0x000000000800c0a8                HAL_PCD_ConnectCallback
 .text.HAL_PCD_DisconnectCallback
                0x000000000800c0c4       0x1c USB_DEVICE/Target/usbd_conf.o
                0x000000000800c0c4                HAL_PCD_DisconnectCallback
 .text.USBD_LL_Init
                0x000000000800c0e0       0x98 USB_DEVICE/Target/usbd_conf.o
                0x000000000800c0e0                USBD_LL_Init
 .text.USBD_LL_Start
                0x000000000800c178       0x36 USB_DEVICE/Target/usbd_conf.o
                0x000000000800c178                USBD_LL_Start
 .text.USBD_LL_OpenEP
                0x000000000800c1ae       0x4c USB_DEVICE/Target/usbd_conf.o
                0x000000000800c1ae                USBD_LL_OpenEP
 .text.USBD_LL_CloseEP
                0x000000000800c1fa       0x3e USB_DEVICE/Target/usbd_conf.o
                0x000000000800c1fa                USBD_LL_CloseEP
 .text.USBD_LL_StallEP
                0x000000000800c238       0x3e USB_DEVICE/Target/usbd_conf.o
                0x000000000800c238                USBD_LL_StallEP
 .text.USBD_LL_ClearStallEP
                0x000000000800c276       0x3e USB_DEVICE/Target/usbd_conf.o
                0x000000000800c276                USBD_LL_ClearStallEP
 .text.USBD_LL_IsStallEP
                0x000000000800c2b4       0x58 USB_DEVICE/Target/usbd_conf.o
                0x000000000800c2b4                USBD_LL_IsStallEP
 .text.USBD_LL_SetUSBAddress
                0x000000000800c30c       0x3e USB_DEVICE/Target/usbd_conf.o
                0x000000000800c30c                USBD_LL_SetUSBAddress
 .text.USBD_LL_Transmit
                0x000000000800c34a       0x42 USB_DEVICE/Target/usbd_conf.o
                0x000000000800c34a                USBD_LL_Transmit
 .text.USBD_LL_PrepareReceive
                0x000000000800c38c       0x42 USB_DEVICE/Target/usbd_conf.o
                0x000000000800c38c                USBD_LL_PrepareReceive
 *fill*         0x000000000800c3ce        0x2 
 .text.USBD_Get_USB_Status
                0x000000000800c3d0       0x58 USB_DEVICE/Target/usbd_conf.o
                0x000000000800c3d0                USBD_Get_USB_Status
 .text.__libc_init_array
                0x000000000800c428       0x48 /opt/st/stm32cubeide_1.4.0/plugins/com.st.stm32cube.ide.mcu.externaltools.gnu-tools-for-stm32.7-2018-q2-update.linux64_1.4.0.202007081208/tools/bin/../lib/gcc/arm-none-eabi/7.3.1/../../../../arm-none-eabi/lib/thumb/v7e-m/fpv4-sp/hard/libc_nano.a(lib_a-init.o)
                0x000000000800c428                __libc_init_array
 .text.memset   0x000000000800c470       0x10 /opt/st/stm32cubeide_1.4.0/plugins/com.st.stm32cube.ide.mcu.externaltools.gnu-tools-for-stm32.7-2018-q2-update.linux64_1.4.0.202007081208/tools/bin/../lib/gcc/arm-none-eabi/7.3.1/../../../../arm-none-eabi/lib/thumb/v7e-m/fpv4-sp/hard/libc_nano.a(lib_a-memset.o)
                0x000000000800c470                memset
 *(.glue_7)
 .glue_7        0x000000000800c480        0x0 linker stubs
 *(.glue_7t)
 .glue_7t       0x000000000800c480        0x0 linker stubs
 *(.eh_frame)
 .eh_frame      0x000000000800c480        0x0 /opt/st/stm32cubeide_1.4.0/plugins/com.st.stm32cube.ide.mcu.externaltools.gnu-tools-for-stm32.7-2018-q2-update.linux64_1.4.0.202007081208/tools/bin/../lib/gcc/arm-none-eabi/7.3.1/thumb/v7e-m/fpv4-sp/hard/crtbegin.o
 *(.init)
 .init          0x000000000800c480        0x4 /opt/st/stm32cubeide_1.4.0/plugins/com.st.stm32cube.ide.mcu.externaltools.gnu-tools-for-stm32.7-2018-q2-update.linux64_1.4.0.202007081208/tools/bin/../lib/gcc/arm-none-eabi/7.3.1/thumb/v7e-m/fpv4-sp/hard/crti.o
                0x000000000800c480                _init
 .init          0x000000000800c484        0x8 /opt/st/stm32cubeide_1.4.0/plugins/com.st.stm32cube.ide.mcu.externaltools.gnu-tools-for-stm32.7-2018-q2-update.linux64_1.4.0.202007081208/tools/bin/../lib/gcc/arm-none-eabi/7.3.1/thumb/v7e-m/fpv4-sp/hard/crtn.o
 *(.fini)
 .fini          0x000000000800c48c        0x4 /opt/st/stm32cubeide_1.4.0/plugins/com.st.stm32cube.ide.mcu.externaltools.gnu-tools-for-stm32.7-2018-q2-update.linux64_1.4.0.202007081208/tools/bin/../lib/gcc/arm-none-eabi/7.3.1/thumb/v7e-m/fpv4-sp/hard/crti.o
                0x000000000800c48c                _fini
 .fini          0x000000000800c490        0x8 /opt/st/stm32cubeide_1.4.0/plugins/com.st.stm32cube.ide.mcu.externaltools.gnu-tools-for-stm32.7-2018-q2-update.linux64_1.4.0.202007081208/tools/bin/../lib/gcc/arm-none-eabi/7.3.1/thumb/v7e-m/fpv4-sp/hard/crtn.o
                0x000000000800c498                . = ALIGN (0x4)
                0x000000000800c498                _etext = .

.vfp11_veneer   0x000000000800c498        0x0
 .vfp11_veneer  0x000000000800c498        0x0 linker stubs

.v4_bx          0x000000000800c498        0x0
 .v4_bx         0x000000000800c498        0x0 linker stubs

.iplt           0x000000000800c498        0x0
 .iplt          0x000000000800c498        0x0 /opt/st/stm32cubeide_1.4.0/plugins/com.st.stm32cube.ide.mcu.externaltools.gnu-tools-for-stm32.7-2018-q2-update.linux64_1.4.0.202007081208/tools/bin/../lib/gcc/arm-none-eabi/7.3.1/thumb/v7e-m/fpv4-sp/hard/crtbegin.o

.rodata         0x000000000800c498    0x33f18
                0x000000000800c498                . = ALIGN (0x4)
 *(.rodata)
 .rodata        0x000000000800c498      0x1c9 Core/Src/SSpedalBPMFX.o
 *fill*         0x000000000800c661        0x3 
 .rodata        0x000000000800c664        0xc Core/Src/main.o
 .rodata        0x000000000800c670       0x46 USB_DEVICE/App/usbd_desc.o
 *(.rodata*)
 *fill*         0x000000000800c6b6        0x2 
 .rodata.hex_chord
                0x000000000800c6b8       0x20 Core/Src/SSpedalBPMFX.o
                0x000000000800c6b8                hex_chord
 .rodata.hex_chordInv
                0x000000000800c6d8        0xc Core/Src/SSpedalBPMFX.o
                0x000000000800c6d8                hex_chordInv
 .rodata.tabla_seno
                0x000000000800c6e4    0x1142c Core/Src/osc_dac_lfs.o
                0x000000000800c6e4                tabla_seno
 .rodata.tabla_cuadrada
                0x000000000801db10    0x1142c Core/Src/osc_dac_lfs.o
                0x000000000801db10                tabla_cuadrada
 .rodata.tabla_sierra
                0x000000000802ef3c    0x1142c Core/Src/osc_dac_lfs.o
                0x000000000802ef3c                tabla_sierra
 .rodata.nota_incrFase
                0x0000000008040368       0x30 Core/Src/osc_dac_lfs.o
                0x0000000008040368                nota_incrFase
 .rodata.AHBPrescTable
                0x0000000008040398       0x10 Core/Src/system_stm32f4xx.o
                0x0000000008040398                AHBPrescTable
 .rodata.APBPrescTable
                0x00000000080403a8        0x8 Core/Src/system_stm32f4xx.o
                0x00000000080403a8                APBPrescTable
                0x00000000080403b0                . = ALIGN (0x4)

.ARM.extab      0x00000000080403b0        0x0
                0x00000000080403b0                . = ALIGN (0x4)
 *(.ARM.extab* .gnu.linkonce.armextab.*)
                0x00000000080403b0                . = ALIGN (0x4)

.ARM            0x00000000080403b0        0x8
                0x00000000080403b0                . = ALIGN (0x4)
                0x00000000080403b0                __exidx_start = .
 *(.ARM.exidx*)
 .ARM.exidx     0x00000000080403b0        0x8 /opt/st/stm32cubeide_1.4.0/plugins/com.st.stm32cube.ide.mcu.externaltools.gnu-tools-for-stm32.7-2018-q2-update.linux64_1.4.0.202007081208/tools/bin/../lib/gcc/arm-none-eabi/7.3.1/thumb/v7e-m/fpv4-sp/hard/libgcc.a(_udivmoddi4.o)
                0x00000000080403b8                __exidx_end = .
                0x00000000080403b8                . = ALIGN (0x4)

.rel.dyn        0x00000000080403b8        0x0
 .rel.iplt      0x00000000080403b8        0x0 /opt/st/stm32cubeide_1.4.0/plugins/com.st.stm32cube.ide.mcu.externaltools.gnu-tools-for-stm32.7-2018-q2-update.linux64_1.4.0.202007081208/tools/bin/../lib/gcc/arm-none-eabi/7.3.1/thumb/v7e-m/fpv4-sp/hard/crtbegin.o

.preinit_array  0x00000000080403b8        0x0
                0x00000000080403b8                . = ALIGN (0x4)
                0x00000000080403b8                PROVIDE (__preinit_array_start = .)
 *(.preinit_array*)
                0x00000000080403b8                PROVIDE (__preinit_array_end = .)
                0x00000000080403b8                . = ALIGN (0x4)

.init_array     0x00000000080403b8        0x4
                0x00000000080403b8                . = ALIGN (0x4)
                0x00000000080403b8                PROVIDE (__init_array_start = .)
 *(SORT_BY_NAME(.init_array.*))
 *(.init_array*)
 .init_array    0x00000000080403b8        0x4 /opt/st/stm32cubeide_1.4.0/plugins/com.st.stm32cube.ide.mcu.externaltools.gnu-tools-for-stm32.7-2018-q2-update.linux64_1.4.0.202007081208/tools/bin/../lib/gcc/arm-none-eabi/7.3.1/thumb/v7e-m/fpv4-sp/hard/crtbegin.o
                0x00000000080403bc                PROVIDE (__init_array_end = .)
                0x00000000080403bc                . = ALIGN (0x4)

.fini_array     0x00000000080403bc        0x4
                0x00000000080403bc                . = ALIGN (0x4)
                [!provide]                        PROVIDE (__fini_array_start = .)
 *(SORT_BY_NAME(.fini_array.*))
 *(.fini_array*)
 .fini_array    0x00000000080403bc        0x4 /opt/st/stm32cubeide_1.4.0/plugins/com.st.stm32cube.ide.mcu.externaltools.gnu-tools-for-stm32.7-2018-q2-update.linux64_1.4.0.202007081208/tools/bin/../lib/gcc/arm-none-eabi/7.3.1/thumb/v7e-m/fpv4-sp/hard/crtbegin.o
                [!provide]                        PROVIDE (__fini_array_end = .)
                0x00000000080403c0                . = ALIGN (0x4)
                0x00000000080403c0                _sidata = LOADADDR (.data)

.data           0x0000000020000000      0x1a0 load address 0x00000000080403c0
                0x0000000020000000                . = ALIGN (0x4)
                0x0000000020000000                _sdata = .
 *(.data)
 *(.data*)
 .data.str_tunne
                0x0000000020000000       0x30 Core/Src/SSpedalBPMFX.o
                0x0000000020000000                str_tunne
 .data.str_chord
                0x0000000020000030       0x20 Core/Src/SSpedalBPMFX.o
                0x0000000020000030                str_chord
 .data.str_chordInv
                0x0000000020000050        0xc Core/Src/SSpedalBPMFX.o
                0x0000000020000050                str_chordInv
 .data.str_octava
                0x000000002000005c        0xc Core/Src/SSpedalBPMFX.o
                0x000000002000005c                str_octava
 .data.flag_sendLcd
                0x0000000020000068        0x1 Core/Src/lcd_i2c_IT_lfs.o
                0x0000000020000068                flag_sendLcd
 .data.I2CtxComplete
                0x0000000020000069        0x1 Core/Src/lcd_i2c_IT_lfs.o
                0x0000000020000069                I2CtxComplete
 .data.sustainFlag
                0x000000002000006a        0x1 Core/Src/main.o
                0x000000002000006a                sustainFlag
 *fill*         0x000000002000006b        0x1 
 .data.read_button
                0x000000002000006c        0x4 Core/Src/main.o
                0x000000002000006c                read_button
 .data.last_button
                0x0000000020000070        0x4 Core/Src/main.o
                0x0000000020000070                last_button
 .data.refresh_buttons
                0x0000000020000074        0x1 Core/Src/main.o
                0x0000000020000074                refresh_buttons
 *fill*         0x0000000020000075        0x3 
 .data.teclas   0x0000000020000078        0xd Core/Src/main.o
                0x0000000020000078                teclas
 .data.menu     0x0000000020000085        0x1 Core/Src/main.o
                0x0000000020000085                menu
 .data.last_screenNum
                0x0000000020000086        0x1 Core/Src/main.o
                0x0000000020000086                last_screenNum
 .data.lcd_refresh_time
                0x0000000020000087        0x1 Core/Src/main.o
                0x0000000020000087                lcd_refresh_time
 .data.nota_activa
                0x0000000020000088        0x1 Core/Src/osc_dac_lfs.o
                0x0000000020000088                nota_activa
 .data.ratio_sen
                0x0000000020000089        0x1 Core/Src/osc_dac_lfs.o
                0x0000000020000089                ratio_sen
 .data.ratio_cuad
                0x000000002000008a        0x1 Core/Src/osc_dac_lfs.o
                0x000000002000008a                ratio_cuad
 .data.ratio_ramp
                0x000000002000008b        0x1 Core/Src/osc_dac_lfs.o
                0x000000002000008b                ratio_ramp
 .data.SystemCoreClock
                0x000000002000008c        0x4 Core/Src/system_stm32f4xx.o
                0x000000002000008c                SystemCoreClock
 .data.uwTickPrio
                0x0000000020000090        0x4 Drivers/STM32F4xx_HAL_Driver/Src/stm32f4xx_hal.o
                0x0000000020000090                uwTickPrio
 .data.uwTickFreq
                0x0000000020000094        0x1 Drivers/STM32F4xx_HAL_Driver/Src/stm32f4xx_hal.o
                0x0000000020000094                uwTickFreq
 *fill*         0x0000000020000095        0x3 
 .data.USBD_MIDI
                0x0000000020000098       0x38 Middlewares/ST/STM32_USB_Device_Library/Class/MIDI/Src/usbd_midi.o
                0x0000000020000098                USBD_MIDI
 .data.USBD_MIDI_CfgDesc
                0x00000000200000d0       0x65 Middlewares/ST/STM32_USB_Device_Library/Class/MIDI/Src/usbd_midi.o
                0x00000000200000d0                USBD_MIDI_CfgDesc
 *fill*         0x0000000020000135        0x3 
 .data.FS_Desc  0x0000000020000138       0x1c USB_DEVICE/App/usbd_desc.o
                0x0000000020000138                FS_Desc
 .data.USBD_FS_DeviceDesc
                0x0000000020000154       0x12 USB_DEVICE/App/usbd_desc.o
                0x0000000020000154                USBD_FS_DeviceDesc
 *fill*         0x0000000020000166        0x2 
 .data.USBD_LangIDDesc
                0x0000000020000168        0x4 USB_DEVICE/App/usbd_desc.o
                0x0000000020000168                USBD_LangIDDesc
 .data.USBD_StringSerial
                0x000000002000016c       0x1a USB_DEVICE/App/usbd_desc.o
                0x000000002000016c                USBD_StringSerial
 *fill*         0x0000000020000186        0x2 
 .data.SysexID  0x0000000020000188        0xf USB_DEVICE/App/usbd_midi_if.o
                0x0000000020000188                SysexID
 *fill*         0x0000000020000197        0x1 
 .data.USBD_Interface_fops_FS
                0x0000000020000198        0x8 USB_DEVICE/App/usbd_midi_if.o
                0x0000000020000198                USBD_Interface_fops_FS
                0x00000000200001a0                . = ALIGN (0x4)
                0x00000000200001a0                _edata = .

.igot.plt       0x00000000200001a0        0x0 load address 0x0000000008040560
 .igot.plt      0x00000000200001a0        0x0 /opt/st/stm32cubeide_1.4.0/plugins/com.st.stm32cube.ide.mcu.externaltools.gnu-tools-for-stm32.7-2018-q2-update.linux64_1.4.0.202007081208/tools/bin/../lib/gcc/arm-none-eabi/7.3.1/thumb/v7e-m/fpv4-sp/hard/crtbegin.o
                0x00000000200001a0                . = ALIGN (0x4)

.bss            0x00000000200001a0      0xfe0 load address 0x0000000008040560
                0x00000000200001a0                _sbss = .
                0x00000000200001a0                __bss_start__ = _sbss
 *(.bss)
 .bss           0x00000000200001a0       0x1c /opt/st/stm32cubeide_1.4.0/plugins/com.st.stm32cube.ide.mcu.externaltools.gnu-tools-for-stm32.7-2018-q2-update.linux64_1.4.0.202007081208/tools/bin/../lib/gcc/arm-none-eabi/7.3.1/thumb/v7e-m/fpv4-sp/hard/crtbegin.o
 *(.bss*)
 .bss.octava    0x00000000200001bc        0x4 Core/Src/SSpedalBPMFX.o
                0x00000000200001bc                octava
 .bss.chordSet  0x00000000200001c0       0x34 Core/Src/SSpedalBPMFX.o
                0x00000000200001c0                chordSet
 .bss.lcd_circ_buff_in
                0x00000000200001f4        0x2 Core/Src/lcd_i2c_IT_lfs.o
                0x00000000200001f4                lcd_circ_buff_in
 .bss.lcd_circ_buff_out
                0x00000000200001f6        0x2 Core/Src/lcd_i2c_IT_lfs.o
                0x00000000200001f6                lcd_circ_buff_out
 .bss.lcd_tx_length
                0x00000000200001f8        0x2 Core/Src/lcd_i2c_IT_lfs.o
                0x00000000200001f8                lcd_tx_length
 *fill*         0x00000000200001fa        0x2 
 .bss.lastSendNote
                0x00000000200001fc       0x34 Core/Src/main.o
                0x00000000200001fc                lastSendNote
 .bss.lastSustainNote
                0x0000000020000230        0x4 Core/Src/main.o
                0x0000000020000230                lastSustainNote
 .bss.sustainMode
                0x0000000020000234        0x1 Core/Src/main.o
                0x0000000020000234                sustainMode
 *fill*         0x0000000020000235        0x3 
 .bss.buttonFall
                0x0000000020000238        0x4 Core/Src/main.o
                0x0000000020000238                buttonFall
 .bss.buttonRise
                0x000000002000023c        0x4 Core/Src/main.o
                0x000000002000023c                buttonRise
 .bss.acorde    0x0000000020000240        0x1 Core/Src/main.o
                0x0000000020000240                acorde
 .bss.screenNum
                0x0000000020000241        0x1 Core/Src/main.o
                0x0000000020000241                screenNum
 *fill*         0x0000000020000242        0x2 
 .bss.popup_time
                0x0000000020000244        0x4 Core/Src/main.o
                0x0000000020000244                popup_time
 .bss.popup_timeUp
                0x0000000020000248        0x1 Core/Src/main.o
                0x0000000020000248                popup_timeUp
 .bss.footKey   0x0000000020000249        0x1 Core/Src/main.o
                0x0000000020000249                footKey
 .bss.flag_tick
                0x000000002000024a        0x1 Core/Src/main.o
                0x000000002000024a                flag_tick
 .bss.flag_dac  0x000000002000024b        0x1 Core/Src/main.o
                0x000000002000024b                flag_dac
 .bss.phase     0x000000002000024c        0x2 Core/Src/osc_dac_lfs.o
                0x000000002000024c                phase
 .bss.dac_out   0x000000002000024e        0x2 Core/Src/osc_dac_lfs.o
                0x000000002000024e                dac_out
 .bss.pInstance
                0x0000000020000250        0x4 Middlewares/ST/STM32_USB_Device_Library/Class/MIDI/Src/usbd_midi.o
                0x0000000020000250                pInstance
 .bss.APP_Rx_ptr_in
                0x0000000020000254        0x4 Middlewares/ST/STM32_USB_Device_Library/Class/MIDI/Src/usbd_midi.o
                0x0000000020000254                APP_Rx_ptr_in
 .bss.APP_Rx_ptr_out
                0x0000000020000258        0x4 Middlewares/ST/STM32_USB_Device_Library/Class/MIDI/Src/usbd_midi.o
                0x0000000020000258                APP_Rx_ptr_out
 .bss.APP_Rx_length
                0x000000002000025c        0x4 Middlewares/ST/STM32_USB_Device_Library/Class/MIDI/Src/usbd_midi.o
                0x000000002000025c                APP_Rx_length
 .bss.USB_Tx_State
                0x0000000020000260        0x1 Middlewares/ST/STM32_USB_Device_Library/Class/MIDI/Src/usbd_midi.o
                0x0000000020000260                USB_Tx_State
 .bss.cfgidx.10965
                0x0000000020000261        0x1 Middlewares/ST/STM32_USB_Device_Library/Core/Src/usbd_ctlreq.o
 .bss.flag_sendMidi
                0x0000000020000262        0x1 USB_DEVICE/App/usbd_midi_if.o
                0x0000000020000262                flag_sendMidi
 *(COMMON)
 *fill*         0x0000000020000263        0x1 
 COMMON         0x0000000020000264       0x14 Core/Src/74HC165_SPI_lfs.o
                0x0000000020000264                spi_handler
                0x0000000020000268                pinPL
                0x000000002000026c                portPL
                0x0000000020000270                pinCE
                0x0000000020000274                portCE
 COMMON         0x0000000020000278        0x8 Core/Src/74_HC595_SPI_lfs.o
                0x0000000020000278                pinST
                0x000000002000027c                portST
 COMMON         0x0000000020000280       0x11 Core/Src/SSpedalBPMFX.o
                0x0000000020000280                chordSelect_cursor
                0x0000000020000284                firstDoTunning
                0x0000000020000288                chord
                0x000000002000028c                chordInv
                0x0000000020000290                sust_id
 *fill*         0x0000000020000291        0x3 
 COMMON         0x0000000020000294       0x48 Core/Src/adc.o
                0x0000000020000294                hadc1
 COMMON         0x00000000200002dc       0x14 Core/Src/dac.o
                0x00000000200002dc                hdac
 COMMON         0x00000000200002f0       0x54 Core/Src/i2c.o
                0x00000000200002f0                hi2c1
 COMMON         0x0000000020000344      0x2b0 Core/Src/lcd_i2c_IT_lfs.o
                0x0000000020000344                lcd_circ_buffer
                0x00000000200005ec                SLAVE_ADDRESS_LCD
                0x00000000200005f0                i2c_handler
 COMMON         0x00000000200005f4        0xe Core/Src/main.o
                0x00000000200005f4                lastKey_pos
                0x00000000200005f6                leds_buffer
                0x00000000200005f8                leds_presets
                0x00000000200005fa                leds_octava
                0x00000000200005fc                midi_msg
                0x0000000020000600                leds_resto
 *fill*         0x0000000020000602        0x2 
 COMMON         0x0000000020000604        0x8 Core/Src/osc_dac_lfs.o
                0x0000000020000604                dac_ch
                0x0000000020000608                handler_dac
 COMMON         0x000000002000060c       0x58 Core/Src/spi.o
                0x000000002000060c                hspi1
 COMMON         0x0000000020000664       0x80 Core/Src/tim.o
                0x0000000020000664                htim3
                0x00000000200006a4                htim2
 COMMON         0x00000000200006e4       0x80 Core/Src/usart.o
                0x00000000200006e4                huart3
                0x0000000020000724                huart6
 COMMON         0x0000000020000764        0x4 Drivers/STM32F4xx_HAL_Driver/Src/stm32f4xx_hal.o
                0x0000000020000764                uwTick
 COMMON         0x0000000020000768      0x140 Middlewares/ST/STM32_USB_Device_Library/Class/MIDI/Src/usbd_midi.o
                0x0000000020000768                USB_Rx_Buffer
                0x00000000200007a8                APP_Rx_Buffer
 COMMON         0x00000000200008a8      0x2d0 USB_DEVICE/App/usb_device.o
                0x00000000200008a8                hUsbDeviceFS
 COMMON         0x0000000020000b78      0x200 USB_DEVICE/App/usbd_desc.o
                0x0000000020000b78                USBD_StrDesc
 COMMON         0x0000000020000d78      0x408 USB_DEVICE/Target/usbd_conf.o
                0x0000000020000d78                hpcd_USB_OTG_FS
                0x0000000020001180                . = ALIGN (0x4)
                0x0000000020001180                _ebss = .
                0x0000000020001180                __bss_end__ = _ebss

._user_heap_stack
                0x0000000020001180      0xa00 load address 0x0000000008040560
                0x0000000020001180                . = ALIGN (0x8)
                [!provide]                        PROVIDE (end = .)
                0x0000000020001180                PROVIDE (_end = .)
                0x0000000020001780                . = (. + _Min_Heap_Size)
 *fill*         0x0000000020001180      0x600 
                0x0000000020001b80                . = (. + _Min_Stack_Size)
 *fill*         0x0000000020001780      0x400 
                0x0000000020001b80                . = ALIGN (0x8)

/DISCARD/
 libc.a(*)
 libm.a(*)
 libgcc.a(*)

.ARM.attributes
                0x0000000000000000       0x30
 *(.ARM.attributes)
 .ARM.attributes
                0x0000000000000000       0x22 /opt/st/stm32cubeide_1.4.0/plugins/com.st.stm32cube.ide.mcu.externaltools.gnu-tools-for-stm32.7-2018-q2-update.linux64_1.4.0.202007081208/tools/bin/../lib/gcc/arm-none-eabi/7.3.1/thumb/v7e-m/fpv4-sp/hard/crti.o
 .ARM.attributes
                0x0000000000000022       0x34 /opt/st/stm32cubeide_1.4.0/plugins/com.st.stm32cube.ide.mcu.externaltools.gnu-tools-for-stm32.7-2018-q2-update.linux64_1.4.0.202007081208/tools/bin/../lib/gcc/arm-none-eabi/7.3.1/thumb/v7e-m/fpv4-sp/hard/crtbegin.o
 .ARM.attributes
                0x0000000000000056       0x39 Core/Src/74HC165_SPI_lfs.o
 .ARM.attributes
                0x000000000000008f       0x39 Core/Src/74_HC595_SPI_lfs.o
 .ARM.attributes
                0x00000000000000c8       0x39 Core/Src/SSpedalBPMFX.o
 .ARM.attributes
                0x0000000000000101       0x39 Core/Src/adc.o
 .ARM.attributes
                0x000000000000013a       0x39 Core/Src/dac.o
 .ARM.attributes
                0x0000000000000173       0x39 Core/Src/gpio.o
 .ARM.attributes
                0x00000000000001ac       0x39 Core/Src/i2c.o
 .ARM.attributes
                0x00000000000001e5       0x39 Core/Src/lcd_i2c_IT_lfs.o
 .ARM.attributes
                0x000000000000021e       0x39 Core/Src/main.o
 .ARM.attributes
                0x0000000000000257       0x39 Core/Src/osc_dac_lfs.o
 .ARM.attributes
                0x0000000000000290       0x39 Core/Src/spi.o
 .ARM.attributes
                0x00000000000002c9       0x39 Core/Src/stm32f4xx_hal_msp.o
 .ARM.attributes
                0x0000000000000302       0x39 Core/Src/stm32f4xx_it.o
 .ARM.attributes
                0x000000000000033b       0x39 Core/Src/system_stm32f4xx.o
 .ARM.attributes
                0x0000000000000374       0x39 Core/Src/tim.o
 .ARM.attributes
                0x00000000000003ad       0x39 Core/Src/usart.o
 .ARM.attributes
                0x00000000000003e6       0x21 Core/Startup/startup_stm32f407vgtx.o
 .ARM.attributes
                0x0000000000000407       0x39 Drivers/STM32F4xx_HAL_Driver/Src/stm32f4xx_hal.o
 .ARM.attributes
                0x0000000000000440       0x39 Drivers/STM32F4xx_HAL_Driver/Src/stm32f4xx_hal_adc.o
 .ARM.attributes
                0x0000000000000479       0x39 Drivers/STM32F4xx_HAL_Driver/Src/stm32f4xx_hal_cortex.o
 .ARM.attributes
                0x00000000000004b2       0x39 Drivers/STM32F4xx_HAL_Driver/Src/stm32f4xx_hal_dac.o
 .ARM.attributes
                0x00000000000004eb       0x39 Drivers/STM32F4xx_HAL_Driver/Src/stm32f4xx_hal_dma.o
 .ARM.attributes
                0x0000000000000524       0x39 Drivers/STM32F4xx_HAL_Driver/Src/stm32f4xx_hal_gpio.o
 .ARM.attributes
                0x000000000000055d       0x39 Drivers/STM32F4xx_HAL_Driver/Src/stm32f4xx_hal_i2c.o
 .ARM.attributes
                0x0000000000000596       0x39 Drivers/STM32F4xx_HAL_Driver/Src/stm32f4xx_hal_pcd.o
 .ARM.attributes
                0x00000000000005cf       0x39 Drivers/STM32F4xx_HAL_Driver/Src/stm32f4xx_hal_pcd_ex.o
 .ARM.attributes
                0x0000000000000608       0x39 Drivers/STM32F4xx_HAL_Driver/Src/stm32f4xx_hal_rcc.o
 .ARM.attributes
                0x0000000000000641       0x39 Drivers/STM32F4xx_HAL_Driver/Src/stm32f4xx_hal_spi.o
 .ARM.attributes
                0x000000000000067a       0x39 Drivers/STM32F4xx_HAL_Driver/Src/stm32f4xx_hal_tim.o
 .ARM.attributes
                0x00000000000006b3       0x39 Drivers/STM32F4xx_HAL_Driver/Src/stm32f4xx_hal_tim_ex.o
 .ARM.attributes
                0x00000000000006ec       0x39 Drivers/STM32F4xx_HAL_Driver/Src/stm32f4xx_hal_uart.o
 .ARM.attributes
                0x0000000000000725       0x39 Drivers/STM32F4xx_HAL_Driver/Src/stm32f4xx_ll_usb.o
 .ARM.attributes
                0x000000000000075e       0x39 Middlewares/ST/STM32_USB_Device_Library/Class/MIDI/Src/usbd_midi.o
 .ARM.attributes
                0x0000000000000797       0x39 Middlewares/ST/STM32_USB_Device_Library/Core/Src/usbd_core.o
 .ARM.attributes
                0x00000000000007d0       0x39 Middlewares/ST/STM32_USB_Device_Library/Core/Src/usbd_ctlreq.o
 .ARM.attributes
                0x0000000000000809       0x39 Middlewares/ST/STM32_USB_Device_Library/Core/Src/usbd_ioreq.o
 .ARM.attributes
                0x0000000000000842       0x39 USB_DEVICE/App/usb_device.o
 .ARM.attributes
                0x000000000000087b       0x39 USB_DEVICE/App/usbd_desc.o
 .ARM.attributes
                0x00000000000008b4       0x39 USB_DEVICE/App/usbd_midi_if.o
 .ARM.attributes
                0x00000000000008ed       0x39 USB_DEVICE/Target/usbd_conf.o
 .ARM.attributes
                0x0000000000000926       0x34 /opt/st/stm32cubeide_1.4.0/plugins/com.st.stm32cube.ide.mcu.externaltools.gnu-tools-for-stm32.7-2018-q2-update.linux64_1.4.0.202007081208/tools/bin/../lib/gcc/arm-none-eabi/7.3.1/../../../../arm-none-eabi/lib/thumb/v7e-m/fpv4-sp/hard/libc_nano.a(lib_a-init.o)
 .ARM.attributes
                0x000000000000095a       0x34 /opt/st/stm32cubeide_1.4.0/plugins/com.st.stm32cube.ide.mcu.externaltools.gnu-tools-for-stm32.7-2018-q2-update.linux64_1.4.0.202007081208/tools/bin/../lib/gcc/arm-none-eabi/7.3.1/../../../../arm-none-eabi/lib/thumb/v7e-m/fpv4-sp/hard/libc_nano.a(lib_a-memset.o)
 .ARM.attributes
                0x000000000000098e       0x22 /opt/st/stm32cubeide_1.4.0/plugins/com.st.stm32cube.ide.mcu.externaltools.gnu-tools-for-stm32.7-2018-q2-update.linux64_1.4.0.202007081208/tools/bin/../lib/gcc/arm-none-eabi/7.3.1/thumb/v7e-m/fpv4-sp/hard/libgcc.a(_aeabi_uldivmod.o)
 .ARM.attributes
                0x00000000000009b0       0x34 /opt/st/stm32cubeide_1.4.0/plugins/com.st.stm32cube.ide.mcu.externaltools.gnu-tools-for-stm32.7-2018-q2-update.linux64_1.4.0.202007081208/tools/bin/../lib/gcc/arm-none-eabi/7.3.1/thumb/v7e-m/fpv4-sp/hard/libgcc.a(_udivmoddi4.o)
 .ARM.attributes