Archive member included to satisfy reference by file (symbol)

/opt/st/stm32cubeide_1.4.0/plugins/com.st.stm32cube.ide.mcu.externaltools.gnu-tools-for-stm32.7-2018-q2-update.linux64_1.4.0.202007081208/tools/bin/../lib/gcc/arm-none-eabi/7.3.1/../../../../arm-none-eabi/lib/thumb/v7e-m/fpv4-sp/hard/libc_nano.a(lib_a-errno.o)
                              Core/Src/syscalls.o (__errno)
/opt/st/stm32cubeide_1.4.0/plugins/com.st.stm32cube.ide.mcu.externaltools.gnu-tools-for-stm32.7-2018-q2-update.linux64_1.4.0.202007081208/tools/bin/../lib/gcc/arm-none-eabi/7.3.1/../../../../arm-none-eabi/lib/thumb/v7e-m/fpv4-sp/hard/libc_nano.a(lib_a-exit.o)
                              /opt/st/stm32cubeide_1.4.0/plugins/com.st.stm32cube.ide.mcu.externaltools.gnu-tools-for-stm32.7-2018-q2-update.linux64_1.4.0.202007081208/tools/bin/../lib/gcc/arm-none-eabi/7.3.1/../../../../arm-none-eabi/lib/thumb/v7e-m/fpv4-sp/hard/crt0.o (exit)
/opt/st/stm32cubeide_1.4.0/plugins/com.st.stm32cube.ide.mcu.externaltools.gnu-tools-for-stm32.7-2018-q2-update.linux64_1.4.0.202007081208/tools/bin/../lib/gcc/arm-none-eabi/7.3.1/../../../../arm-none-eabi/lib/thumb/v7e-m/fpv4-sp/hard/libc_nano.a(lib_a-impure.o)
                              /opt/st/stm32cubeide_1.4.0/plugins/com.st.stm32cube.ide.mcu.externaltools.gnu-tools-for-stm32.7-2018-q2-update.linux64_1.4.0.202007081208/tools/bin/../lib/gcc/arm-none-eabi/7.3.1/../../../../arm-none-eabi/lib/thumb/v7e-m/fpv4-sp/hard/libc_nano.a(lib_a-exit.o) (_global_impure_ptr)
/opt/st/stm32cubeide_1.4.0/plugins/com.st.stm32cube.ide.mcu.externaltools.gnu-tools-for-stm32.7-2018-q2-update.linux64_1.4.0.202007081208/tools/bin/../lib/gcc/arm-none-eabi/7.3.1/../../../../arm-none-eabi/lib/thumb/v7e-m/fpv4-sp/hard/libc_nano.a(lib_a-init.o)
                              /opt/st/stm32cubeide_1.4.0/plugins/com.st.stm32cube.ide.mcu.externaltools.gnu-tools-for-stm32.7-2018-q2-update.linux64_1.4.0.202007081208/tools/bin/../lib/gcc/arm-none-eabi/7.3.1/../../../../arm-none-eabi/lib/thumb/v7e-m/fpv4-sp/hard/crt0.o (__libc_init_array)
/opt/st/stm32cubeide_1.4.0/plugins/com.st.stm32cube.ide.mcu.externaltools.gnu-tools-for-stm32.7-2018-q2-update.linux64_1.4.0.202007081208/tools/bin/../lib/gcc/arm-none-eabi/7.3.1/../../../../arm-none-eabi/lib/thumb/v7e-m/fpv4-sp/hard/libc_nano.a(lib_a-malloc.o)
                              Middlewares/ST/STM32_USB_Device_Library/Class/AUDIO/Src/usbd_audio.o (malloc)
/opt/st/stm32cubeide_1.4.0/plugins/com.st.stm32cube.ide.mcu.externaltools.gnu-tools-for-stm32.7-2018-q2-update.linux64_1.4.0.202007081208/tools/bin/../lib/gcc/arm-none-eabi/7.3.1/../../../../arm-none-eabi/lib/thumb/v7e-m/fpv4-sp/hard/libc_nano.a(lib_a-memset.o)
                              /opt/st/stm32cubeide_1.4.0/plugins/com.st.stm32cube.ide.mcu.externaltools.gnu-tools-for-stm32.7-2018-q2-update.linux64_1.4.0.202007081208/tools/bin/../lib/gcc/arm-none-eabi/7.3.1/../../../../arm-none-eabi/lib/thumb/v7e-m/fpv4-sp/hard/crt0.o (memset)
/opt/st/stm32cubeide_1.4.0/plugins/com.st.stm32cube.ide.mcu.externaltools.gnu-tools-for-stm32.7-2018-q2-update.linux64_1.4.0.202007081208/tools/bin/../lib/gcc/arm-none-eabi/7.3.1/../../../../arm-none-eabi/lib/thumb/v7e-m/fpv4-sp/hard/libc_nano.a(lib_a-nano-freer.o)
                              /opt/st/stm32cubeide_1.4.0/plugins/com.st.stm32cube.ide.mcu.externaltools.gnu-tools-for-stm32.7-2018-q2-update.linux64_1.4.0.202007081208/tools/bin/../lib/gcc/arm-none-eabi/7.3.1/../../../../arm-none-eabi/lib/thumb/v7e-m/fpv4-sp/hard/libc_nano.a(lib_a-malloc.o) (_free_r)
/opt/st/stm32cubeide_1.4.0/plugins/com.st.stm32cube.ide.mcu.externaltools.gnu-tools-for-stm32.7-2018-q2-update.linux64_1.4.0.202007081208/tools/bin/../lib/gcc/arm-none-eabi/7.3.1/../../../../arm-none-eabi/lib/thumb/v7e-m/fpv4-sp/hard/libc_nano.a(lib_a-nano-mallocr.o)
                              /opt/st/stm32cubeide_1.4.0/plugins/com.st.stm32cube.ide.mcu.externaltools.gnu-tools-for-stm32.7-2018-q2-update.linux64_1.4.0.202007081208/tools/bin/../lib/gcc/arm-none-eabi/7.3.1/../../../../arm-none-eabi/lib/thumb/v7e-m/fpv4-sp/hard/libc_nano.a(lib_a-malloc.o) (_malloc_r)
/opt/st/stm32cubeide_1.4.0/plugins/com.st.stm32cube.ide.mcu.externaltools.gnu-tools-for-stm32.7-2018-q2-update.linux64_1.4.0.202007081208/tools/bin/../lib/gcc/arm-none-eabi/7.3.1/../../../../arm-none-eabi/lib/thumb/v7e-m/fpv4-sp/hard/libc_nano.a(lib_a-sbrkr.o)
                              /opt/st/stm32cubeide_1.4.0/plugins/com.st.stm32cube.ide.mcu.externaltools.gnu-tools-for-stm32.7-2018-q2-update.linux64_1.4.0.202007081208/tools/bin/../lib/gcc/arm-none-eabi/7.3.1/../../../../arm-none-eabi/lib/thumb/v7e-m/fpv4-sp/hard/libc_nano.a(lib_a-nano-mallocr.o) (_sbrk_r)
/opt/st/stm32cubeide_1.4.0/plugins/com.st.stm32cube.ide.mcu.externaltools.gnu-tools-for-stm32.7-2018-q2-update.linux64_1.4.0.202007081208/tools/bin/../lib/gcc/arm-none-eabi/7.3.1/../../../../arm-none-eabi/lib/thumb/v7e-m/fpv4-sp/hard/libc_nano.a(lib_a-strlen.o)
                              Core/Src/fonts.o (strlen)
[...]
Memory Configuration

Name             Origin             Length             Attributes
CCMRAM           0x0000000010000000 0x0000000000010000 xrw
RAM              0x0000000020000000 0x0000000000030000 xrw
FLASH            0x0000000008000000 0x0000000000100000 xr
*default*        0x0000000000000000 0xffffffffffffffff

Linker script and memory map

LOAD /opt/st/stm32cubeide_1.4.0/plugins/com.st.stm32cube.ide.mcu.externaltools.gnu-tools-for-stm32.7-2018-q2-update.linux64_1.4.0.202007081208/tools/bin/../lib/gcc/arm-none-eabi/7.3.1/thumb/v7e-m/fpv4-sp/hard/crti.o
LOAD /opt/st/stm32cubeide_1.4.0/plugins/com.st.stm32cube.ide.mcu.externaltools.gnu-tools-for-stm32.7-2018-q2-update.linux64_1.4.0.202007081208/tools/bin/../lib/gcc/arm-none-eabi/7.3.1/thumb/v7e-m/fpv4-sp/hard/crtbegin.o
LOAD /opt/st/stm32cubeide_1.4.0/plugins/com.st.stm32cube.ide.mcu.externaltools.gnu-tools-for-stm32.7-2018-q2-update.linux64_1.4.0.202007081208/tools/bin/../lib/gcc/arm-none-eabi/7.3.1/../../../../arm-none-eabi/lib/thumb/v7e-m/fpv4-sp/hard/crt0.o
LOAD Core/Src/SSpedalBPMFX.o
LOAD Core/Src/dac.o
LOAD Core/Src/drawing_SSD1306.o
LOAD Core/Src/fonts.o
LOAD Core/Src/gpio.o
LOAD Core/Src/i2c.o
LOAD Core/Src/main.o
LOAD Core/Src/ssd1306.o
LOAD Core/Src/stm32f4xx_hal_msp.o
LOAD Core/Src/stm32f4xx_it.o
LOAD Core/Src/syscalls.o
LOAD Core/Src/sysmem.o
LOAD Core/Src/system_stm32f4xx.o
LOAD Core/Src/tim.o
LOAD Core/Startup/startup_stm32f429igtx.o
LOAD Drivers/STM32F4xx_HAL_Driver/Src/stm32f4xx_hal.o
LOAD Drivers/STM32F4xx_HAL_Driver/Src/stm32f4xx_hal_cortex.o
LOAD Drivers/STM32F4xx_HAL_Driver/Src/stm32f4xx_hal_dac.o
LOAD Drivers/STM32F4xx_HAL_Driver/Src/stm32f4xx_hal_dac_ex.o
LOAD Drivers/STM32F4xx_HAL_Driver/Src/stm32f4xx_hal_dma.o
LOAD Drivers/STM32F4xx_HAL_Driver/Src/stm32f4xx_hal_dma_ex.o
LOAD Drivers/STM32F4xx_HAL_Driver/Src/stm32f4xx_hal_exti.o
LOAD Drivers/STM32F4xx_HAL_Driver/Src/stm32f4xx_hal_flash.o
LOAD Drivers/STM32F4xx_HAL_Driver/Src/stm32f4xx_hal_flash_ex.o
LOAD Drivers/STM32F4xx_HAL_Driver/Src/stm32f4xx_hal_flash_ramfunc.o
LOAD Drivers/STM32F4xx_HAL_Driver/Src/stm32f4xx_hal_gpio.o
LOAD Drivers/STM32F4xx_HAL_Driver/Src/stm32f4xx_hal_i2c.o
LOAD Drivers/STM32F4xx_HAL_Driver/Src/stm32f4xx_hal_i2c_ex.o
LOAD Drivers/STM32F4xx_HAL_Driver/Src/stm32f4xx_hal_pcd.o
LOAD Drivers/STM32F4xx_HAL_Driver/Src/stm32f4xx_hal_pcd_ex.o
LOAD Drivers/STM32F4xx_HAL_Driver/Src/stm32f4xx_hal_pwr.o
LOAD Drivers/STM32F4xx_HAL_Driver/Src/stm32f4xx_hal_pwr_ex.o
LOAD Drivers/STM32F4xx_HAL_Driver/Src/stm32f4xx_hal_rcc.o
LOAD Drivers/STM32F4xx_HAL_Driver/Src/stm32f4xx_hal_rcc_ex.o
LOAD Drivers/STM32F4xx_HAL_Driver/Src/stm32f4xx_hal_tim.o
LOAD Drivers/STM32F4xx_HAL_Driver/Src/stm32f4xx_hal_tim_ex.o
LOAD Drivers/STM32F4xx_HAL_Driver/Src/stm32f4xx_ll_usb.o
LOAD Middlewares/ST/STM32_USB_Device_Library/Class/AUDIO/Src/usbd_audio.o
LOAD Middlewares/ST/STM32_USB_Device_Library/Class/MIDI/Src/usbd_midi.o
LOAD Middlewares/ST/STM32_USB_Device_Library/Core/Src/usbd_core.o
LOAD Middlewares/ST/STM32_USB_Device_Library/Core/Src/usbd_ctlreq.o
LOAD Middlewares/ST/STM32_USB_Device_Library/Core/Src/usbd_ioreq.o
LOAD USB_DEVICE/App/usb_device.o
LOAD USB_DEVICE/App/usbd_audio_if.o
LOAD USB_DEVICE/App/usbd_desc.o
LOAD USB_DEVICE/App/usbd_midi_if.o
LOAD USB_DEVICE/Target/usbd_conf.o
START GROUP
LOAD /opt/st/stm32cubeide_1.4.0/plugins/com.st.stm32cube.ide.mcu.externaltools.gnu-tools-for-stm32.7-2018-q2-update.linux64_1.4.0.202007081208/tools/bin/../lib/gcc/arm-none-eabi/7.3.1/../../../../arm-none-eabi/lib/thumb/v7e-m/fpv4-sp/hard/libc_nano.a
LOAD /opt/st/stm32cubeide_1.4.0/plugins/com.st.stm32cube.ide.mcu.externaltools.gnu-tools-for-stm32.7-2018-q2-update.linux64_1.4.0.202007081208/tools/bin/../lib/gcc/arm-none-eabi/7.3.1/../../../../arm-none-eabi/lib/thumb/v7e-m/fpv4-sp/hard/libm.a
END GROUP
START GROUP
LOAD /opt/st/stm32cubeide_1.4.0/plugins/com.st.stm32cube.ide.mcu.externaltools.gnu-tools-for-stm32.7-2018-q2-update.linux64_1.4.0.202007081208/tools/bin/../lib/gcc/arm-none-eabi/7.3.1/thumb/v7e-m/fpv4-sp/hard/libgcc.a
LOAD /opt/st/stm32cubeide_1.4.0/plugins/com.st.stm32cube.ide.mcu.externaltools.gnu-tools-for-stm32.7-2018-q2-update.linux64_1.4.0.202007081208/tools/bin/../lib/gcc/arm-none-eabi/7.3.1/../../../../arm-none-eabi/lib/thumb/v7e-m/fpv4-sp/hard/libc_nano.a
END GROUP
START GROUP
LOAD /opt/st/stm32cubeide_1.4.0/plugins/com.st.stm32cube.ide.mcu.externaltools.gnu-tools-for-stm32.7-2018-q2-update.linux64_1.4.0.202007081208/tools/bin/../lib/gcc/arm-none-eabi/7.3.1/thumb/v7e-m/fpv4-sp/hard/libgcc.a
LOAD /opt/st/stm32cubeide_1.4.0/plugins/com.st.stm32cube.ide.mcu.externaltools.gnu-tools-for-stm32.7-2018-q2-update.linux64_1.4.0.202007081208/tools/bin/../lib/gcc/arm-none-eabi/7.3.1/../../../../arm-none-eabi/lib/thumb/v7e-m/fpv4-sp/hard/libc_nano.a
LOAD /opt/st/stm32cubeide_1.4.0/plugins/com.st.stm32cube.ide.mcu.externaltools.gnu-tools-for-stm32.7-2018-q2-update.linux64_1.4.0.202007081208/tools/bin/../lib/gcc/arm-none-eabi/7.3.1/../../../../arm-none-eabi/lib/thumb/v7e-m/fpv4-sp/hard/libnosys.a
END GROUP
START GROUP
LOAD /opt/st/stm32cubeide_1.4.0/plugins/com.st.stm32cube.ide.mcu.externaltools.gnu-tools-for-stm32.7-2018-q2-update.linux64_1.4.0.202007081208/tools/bin/../lib/gcc/arm-none-eabi/7.3.1/thumb/v7e-m/fpv4-sp/hard/libgcc.a
LOAD /opt/st/stm32cubeide_1.4.0/plugins/com.st.stm32cube.ide.mcu.externaltools.gnu-tools-for-stm32.7-2018-q2-update.linux64_1.4.0.202007081208/tools/bin/../lib/gcc/arm-none-eabi/7.3.1/../../../../arm-none-eabi/lib/thumb/v7e-m/fpv4-sp/hard/libc_nano.a
LOAD /opt/st/stm32cubeide_1.4.0/plugins/com.st.stm32cube.ide.mcu.externaltools.gnu-tools-for-stm32.7-2018-q2-update.linux64_1.4.0.202007081208/tools/bin/../lib/gcc/arm-none-eabi/7.3.1/../../../../arm-none-eabi/lib/thumb/v7e-m/fpv4-sp/hard/libnosys.a
END GROUP
LOAD /opt/st/stm32cubeide_1.4.0/plugins/com.st.stm32cube.ide.mcu.externaltools.gnu-tools-for-stm32.7-2018-q2-update.linux64_1.4.0.202007081208/tools/bin/../lib/gcc/arm-none-eabi/7.3.1/thumb/v7e-m/fpv4-sp/hard/crtend.o
LOAD /opt/st/stm32cubeide_1.4.0/plugins/com.st.stm32cube.ide.mcu.externaltools.gnu-tools-for-stm32.7-2018-q2-update.linux64_1.4.0.202007081208/tools/bin/../lib/gcc/arm-none-eabi/7.3.1/thumb/v7e-m/fpv4-sp/hard/crtn.o
                0x0000000020030000                _estack = (ORIGIN (RAM) + LENGTH (RAM))
                0x0000000000000600                _Min_Heap_Size = 0x600
                0x0000000000000400                _Min_Stack_Size = 0x400

.isr_vector     0x0000000008000000      0x1ac
                0x0000000008000000                . = ALIGN (0x4)
 *(.isr_vector)
 .isr_vector    0x0000000008000000      0x1ac Core/Startup/startup_stm32f429igtx.o
                0x0000000008000000                g_pfnVectors
                0x00000000080001ac                . = ALIGN (0x4)

.text           0x00000000080001ac     0x8b34
                0x00000000080001ac                . = ALIGN (0x4)
 *(.text)
 .text          0x00000000080001ac       0x40 /opt/st/stm32cubeide_1.4.0/plugins/com.st.stm32cube.ide.mcu.externaltools.gnu-tools-for-stm32.7-2018-q2-update.linux64_1.4.0.202007081208/tools/bin/../lib/gcc/arm-none-eabi/7.3.1/thumb/v7e-m/fpv4-sp/hard/crtbegin.o
 .text          0x00000000080001ec       0x30 /opt/st/stm32cubeide_1.4.0/plugins/com.st.stm32cube.ide.mcu.externaltools.gnu-tools-for-stm32.7-2018-q2-update.linux64_1.4.0.202007081208/tools/bin/../lib/gcc/arm-none-eabi/7.3.1/thumb/v7e-m/fpv4-sp/hard/libgcc.a(_aeabi_uldivmod.o)
                0x00000000080001ec                __aeabi_uldivmod
 .text          0x000000000800021c      0x2cc /opt/st/stm32cubeide_1.4.0/plugins/com.st.stm32cube.ide.mcu.externaltools.gnu-tools-for-stm32.7-2018-q2-update.linux64_1.4.0.202007081208/tools/bin/../lib/gcc/arm-none-eabi/7.3.1/thumb/v7e-m/fpv4-sp/hard/libgcc.a(_udivmoddi4.o)
                0x000000000800021c                __udivmoddi4
 .text          0x00000000080004e8        0x4 /opt/st/stm32cubeide_1.4.0/plugins/com.st.stm32cube.ide.mcu.externaltools.gnu-tools-for-stm32.7-2018-q2-update.linux64_1.4.0.202007081208/tools/bin/../lib/gcc/arm-none-eabi/7.3.1/thumb/v7e-m/fpv4-sp/hard/libgcc.a(_dvmd_tls.o)
                0x00000000080004e8                __aeabi_ldiv0
                0x00000000080004e8                __aeabi_idiv0
 *(.text*)
 .text.makeChord
                0x00000000080004ec       0x44 Core/Src/SSpedalBPMFX.o
                0x00000000080004ec                makeChord
 .text.setChord
                0x0000000008000530       0x48 Core/Src/SSpedalBPMFX.o
                0x0000000008000530                setChord
 .text.__turnOnScreen
                0x0000000008000578       0x2c Core/Src/SSpedalBPMFX.o
                0x0000000008000578                __turnOnScreen
 .text.__chordScreen
                0x00000000080005a4       0xbc Core/Src/SSpedalBPMFX.o
                0x00000000080005a4                __chordScreen
 .text.__mainScreen
                0x0000000008000660      0x11c Core/Src/SSpedalBPMFX.o
                0x0000000008000660                __mainScreen
 .text.__tunneScreen
                0x000000000800077c       0x54 Core/Src/SSpedalBPMFX.o
                0x000000000800077c                __tunneScreen
 .text.__on_off_octave
                0x00000000080007d0       0x4c Core/Src/SSpedalBPMFX.o
                0x00000000080007d0                __on_off_octave
 .text.__recuest_footkey
                0x000000000800081c       0x44 Core/Src/SSpedalBPMFX.o
                0x000000000800081c                __recuest_footkey
 .text.__pop_up_savedChord
                0x0000000008000860       0x64 Core/Src/SSpedalBPMFX.o
                0x0000000008000860                __pop_up_savedChord
 .text.__pop_up_sustain
                0x00000000080008c4       0x70 Core/Src/SSpedalBPMFX.o
                0x00000000080008c4                __pop_up_sustain
 .text.__pop_up_cancel
                0x0000000008000934       0x2c Core/Src/SSpedalBPMFX.o
                0x0000000008000934                __pop_up_cancel
 .text.MX_DAC_Init
                0x0000000008000960       0x68 Core/Src/dac.o
                0x0000000008000960                MX_DAC_Init
 .text.HAL_DAC_MspInit
                0x00000000080009c8       0x88 Core/Src/dac.o
                0x00000000080009c8                HAL_DAC_MspInit
 .text.SSD1306_DrawPicture_custom
                0x0000000008000a50       0xc2 Core/Src/drawing_SSD1306.o
                0x0000000008000a50                SSD1306_DrawPicture_custom
 *fill*         0x0000000008000b12        0x2 
 .text.MX_GPIO_Init
                0x0000000008000b14      0x194 Core/Src/gpio.o
                0x0000000008000b14                MX_GPIO_Init
 .text.MX_I2C1_Init
                0x0000000008000ca8       0x80 Core/Src/i2c.o
                0x0000000008000ca8                MX_I2C1_Init
 .text.HAL_I2C_MspInit
                0x0000000008000d28       0x90 Core/Src/i2c.o
                0x0000000008000d28                HAL_I2C_MspInit
 .text.main     0x0000000008000db8      0x19c Core/Src/main.o
                0x0000000008000db8                main
 .text.SystemClock_Config
                0x0000000008000f54       0xd4 Core/Src/main.o
                0x0000000008000f54                SystemClock_Config
 .text.inputCursor
                0x0000000008001028       0xa8 Core/Src/main.o
                0x0000000008001028                inputCursor
 .text.inputSustains
                0x00000000080010d0      0x170 Core/Src/main.o
                0x00000000080010d0                inputSustains
 .text.inputChord
                0x0000000008001240       0x80 Core/Src/main.o
                0x0000000008001240                inputChord
 .text.inputOctave
                0x00000000080012c0       0xc4 Core/Src/main.o
                0x00000000080012c0                inputOctave
 .text.inputTunne
                0x0000000008001384       0x80 Core/Src/main.o
                0x0000000008001384                inputTunne
 .text.inputPresets
                0x0000000008001404       0xa4 Core/Src/main.o
                0x0000000008001404                inputPresets
 .text.inputNotes
                0x00000000080014a8      0x198 Core/Src/main.o
                0x00000000080014a8                inputNotes
 .text.inputSaveChord
                0x0000000008001640       0xfc Core/Src/main.o
                0x0000000008001640                inputSaveChord
 .text.chordSelect
                0x000000000800173c      0x164 Core/Src/main.o
                0x000000000800173c                chordSelect
 .text.tunneSelect
                0x00000000080018a0       0x7c Core/Src/main.o
                0x00000000080018a0                tunneSelect
 .text.sendChord
                0x000000000800191c       0xac Core/Src/main.o
                0x000000000800191c                sendChord
 .text.HAL_TIM_PeriodElapsedCallback
                0x00000000080019c8       0x48 Core/Src/main.o
                0x00000000080019c8                HAL_TIM_PeriodElapsedCallback
 .text.Error_Handler
                0x0000000008001a10        0xe Core/Src/main.o
                0x0000000008001a10                Error_Handler
 *fill*         0x0000000008001a1e        0x2 
 .text.SSD1306_Init
                0x0000000008001a20      0x17c Core/Src/ssd1306.o
                0x0000000008001a20                SSD1306_Init
 .text.SSD1306_UpdateScreen
                0x0000000008001b9c       0x5c Core/Src/ssd1306.o
                0x0000000008001b9c                SSD1306_UpdateScreen
 .text.SSD1306_Fill
                0x0000000008001bf8       0x30 Core/Src/ssd1306.o
                0x0000000008001bf8                SSD1306_Fill
 .text.SSD1306_DrawPixel
                0x0000000008001c28       0xc0 Core/Src/ssd1306.o
                0x0000000008001c28                SSD1306_DrawPixel
 .text.SSD1306_GotoXY
                0x0000000008001ce8       0x2c Core/Src/ssd1306.o
                0x0000000008001ce8                SSD1306_GotoXY
 .text.SSD1306_Putc
                0x0000000008001d14      0x100 Core/Src/ssd1306.o
                0x0000000008001d14                SSD1306_Putc
 .text.SSD1306_Puts
                0x0000000008001e14       0x4a Core/Src/ssd1306.o
                0x0000000008001e14                SSD1306_Puts
 *fill*         0x0000000008001e5e        0x2 
 .text.ssd1306_I2C_Init
                0x0000000008001e60       0x28 Core/Src/ssd1306.o
                0x0000000008001e60                ssd1306_I2C_Init
 .text.ssd1306_I2C_WriteMulti
                0x0000000008001e88       0xb4 Core/Src/ssd1306.o
                0x0000000008001e88                ssd1306_I2C_WriteMulti
 .text.ssd1306_I2C_Write
                0x0000000008001f3c       0x3c Core/Src/ssd1306.o
                0x0000000008001f3c                ssd1306_I2C_Write
 .text.HAL_MspInit
                0x0000000008001f78       0x50 Core/Src/stm32f4xx_hal_msp.o
                0x0000000008001f78                HAL_MspInit
 .text.NMI_Handler
                0x0000000008001fc8        0xe Core/Src/stm32f4xx_it.o
                0x0000000008001fc8                NMI_Handler
 .text.HardFault_Handler
                0x0000000008001fd6        0x6 Core/Src/stm32f4xx_it.o
                0x0000000008001fd6                HardFault_Handler
 .text.MemManage_Handler
                0x0000000008001fdc        0x6 Core/Src/stm32f4xx_it.o
                0x0000000008001fdc                MemManage_Handler
 .text.BusFault_Handler
                0x0000000008001fe2        0x6 Core/Src/stm32f4xx_it.o
                0x0000000008001fe2                BusFault_Handler
 .text.UsageFault_Handler
                0x0000000008001fe8        0x6 Core/Src/stm32f4xx_it.o
                0x0000000008001fe8                UsageFault_Handler
 .text.SVC_Handler
                0x0000000008001fee        0xe Core/Src/stm32f4xx_it.o
                0x0000000008001fee                SVC_Handler
 .text.DebugMon_Handler
                0x0000000008001ffc        0xe Core/Src/stm32f4xx_it.o
                0x0000000008001ffc                DebugMon_Handler
 .text.PendSV_Handler
                0x000000000800200a        0xe Core/Src/stm32f4xx_it.o
                0x000000000800200a                PendSV_Handler
 .text.SysTick_Handler
                0x0000000008002018        0xc Core/Src/stm32f4xx_it.o
                0x0000000008002018                SysTick_Handler
 .text.TIM2_IRQHandler
                0x0000000008002024       0x14 Core/Src/stm32f4xx_it.o
                0x0000000008002024                TIM2_IRQHandler
 .text.OTG_FS_IRQHandler
                0x0000000008002038       0x14 Core/Src/stm32f4xx_it.o
                0x0000000008002038                OTG_FS_IRQHandler
 .text.SystemInit
                0x000000000800204c       0x2c Core/Src/system_stm32f4xx.o
                0x000000000800204c                SystemInit
 .text.MX_TIM2_Init
                0x0000000008002078       0x98 Core/Src/tim.o
                0x0000000008002078                MX_TIM2_Init
 .text.HAL_TIM_Base_MspInit
                0x0000000008002110       0x4c Core/Src/tim.o
                0x0000000008002110                HAL_TIM_Base_MspInit
 .text.Reset_Handler
                0x000000000800215c       0x50 Core/Startup/startup_stm32f429igtx.o
                0x000000000800215c                Reset_Handler
 .text.Default_Handler
                0x00000000080021ac        0x2 Core/Startup/startup_stm32f429igtx.o
                0x00000000080021ac                RTC_Alarm_IRQHandler
                0x00000000080021ac                HASH_RNG_IRQHandler
                0x00000000080021ac                EXTI2_IRQHandler
                0x00000000080021ac                TIM8_CC_IRQHandler
                0x00000000080021ac                UART8_IRQHandler
                0x00000000080021ac                SPI4_IRQHandler
                0x00000000080021ac                TIM1_CC_IRQHandler
                0x00000000080021ac                DMA2_Stream5_IRQHandler
                0x00000000080021ac                DMA1_Stream5_IRQHandler
                0x00000000080021ac                PVD_IRQHandler
                0x00000000080021ac                SDIO_IRQHandler
                0x00000000080021ac                TAMP_STAMP_IRQHandler
                0x00000000080021ac                CAN2_RX1_IRQHandler
                0x00000000080021ac                EXTI3_IRQHandler
                0x00000000080021ac                TIM8_TRG_COM_TIM14_IRQHandler
                0x00000000080021ac                TIM1_UP_TIM10_IRQHandler
                0x00000000080021ac                TIM8_UP_TIM13_IRQHandler
                0x00000000080021ac                I2C3_ER_IRQHandler
                0x00000000080021ac                EXTI0_IRQHandler
                0x00000000080021ac                I2C2_EV_IRQHandler
                0x00000000080021ac                DMA1_Stream2_IRQHandler
                0x00000000080021ac                CAN1_RX0_IRQHandler
                0x00000000080021ac                FPU_IRQHandler
                0x00000000080021ac                OTG_HS_WKUP_IRQHandler
                0x00000000080021ac                LTDC_ER_IRQHandler
                0x00000000080021ac                CAN2_SCE_IRQHandler
                0x00000000080021ac                DMA2_Stream2_IRQHandler
                0x00000000080021ac                SPI1_IRQHandler
                0x00000000080021ac                TIM6_DAC_IRQHandler
                0x00000000080021ac                TIM1_BRK_TIM9_IRQHandler
                0x00000000080021ac                DCMI_IRQHandler
                0x00000000080021ac                CAN2_RX0_IRQHandler
                0x00000000080021ac                DMA2_Stream3_IRQHandler
                0x00000000080021ac                USART6_IRQHandler
                0x00000000080021ac                USART3_IRQHandler
                0x00000000080021ac                CAN1_RX1_IRQHandler
                0x00000000080021ac                UART5_IRQHandler
                0x00000000080021ac                DMA2_Stream0_IRQHandler
                0x00000000080021ac                TIM4_IRQHandler
                0x00000000080021ac                I2C1_EV_IRQHandler
                0x00000000080021ac                DMA1_Stream6_IRQHandler
                0x00000000080021ac                DMA1_Stream1_IRQHandler
                0x00000000080021ac                UART4_IRQHandler
                0x00000000080021ac                TIM3_IRQHandler
                0x00000000080021ac                RCC_IRQHandler
                0x00000000080021ac                TIM8_BRK_TIM12_IRQHandler
                0x00000000080021ac                Default_Handler
                0x00000000080021ac                EXTI15_10_IRQHandler
                0x00000000080021ac                ADC_IRQHandler
                0x00000000080021ac                DMA1_Stream7_IRQHandler
                0x00000000080021ac                SPI5_IRQHandler
                0x00000000080021ac                TIM7_IRQHandler
                0x00000000080021ac                CAN2_TX_IRQHandler
                0x00000000080021ac                TIM5_IRQHandler
                0x00000000080021ac                DMA2_Stream7_IRQHandler
                0x00000000080021ac                I2C3_EV_IRQHandler
                0x00000000080021ac                EXTI9_5_IRQHandler
                0x00000000080021ac                RTC_WKUP_IRQHandler
                0x00000000080021ac                LTDC_IRQHandler
                0x00000000080021ac                ETH_WKUP_IRQHandler
                0x00000000080021ac                SPI2_IRQHandler
                0x00000000080021ac                OTG_HS_EP1_IN_IRQHandler
                0x00000000080021ac                DMA1_Stream0_IRQHandler
                0x00000000080021ac                CAN1_TX_IRQHandler
                0x00000000080021ac                EXTI4_IRQHandler
                0x00000000080021ac                ETH_IRQHandler
                0x00000000080021ac                OTG_HS_EP1_OUT_IRQHandler
                0x00000000080021ac                WWDG_IRQHandler
                0x00000000080021ac                SPI6_IRQHandler
                0x00000000080021ac                OTG_FS_WKUP_IRQHandler
                0x00000000080021ac                TIM1_TRG_COM_TIM11_IRQHandler
                0x00000000080021ac                OTG_HS_IRQHandler
                0x00000000080021ac                DMA2D_IRQHandler
                0x00000000080021ac                EXTI1_IRQHandler
                0x00000000080021ac                UART7_IRQHandler
                0x00000000080021ac                USART2_IRQHandler
                0x00000000080021ac                I2C2_ER_IRQHandler
                0x00000000080021ac                DMA2_Stream1_IRQHandler
                0x00000000080021ac                CAN1_SCE_IRQHandler
                0x00000000080021ac                FLASH_IRQHandler
                0x00000000080021ac                DMA2_Stream4_IRQHandler
                0x00000000080021ac                USART1_IRQHandler
                0x00000000080021ac                SPI3_IRQHandler
                0x00000000080021ac                DMA1_Stream4_IRQHandler
                0x00000000080021ac                I2C1_ER_IRQHandler
                0x00000000080021ac                FMC_IRQHandler
                0x00000000080021ac                DMA2_Stream6_IRQHandler
                0x00000000080021ac                SAI1_IRQHandler
                0x00000000080021ac                DMA1_Stream3_IRQHandler
 *fill*         0x00000000080021ae        0x2 
 .text.HAL_Init
                0x00000000080021b0       0x44 Drivers/STM32F4xx_HAL_Driver/Src/stm32f4xx_hal.o
                0x00000000080021b0                HAL_Init
 .text.HAL_InitTick
                0x00000000080021f4       0x60 Drivers/STM32F4xx_HAL_Driver/Src/stm32f4xx_hal.o
                0x00000000080021f4                HAL_InitTick
 .text.HAL_IncTick
                0x0000000008002254       0x28 Drivers/STM32F4xx_HAL_Driver/Src/stm32f4xx_hal.o
                0x0000000008002254                HAL_IncTick
 .text.HAL_GetTick
                0x000000000800227c       0x18 Drivers/STM32F4xx_HAL_Driver/Src/stm32f4xx_hal.o
                0x000000000800227c                HAL_GetTick
 .text.HAL_Delay
                0x0000000008002294       0x44 Drivers/STM32F4xx_HAL_Driver/Src/stm32f4xx_hal.o
                0x0000000008002294                HAL_Delay
 .text.__NVIC_SetPriorityGrouping
                0x00000000080022d8       0x48 Drivers/STM32F4xx_HAL_Driver/Src/stm32f4xx_hal_cortex.o
 .text.__NVIC_GetPriorityGrouping
                0x0000000008002320       0x1c Drivers/STM32F4xx_HAL_Driver/Src/stm32f4xx_hal_cortex.o
 .text.__NVIC_EnableIRQ
                0x000000000800233c       0x3c Drivers/STM32F4xx_HAL_Driver/Src/stm32f4xx_hal_cortex.o
 .text.__NVIC_SetPriority
                0x0000000008002378       0x54 Drivers/STM32F4xx_HAL_Driver/Src/stm32f4xx_hal_cortex.o
 .text.NVIC_EncodePriority
                0x00000000080023cc       0x66 Drivers/STM32F4xx_HAL_Driver/Src/stm32f4xx_hal_cortex.o
 *fill*         0x0000000008002432        0x2 
 .text.SysTick_Config
                0x0000000008002434       0x44 Drivers/STM32F4xx_HAL_Driver/Src/stm32f4xx_hal_cortex.o
 .text.HAL_NVIC_SetPriorityGrouping
                0x0000000008002478       0x16 Drivers/STM32F4xx_HAL_Driver/Src/stm32f4xx_hal_cortex.o
                0x0000000008002478                HAL_NVIC_SetPriorityGrouping
 .text.HAL_NVIC_SetPriority
                0x000000000800248e       0x38 Drivers/STM32F4xx_HAL_Driver/Src/stm32f4xx_hal_cortex.o
                0x000000000800248e                HAL_NVIC_SetPriority
 .text.HAL_NVIC_EnableIRQ
                0x00000000080024c6       0x1c Drivers/STM32F4xx_HAL_Driver/Src/stm32f4xx_hal_cortex.o
                0x00000000080024c6                HAL_NVIC_EnableIRQ
 .text.HAL_SYSTICK_Config
                0x00000000080024e2       0x18 Drivers/STM32F4xx_HAL_Driver/Src/stm32f4xx_hal_cortex.o
                0x00000000080024e2                HAL_SYSTICK_Config
 .text.HAL_DAC_Init
                0x00000000080024fa       0x44 Drivers/STM32F4xx_HAL_Driver/Src/stm32f4xx_hal_dac.o
                0x00000000080024fa                HAL_DAC_Init
 .text.HAL_DAC_ConfigChannel
                0x000000000800253e       0x9a Drivers/STM32F4xx_HAL_Driver/Src/stm32f4xx_hal_dac.o
                0x000000000800253e                HAL_DAC_ConfigChannel
 .text.HAL_GPIO_Init
                0x00000000080025d8      0x354 Drivers/STM32F4xx_HAL_Driver/Src/stm32f4xx_hal_gpio.o
                0x00000000080025d8                HAL_GPIO_Init
 .text.HAL_GPIO_ReadPin
                0x000000000800292c       0x30 Drivers/STM32F4xx_HAL_Driver/Src/stm32f4xx_hal_gpio.o
                0x000000000800292c                HAL_GPIO_ReadPin
 .text.HAL_I2C_Init
                0x000000000800295c      0x270 Drivers/STM32F4xx_HAL_Driver/Src/stm32f4xx_hal_i2c.o
                0x000000000800295c                HAL_I2C_Init
 .text.HAL_I2C_Master_Transmit
                0x0000000008002bcc      0x1fc Drivers/STM32F4xx_HAL_Driver/Src/stm32f4xx_hal_i2c.o
                0x0000000008002bcc                HAL_I2C_Master_Transmit
 .text.HAL_I2C_IsDeviceReady
                0x0000000008002dc8      0x25c Drivers/STM32F4xx_HAL_Driver/Src/stm32f4xx_hal_i2c.o
                0x0000000008002dc8                HAL_I2C_IsDeviceReady
 .text.I2C_MasterRequestWrite
                0x0000000008003024      0x104 Drivers/STM32F4xx_HAL_Driver/Src/stm32f4xx_hal_i2c.o
 .text.I2C_WaitOnFlagUntilTimeout
                0x0000000008003128       0xae Drivers/STM32F4xx_HAL_Driver/Src/stm32f4xx_hal_i2c.o
 .text.I2C_WaitOnMasterAddressFlagUntilTimeout
                0x00000000080031d6       0xfe Drivers/STM32F4xx_HAL_Driver/Src/stm32f4xx_hal_i2c.o
 .text.I2C_WaitOnTXEFlagUntilTimeout
                0x00000000080032d4       0x82 Drivers/STM32F4xx_HAL_Driver/Src/stm32f4xx_hal_i2c.o
 .text.I2C_WaitOnBTFFlagUntilTimeout
                0x0000000008003356       0x82 Drivers/STM32F4xx_HAL_Driver/Src/stm32f4xx_hal_i2c.o
 .text.I2C_IsAcknowledgeFailed
                0x00000000080033d8       0x5e Drivers/STM32F4xx_HAL_Driver/Src/stm32f4xx_hal_i2c.o
 .text.HAL_I2CEx_ConfigAnalogFilter
                0x0000000008003436       0x78 Drivers/STM32F4xx_HAL_Driver/Src/stm32f4xx_hal_i2c_ex.o
                0x0000000008003436                HAL_I2CEx_ConfigAnalogFilter
 .text.HAL_I2CEx_ConfigDigitalFilter
                0x00000000080034ae       0x7e Drivers/STM32F4xx_HAL_Driver/Src/stm32f4xx_hal_i2c_ex.o
                0x00000000080034ae                HAL_I2CEx_ConfigDigitalFilter
 .text.HAL_PCD_Init
                0x000000000800352c      0x23a Drivers/STM32F4xx_HAL_Driver/Src/stm32f4xx_hal_pcd.o
                0x000000000800352c                HAL_PCD_Init
 .text.HAL_PCD_Start
                0x0000000008003766       0x66 Drivers/STM32F4xx_HAL_Driver/Src/stm32f4xx_hal_pcd.o
                0x0000000008003766                HAL_PCD_Start
 .text.HAL_PCD_IRQHandler
                0x00000000080037cc      0x764 Drivers/STM32F4xx_HAL_Driver/Src/stm32f4xx_hal_pcd.o
                0x00000000080037cc                HAL_PCD_IRQHandler
 .text.HAL_PCD_SetAddress
                0x0000000008003f30       0x4a Drivers/STM32F4xx_HAL_Driver/Src/stm32f4xx_hal_pcd.o
                0x0000000008003f30                HAL_PCD_SetAddress
 .text.HAL_PCD_EP_Open
                0x0000000008003f7a       0xd0 Drivers/STM32F4xx_HAL_Driver/Src/stm32f4xx_hal_pcd.o
                0x0000000008003f7a                HAL_PCD_EP_Open
 .text.HAL_PCD_EP_Close
                0x000000000800404a       0x94 Drivers/STM32F4xx_HAL_Driver/Src/stm32f4xx_hal_pcd.o
                0x000000000800404a                HAL_PCD_EP_Close
 .text.HAL_PCD_EP_Receive
                0x00000000080040de       0x96 Drivers/STM32F4xx_HAL_Driver/Src/stm32f4xx_hal_pcd.o
                0x00000000080040de                HAL_PCD_EP_Receive
 .text.HAL_PCD_EP_Transmit
                0x0000000008004174       0x94 Drivers/STM32F4xx_HAL_Driver/Src/stm32f4xx_hal_pcd.o
                0x0000000008004174                HAL_PCD_EP_Transmit
 .text.HAL_PCD_EP_SetStall
                0x0000000008004208       0xc8 Drivers/STM32F4xx_HAL_Driver/Src/stm32f4xx_hal_pcd.o
                0x0000000008004208                HAL_PCD_EP_SetStall
 .text.HAL_PCD_EP_ClrStall
                0x00000000080042d0       0xac Drivers/STM32F4xx_HAL_Driver/Src/stm32f4xx_hal_pcd.o
                0x00000000080042d0                HAL_PCD_EP_ClrStall
 .text.PCD_WriteEmptyTxFifo
                0x000000000800437c      0x11a Drivers/STM32F4xx_HAL_Driver/Src/stm32f4xx_hal_pcd.o
 *fill*         0x0000000008004496        0x2 
 .text.PCD_EP_OutXfrComplete_int
                0x0000000008004498      0x218 Drivers/STM32F4xx_HAL_Driver/Src/stm32f4xx_hal_pcd.o
 .text.PCD_EP_OutSetupPacket_int
                0x00000000080046b0       0x8c Drivers/STM32F4xx_HAL_Driver/Src/stm32f4xx_hal_pcd.o
 .text.HAL_PCDEx_SetTxFiFo
                0x000000000800473c       0x8e Drivers/STM32F4xx_HAL_Driver/Src/stm32f4xx_hal_pcd_ex.o
                0x000000000800473c                HAL_PCDEx_SetTxFiFo
 .text.HAL_PCDEx_SetRxFiFo
                0x00000000080047ca       0x22 Drivers/STM32F4xx_HAL_Driver/Src/stm32f4xx_hal_pcd_ex.o
                0x00000000080047ca                HAL_PCDEx_SetRxFiFo
 .text.HAL_PCDEx_LPM_Callback
                0x00000000080047ec       0x18 Drivers/STM32F4xx_HAL_Driver/Src/stm32f4xx_hal_pcd_ex.o
                0x00000000080047ec                HAL_PCDEx_LPM_Callback
 .text.HAL_RCC_OscConfig
                0x0000000008004804      0x4e0 Drivers/STM32F4xx_HAL_Driver/Src/stm32f4xx_hal_rcc.o
                0x0000000008004804                HAL_RCC_OscConfig
 .text.HAL_RCC_ClockConfig
                0x0000000008004ce4      0x1cc Drivers/STM32F4xx_HAL_Driver/Src/stm32f4xx_hal_rcc.o
                0x0000000008004ce4                HAL_RCC_ClockConfig
 .text.HAL_RCC_GetSysClockFreq
                0x0000000008004eb0      0x1b0 Drivers/STM32F4xx_HAL_Driver/Src/stm32f4xx_hal_rcc.o
                0x0000000008004eb0                HAL_RCC_GetSysClockFreq
 .text.HAL_RCC_GetHCLKFreq
                0x0000000008005060       0x18 Drivers/STM32F4xx_HAL_Driver/Src/stm32f4xx_hal_rcc.o
                0x0000000008005060                HAL_RCC_GetHCLKFreq
 .text.HAL_RCC_GetPCLK1Freq
                0x0000000008005078       0x28 Drivers/STM32F4xx_HAL_Driver/Src/stm32f4xx_hal_rcc.o
                0x0000000008005078                HAL_RCC_GetPCLK1Freq
 .text.HAL_TIM_Base_Init
                0x00000000080050a0       0x56 Drivers/STM32F4xx_HAL_Driver/Src/stm32f4xx_hal_tim.o
                0x00000000080050a0                HAL_TIM_Base_Init
 .text.HAL_TIM_Base_Start_IT
                0x00000000080050f6       0x48 Drivers/STM32F4xx_HAL_Driver/Src/stm32f4xx_hal_tim.o
                0x00000000080050f6                HAL_TIM_Base_Start_IT
 .text.HAL_TIM_IRQHandler
                0x000000000800513e      0x210 Drivers/STM32F4xx_HAL_Driver/Src/stm32f4xx_hal_tim.o
                0x000000000800513e                HAL_TIM_IRQHandler
 .text.HAL_TIM_ConfigClockSource
                0x000000000800534e      0x16e Drivers/STM32F4xx_HAL_Driver/Src/stm32f4xx_hal_tim.o
                0x000000000800534e                HAL_TIM_ConfigClockSource
 .text.HAL_TIM_OC_DelayElapsedCallback
                0x00000000080054bc       0x14 Drivers/STM32F4xx_HAL_Driver/Src/stm32f4xx_hal_tim.o
                0x00000000080054bc                HAL_TIM_OC_DelayElapsedCallback
 .text.HAL_TIM_IC_CaptureCallback
                0x00000000080054d0       0x14 Drivers/STM32F4xx_HAL_Driver/Src/stm32f4xx_hal_tim.o
                0x00000000080054d0                HAL_TIM_IC_CaptureCallback
 .text.HAL_TIM_PWM_PulseFinishedCallback
                0x00000000080054e4       0x14 Drivers/STM32F4xx_HAL_Driver/Src/stm32f4xx_hal_tim.o
                0x00000000080054e4                HAL_TIM_PWM_PulseFinishedCallback
 .text.HAL_TIM_TriggerCallback
                0x00000000080054f8       0x14 Drivers/STM32F4xx_HAL_Driver/Src/stm32f4xx_hal_tim.o
                0x00000000080054f8                HAL_TIM_TriggerCallback
 .text.TIM_Base_SetConfig
                0x000000000800550c      0x140 Drivers/STM32F4xx_HAL_Driver/Src/stm32f4xx_hal_tim.o
                0x000000000800550c                TIM_Base_SetConfig
 .text.TIM_TI1_ConfigInputStage
                0x000000000800564c       0x5e Drivers/STM32F4xx_HAL_Driver/Src/stm32f4xx_hal_tim.o
 .text.TIM_TI2_ConfigInputStage
                0x00000000080056aa       0x60 Drivers/STM32F4xx_HAL_Driver/Src/stm32f4xx_hal_tim.o
 .text.TIM_ITRx_SetConfig
                0x000000000800570a       0x36 Drivers/STM32F4xx_HAL_Driver/Src/stm32f4xx_hal_tim.o
 .text.TIM_ETR_SetConfig
                0x0000000008005740       0x40 Drivers/STM32F4xx_HAL_Driver/Src/stm32f4xx_hal_tim.o
                0x0000000008005740                TIM_ETR_SetConfig
 .text.HAL_TIMEx_MasterConfigSynchronization
                0x0000000008005780       0xf8 Drivers/STM32F4xx_HAL_Driver/Src/stm32f4xx_hal_tim_ex.o
                0x0000000008005780                HAL_TIMEx_MasterConfigSynchronization
 .text.HAL_TIMEx_CommutCallback
                0x0000000008005878       0x14 Drivers/STM32F4xx_HAL_Driver/Src/stm32f4xx_hal_tim_ex.o
                0x0000000008005878                HAL_TIMEx_CommutCallback
 .text.HAL_TIMEx_BreakCallback
                0x000000000800588c       0x14 Drivers/STM32F4xx_HAL_Driver/Src/stm32f4xx_hal_tim_ex.o
                0x000000000800588c                HAL_TIMEx_BreakCallback
 .text.USB_CoreInit
                0x00000000080058a0       0xc2 Drivers/STM32F4xx_HAL_Driver/Src/stm32f4xx_ll_usb.o
                0x00000000080058a0                USB_CoreInit
 *fill*         0x0000000008005962        0x2 
 .text.USB_SetTurnaroundTime
                0x0000000008005964      0x144 Drivers/STM32F4xx_HAL_Driver/Src/stm32f4xx_ll_usb.o
                0x0000000008005964                USB_SetTurnaroundTime
 .text.USB_EnableGlobalInt
                0x0000000008005aa8       0x22 Drivers/STM32F4xx_HAL_Driver/Src/stm32f4xx_ll_usb.o
                0x0000000008005aa8                USB_EnableGlobalInt
 .text.USB_DisableGlobalInt
                0x0000000008005aca       0x22 Drivers/STM32F4xx_HAL_Driver/Src/stm32f4xx_ll_usb.o
                0x0000000008005aca                USB_DisableGlobalInt
 .text.USB_SetCurrentMode
                0x0000000008005aec       0x54 Drivers/STM32F4xx_HAL_Driver/Src/stm32f4xx_ll_usb.o
                0x0000000008005aec                USB_SetCurrentMode
 .text.USB_DevInit
                0x0000000008005b40      0x2c8 Drivers/STM32F4xx_HAL_Driver/Src/stm32f4xx_ll_usb.o
                0x0000000008005b40                USB_DevInit
 .text.USB_FlushTxFifo
                0x0000000008005e08       0x4c Drivers/STM32F4xx_HAL_Driver/Src/stm32f4xx_ll_usb.o
                0x0000000008005e08                USB_FlushTxFifo
 .text.USB_FlushRxFifo
                0x0000000008005e54       0x44 Drivers/STM32F4xx_HAL_Driver/Src/stm32f4xx_ll_usb.o
                0x0000000008005e54                USB_FlushRxFifo
 .text.USB_SetDevSpeed
                0x0000000008005e98       0x32 Drivers/STM32F4xx_HAL_Driver/Src/stm32f4xx_ll_usb.o
                0x0000000008005e98                USB_SetDevSpeed
 .text.USB_GetDevSpeed
                0x0000000008005eca       0x4a Drivers/STM32F4xx_HAL_Driver/Src/stm32f4xx_ll_usb.o
                0x0000000008005eca                USB_GetDevSpeed
 .text.USB_ActivateEndpoint
                0x0000000008005f14      0x10e Drivers/STM32F4xx_HAL_Driver/Src/stm32f4xx_ll_usb.o
                0x0000000008005f14                USB_ActivateEndpoint
 *fill*         0x0000000008006022        0x2 
 .text.USB_DeactivateEndpoint
                0x0000000008006024      0x1b8 Drivers/STM32F4xx_HAL_Driver/Src/stm32f4xx_ll_usb.o
                0x0000000008006024                USB_DeactivateEndpoint
 .text.USB_EPStartXfer
                0x00000000080061dc      0x488 Drivers/STM32F4xx_HAL_Driver/Src/stm32f4xx_ll_usb.o
                0x00000000080061dc                USB_EPStartXfer
 .text.USB_EP0StartXfer
                0x0000000008006664      0x2a6 Drivers/STM32F4xx_HAL_Driver/Src/stm32f4xx_ll_usb.o
                0x0000000008006664                USB_EP0StartXfer
 .text.USB_WritePacket
                0x000000000800690a       0x6a Drivers/STM32F4xx_HAL_Driver/Src/stm32f4xx_ll_usb.o
                0x000000000800690a                USB_WritePacket
 .text.USB_ReadPacket
                0x0000000008006974       0x52 Drivers/STM32F4xx_HAL_Driver/Src/stm32f4xx_ll_usb.o
                0x0000000008006974                USB_ReadPacket
 .text.USB_EPSetStall
                0x00000000080069c6       0xdc Drivers/STM32F4xx_HAL_Driver/Src/stm32f4xx_ll_usb.o
                0x00000000080069c6                USB_EPSetStall
 .text.USB_EPClearStall
                0x0000000008006aa2       0xcc Drivers/STM32F4xx_HAL_Driver/Src/stm32f4xx_ll_usb.o
                0x0000000008006aa2                USB_EPClearStall
 .text.USB_SetDevAddress
                0x0000000008006b6e       0x4c Drivers/STM32F4xx_HAL_Driver/Src/stm32f4xx_ll_usb.o
                0x0000000008006b6e                USB_SetDevAddress
 .text.USB_DevConnect
                0x0000000008006bba       0x30 Drivers/STM32F4xx_HAL_Driver/Src/stm32f4xx_ll_usb.o
                0x0000000008006bba                USB_DevConnect
 .text.USB_DevDisconnect
                0x0000000008006bea       0x30 Drivers/STM32F4xx_HAL_Driver/Src/stm32f4xx_ll_usb.o
                0x0000000008006bea                USB_DevDisconnect
 .text.USB_ReadInterrupts
                0x0000000008006c1a       0x26 Drivers/STM32F4xx_HAL_Driver/Src/stm32f4xx_ll_usb.o
                0x0000000008006c1a                USB_ReadInterrupts
 .text.USB_ReadDevAllOutEpInterrupt
                0x0000000008006c40       0x34 Drivers/STM32F4xx_HAL_Driver/Src/stm32f4xx_ll_usb.o
                0x0000000008006c40                USB_ReadDevAllOutEpInterrupt
 .text.USB_ReadDevAllInEpInterrupt
                0x0000000008006c74       0x34 Drivers/STM32F4xx_HAL_Driver/Src/stm32f4xx_ll_usb.o
                0x0000000008006c74                USB_ReadDevAllInEpInterrupt
 .text.USB_ReadDevOutEPInterrupt
                0x0000000008006ca8       0x3c Drivers/STM32F4xx_HAL_Driver/Src/stm32f4xx_ll_usb.o
                0x0000000008006ca8                USB_ReadDevOutEPInterrupt
 .text.USB_ReadDevInEPInterrupt
                0x0000000008006ce4       0x5c Drivers/STM32F4xx_HAL_Driver/Src/stm32f4xx_ll_usb.o
                0x0000000008006ce4                USB_ReadDevInEPInterrupt
 .text.USB_GetMode
                0x0000000008006d40       0x1c Drivers/STM32F4xx_HAL_Driver/Src/stm32f4xx_ll_usb.o
                0x0000000008006d40                USB_GetMode
 .text.USB_ActivateSetup
                0x0000000008006d5c       0x46 Drivers/STM32F4xx_HAL_Driver/Src/stm32f4xx_ll_usb.o
                0x0000000008006d5c                USB_ActivateSetup
 *fill*         0x0000000008006da2        0x2 
 .text.USB_EP0_OutStart
                0x0000000008006da4       0xbc Drivers/STM32F4xx_HAL_Driver/Src/stm32f4xx_ll_usb.o
                0x0000000008006da4                USB_EP0_OutStart
 .text.USB_CoreReset
                0x0000000008006e60       0x68 Drivers/STM32F4xx_HAL_Driver/Src/stm32f4xx_ll_usb.o
 .text.USBD_MIDI_Init
                0x0000000008006ec8       0x48 Middlewares/ST/STM32_USB_Device_Library/Class/MIDI/Src/usbd_midi.o
 .text.USBD_MIDI_DeInit
                0x0000000008006f10       0x30 Middlewares/ST/STM32_USB_Device_Library/Class/MIDI/Src/usbd_midi.o
 .text.USBD_MIDI_DataIn
                0x0000000008006f40       0x2c Middlewares/ST/STM32_USB_Device_Library/Class/MIDI/Src/usbd_midi.o
 .text.USBD_MIDI_DataOut
                0x0000000008006f6c       0x54 Middlewares/ST/STM32_USB_Device_Library/Class/MIDI/Src/usbd_midi.o
 .text.USBD_MIDI_SendPacket
                0x0000000008006fc0       0xe0 Middlewares/ST/STM32_USB_Device_Library/Class/MIDI/Src/usbd_midi.o
                0x0000000008006fc0                USBD_MIDI_SendPacket
 .text.USBD_MIDI_GetCfgDesc
                0x00000000080070a0       0x20 Middlewares/ST/STM32_USB_Device_Library/Class/MIDI/Src/usbd_midi.o
 .text.USBD_MIDI_RegisterInterface
                0x00000000080070c0       0x2e Middlewares/ST/STM32_USB_Device_Library/Class/MIDI/Src/usbd_midi.o
                0x00000000080070c0                USBD_MIDI_RegisterInterface
 .text.USBD_Init
                0x00000000080070ee       0x6c Middlewares/ST/STM32_USB_Device_Library/Core/Src/usbd_core.o
                0x00000000080070ee                USBD_Init
 .text.USBD_RegisterClass
                0x000000000800715a       0x42 Middlewares/ST/STM32_USB_Device_Library/Core/Src/usbd_core.o
                0x000000000800715a                USBD_RegisterClass
 .text.USBD_Start
                0x000000000800719c       0x18 Middlewares/ST/STM32_USB_Device_Library/Core/Src/usbd_core.o
                0x000000000800719c                USBD_Start
 .text.USBD_RunTestMode
                0x00000000080071b4       0x16 Middlewares/ST/STM32_USB_Device_Library/Core/Src/usbd_core.o
                0x00000000080071b4                USBD_RunTestMode
 .text.USBD_SetClassConfig
                0x00000000080071ca       0x38 Middlewares/ST/STM32_USB_Device_Library/Core/Src/usbd_core.o
                0x00000000080071ca                USBD_SetClassConfig
 .text.USBD_ClrClassConfig
                0x0000000008007202       0x30 Middlewares/ST/STM32_USB_Device_Library/Core/Src/usbd_core.o
                0x0000000008007202                USBD_ClrClassConfig
 .text.USBD_LL_SetupStage
                0x0000000008007232       0xa6 Middlewares/ST/STM32_USB_Device_Library/Core/Src/usbd_core.o
                0x0000000008007232                USBD_LL_SetupStage
 .text.USBD_LL_DataOutStage
                0x00000000080072d8       0xc6 Middlewares/ST/STM32_USB_Device_Library/Core/Src/usbd_core.o
                0x00000000080072d8                USBD_LL_DataOutStage
 .text.USBD_LL_DataInStage
                0x000000000800739e      0x12c Middlewares/ST/STM32_USB_Device_Library/Core/Src/usbd_core.o
                0x000000000800739e                USBD_LL_DataInStage
 .text.USBD_LL_Reset
                0x00000000080074ca       0x82 Middlewares/ST/STM32_USB_Device_Library/Core/Src/usbd_core.o
                0x00000000080074ca                USBD_LL_Reset
 .text.USBD_LL_SetSpeed
                0x000000000800754c       0x20 Middlewares/ST/STM32_USB_Device_Library/Core/Src/usbd_core.o
                0x000000000800754c                USBD_LL_SetSpeed
 .text.USBD_LL_Suspend
                0x000000000800756c       0x2a Middlewares/ST/STM32_USB_Device_Library/Core/Src/usbd_core.o
                0x000000000800756c                USBD_LL_Suspend
 .text.USBD_LL_Resume
                0x0000000008007596       0x2c Middlewares/ST/STM32_USB_Device_Library/Core/Src/usbd_core.o
                0x0000000008007596                USBD_LL_Resume
 .text.USBD_LL_SOF
                0x00000000080075c2       0x34 Middlewares/ST/STM32_USB_Device_Library/Core/Src/usbd_core.o
                0x00000000080075c2                USBD_LL_SOF
 .text.USBD_LL_IsoINIncomplete
                0x00000000080075f6       0x1a Middlewares/ST/STM32_USB_Device_Library/Core/Src/usbd_core.o
                0x00000000080075f6                USBD_LL_IsoINIncomplete
 .text.USBD_LL_IsoOUTIncomplete
                0x0000000008007610       0x1a Middlewares/ST/STM32_USB_Device_Library/Core/Src/usbd_core.o
                0x0000000008007610                USBD_LL_IsoOUTIncomplete
 .text.USBD_LL_DevConnected
                0x000000000800762a       0x16 Middlewares/ST/STM32_USB_Device_Library/Core/Src/usbd_core.o
                0x000000000800762a                USBD_LL_DevConnected
 .text.USBD_LL_DevDisconnected
                0x0000000008007640       0x38 Middlewares/ST/STM32_USB_Device_Library/Core/Src/usbd_core.o
                0x0000000008007640                USBD_LL_DevDisconnected
 .text.SWAPBYTE
                0x0000000008007678       0x3c Middlewares/ST/STM32_USB_Device_Library/Core/Src/usbd_ctlreq.o
 .text.USBD_StdDevReq
                0x00000000080076b4       0xdc Middlewares/ST/STM32_USB_Device_Library/Core/Src/usbd_ctlreq.o
                0x00000000080076b4                USBD_StdDevReq
 .text.USBD_StdItfReq
                0x0000000008007790       0x8c Middlewares/ST/STM32_USB_Device_Library/Core/Src/usbd_ctlreq.o
                0x0000000008007790                USBD_StdItfReq
 .text.USBD_StdEPReq
                0x000000000800781c      0x2aa Middlewares/ST/STM32_USB_Device_Library/Core/Src/usbd_ctlreq.o
                0x000000000800781c                USBD_StdEPReq
 *fill*         0x0000000008007ac6        0x2 
 .text.USBD_GetDescriptor
                0x0000000008007ac8      0x2d4 Middlewares/ST/STM32_USB_Device_Library/Core/Src/usbd_ctlreq.o
 .text.USBD_SetAddress
                0x0000000008007d9c       0x84 Middlewares/ST/STM32_USB_Device_Library/Core/Src/usbd_ctlreq.o
 .text.USBD_SetConfig
                0x0000000008007e20      0x148 Middlewares/ST/STM32_USB_Device_Library/Core/Src/usbd_ctlreq.o
 .text.USBD_GetConfig
                0x0000000008007f68       0x68 Middlewares/ST/STM32_USB_Device_Library/Core/Src/usbd_ctlreq.o
 .text.USBD_GetStatus
                0x0000000008007fd0       0x66 Middlewares/ST/STM32_USB_Device_Library/Core/Src/usbd_ctlreq.o
 .text.USBD_SetFeature
                0x0000000008008036       0x28 Middlewares/ST/STM32_USB_Device_Library/Core/Src/usbd_ctlreq.o
 .text.USBD_ClrFeature
                0x000000000800805e       0x42 Middlewares/ST/STM32_USB_Device_Library/Core/Src/usbd_ctlreq.o
 .text.USBD_ParseSetupRequest
                0x00000000080080a0       0x74 Middlewares/ST/STM32_USB_Device_Library/Core/Src/usbd_ctlreq.o
                0x00000000080080a0                USBD_ParseSetupRequest
 .text.USBD_CtlError
                0x0000000008008114       0x22 Middlewares/ST/STM32_USB_Device_Library/Core/Src/usbd_ctlreq.o
                0x0000000008008114                USBD_CtlError
 .text.USBD_GetString
                0x0000000008008136       0x8c Middlewares/ST/STM32_USB_Device_Library/Core/Src/usbd_ctlreq.o
                0x0000000008008136                USBD_GetString
 .text.USBD_GetLen
                0x00000000080081c2       0x34 Middlewares/ST/STM32_USB_Device_Library/Core/Src/usbd_ctlreq.o
 .text.USBD_CtlSendData
                0x00000000080081f6       0x36 Middlewares/ST/STM32_USB_Device_Library/Core/Src/usbd_ioreq.o
                0x00000000080081f6                USBD_CtlSendData
 .text.USBD_CtlContinueSendData
                0x000000000800822c       0x22 Middlewares/ST/STM32_USB_Device_Library/Core/Src/usbd_ioreq.o
                0x000000000800822c                USBD_CtlContinueSendData
 .text.USBD_CtlContinueRx
                0x000000000800824e       0x22 Middlewares/ST/STM32_USB_Device_Library/Core/Src/usbd_ioreq.o
                0x000000000800824e                USBD_CtlContinueRx
 .text.USBD_CtlSendStatus
                0x0000000008008270       0x26 Middlewares/ST/STM32_USB_Device_Library/Core/Src/usbd_ioreq.o
                0x0000000008008270                USBD_CtlSendStatus
 .text.USBD_CtlReceiveStatus
                0x0000000008008296       0x26 Middlewares/ST/STM32_USB_Device_Library/Core/Src/usbd_ioreq.o
                0x0000000008008296                USBD_CtlReceiveStatus
 .text.MX_USB_DEVICE_Init
                0x00000000080082bc       0x44 USB_DEVICE/App/usb_device.o
                0x00000000080082bc                MX_USB_DEVICE_Init
 .text.USBD_FS_DeviceDescriptor
                0x0000000008008300       0x24 USB_DEVICE/App/usbd_desc.o
                0x0000000008008300                USBD_FS_DeviceDescriptor
 .text.USBD_FS_LangIDStrDescriptor
                0x0000000008008324       0x24 USB_DEVICE/App/usbd_desc.o
                0x0000000008008324                USBD_FS_LangIDStrDescriptor
 .text.USBD_FS_ProductStrDescriptor
                0x0000000008008348       0x3c USB_DEVICE/App/usbd_desc.o
                0x0000000008008348                USBD_FS_ProductStrDescriptor
 .text.USBD_FS_ManufacturerStrDescriptor
                0x0000000008008384       0x28 USB_DEVICE/App/usbd_desc.o
                0x0000000008008384                USBD_FS_ManufacturerStrDescriptor
 .text.USBD_FS_SerialStrDescriptor
                0x00000000080083ac       0x24 USB_DEVICE/App/usbd_desc.o
                0x00000000080083ac                USBD_FS_SerialStrDescriptor
 .text.USBD_FS_ConfigStrDescriptor
                0x00000000080083d0       0x3c USB_DEVICE/App/usbd_desc.o
                0x00000000080083d0                USBD_FS_ConfigStrDescriptor
 .text.USBD_FS_InterfaceStrDescriptor
                0x000000000800840c       0x3c USB_DEVICE/App/usbd_desc.o
                0x000000000800840c                USBD_FS_InterfaceStrDescriptor
 .text.Get_SerialNum
                0x0000000008008448       0x58 USB_DEVICE/App/usbd_desc.o
 .text.IntToUnicode
                0x00000000080084a0       0x7c USB_DEVICE/App/usbd_desc.o
 .text.MIDI_DataRx
                0x000000000800851c       0x88 USB_DEVICE/App/usbd_midi_if.o
                0x000000000800851c                MIDI_DataRx
 .text.MIDI_DataTx
                0x00000000080085a4       0x60 USB_DEVICE/App/usbd_midi_if.o
                0x00000000080085a4                MIDI_DataTx
 .text.MIDI_SendBuffer
                0x0000000008008604       0x6c USB_DEVICE/App/usbd_midi_if.o
                0x0000000008008604                MIDI_SendBuffer
 .text.MIDI_SendCheck
                0x0000000008008670       0x2c USB_DEVICE/App/usbd_midi_if.o
                0x0000000008008670                MIDI_SendCheck
 .text.HAL_PCD_MspInit
                0x000000000800869c       0xa8 USB_DEVICE/Target/usbd_conf.o
                0x000000000800869c                HAL_PCD_MspInit
 .text.HAL_PCD_SetupStageCallback
                0x0000000008008744       0x24 USB_DEVICE/Target/usbd_conf.o
                0x0000000008008744                HAL_PCD_SetupStageCallback
 .text.HAL_PCD_DataOutStageCallback
                0x0000000008008768       0x36 USB_DEVICE/Target/usbd_conf.o
                0x0000000008008768                HAL_PCD_DataOutStageCallback
 .text.HAL_PCD_DataInStageCallback
                0x000000000800879e       0x34 USB_DEVICE/Target/usbd_conf.o
                0x000000000800879e                HAL_PCD_DataInStageCallback
 .text.HAL_PCD_SOFCallback
                0x00000000080087d2       0x1c USB_DEVICE/Target/usbd_conf.o
                0x00000000080087d2                HAL_PCD_SOFCallback
 .text.HAL_PCD_ResetCallback
                0x00000000080087ee       0x50 USB_DEVICE/Target/usbd_conf.o
                0x00000000080087ee                HAL_PCD_ResetCallback
 *fill*         0x000000000800883e        0x2 
 .text.HAL_PCD_SuspendCallback
                0x0000000008008840       0x4c USB_DEVICE/Target/usbd_conf.o
                0x0000000008008840                HAL_PCD_SuspendCallback
 .text.HAL_PCD_ResumeCallback
                0x000000000800888c       0x1c USB_DEVICE/Target/usbd_conf.o
                0x000000000800888c                HAL_PCD_ResumeCallback
 .text.HAL_PCD_ISOOUTIncompleteCallback
                0x00000000080088a8       0x24 USB_DEVICE/Target/usbd_conf.o
                0x00000000080088a8                HAL_PCD_ISOOUTIncompleteCallback
 .text.HAL_PCD_ISOINIncompleteCallback
                0x00000000080088cc       0x24 USB_DEVICE/Target/usbd_conf.o
                0x00000000080088cc                HAL_PCD_ISOINIncompleteCallback
 .text.HAL_PCD_ConnectCallback
                0x00000000080088f0       0x1c USB_DEVICE/Target/usbd_conf.o
                0x00000000080088f0                HAL_PCD_ConnectCallback
 .text.HAL_PCD_DisconnectCallback
                0x000000000800890c       0x1c USB_DEVICE/Target/usbd_conf.o
                0x000000000800890c                HAL_PCD_DisconnectCallback
 .text.USBD_LL_Init
                0x0000000008008928       0x98 USB_DEVICE/Target/usbd_conf.o
                0x0000000008008928                USBD_LL_Init
 .text.USBD_LL_Start
                0x00000000080089c0       0x36 USB_DEVICE/Target/usbd_conf.o
                0x00000000080089c0                USBD_LL_Start
 .text.USBD_LL_OpenEP
                0x00000000080089f6       0x4c USB_DEVICE/Target/usbd_conf.o
                0x00000000080089f6                USBD_LL_OpenEP
 .text.USBD_LL_CloseEP
                0x0000000008008a42       0x3e USB_DEVICE/Target/usbd_conf.o
                0x0000000008008a42                USBD_LL_CloseEP
 .text.USBD_LL_StallEP
                0x0000000008008a80       0x3e USB_DEVICE/Target/usbd_conf.o
                0x0000000008008a80                USBD_LL_StallEP
 .text.USBD_LL_ClearStallEP
                0x0000000008008abe       0x3e USB_DEVICE/Target/usbd_conf.o
                0x0000000008008abe                USBD_LL_ClearStallEP
 .text.USBD_LL_IsStallEP
                0x0000000008008afc       0x58 USB_DEVICE/Target/usbd_conf.o
                0x0000000008008afc                USBD_LL_IsStallEP
 .text.USBD_LL_SetUSBAddress
                0x0000000008008b54       0x3e USB_DEVICE/Target/usbd_conf.o
                0x0000000008008b54                USBD_LL_SetUSBAddress
 .text.USBD_LL_Transmit
                0x0000000008008b92       0x42 USB_DEVICE/Target/usbd_conf.o
                0x0000000008008b92                USBD_LL_Transmit
 .text.USBD_LL_PrepareReceive
                0x0000000008008bd4       0x42 USB_DEVICE/Target/usbd_conf.o
                0x0000000008008bd4                USBD_LL_PrepareReceive
 *fill*         0x0000000008008c16        0x2 
 .text.USBD_Get_USB_Status
                0x0000000008008c18       0x58 USB_DEVICE/Target/usbd_conf.o
                0x0000000008008c18                USBD_Get_USB_Status
 .text.__libc_init_array
                0x0000000008008c70       0x48 /opt/st/stm32cubeide_1.4.0/plugins/com.st.stm32cube.ide.mcu.externaltools.gnu-tools-for-stm32.7-2018-q2-update.linux64_1.4.0.202007081208/tools/bin/../lib/gcc/arm-none-eabi/7.3.1/../../../../arm-none-eabi/lib/thumb/v7e-m/fpv4-sp/hard/libc_nano.a(lib_a-init.o)
                0x0000000008008c70                __libc_init_array
 .text.memset   0x0000000008008cb8       0x10 /opt/st/stm32cubeide_1.4.0/plugins/com.st.stm32cube.ide.mcu.externaltools.gnu-tools-for-stm32.7-2018-q2-update.linux64_1.4.0.202007081208/tools/bin/../lib/gcc/arm-none-eabi/7.3.1/../../../../arm-none-eabi/lib/thumb/v7e-m/fpv4-sp/hard/libc_nano.a(lib_a-memset.o)
                0x0000000008008cb8                memset
 *(.glue_7)
 .glue_7        0x0000000008008cc8        0x0 linker stubs
 *(.glue_7t)
 .glue_7t       0x0000000008008cc8        0x0 linker stubs
 *(.eh_frame)
 .eh_frame      0x0000000008008cc8        0x0 /opt/st/stm32cubeide_1.4.0/plugins/com.st.stm32cube.ide.mcu.externaltools.gnu-tools-for-stm32.7-2018-q2-update.linux64_1.4.0.202007081208/tools/bin/../lib/gcc/arm-none-eabi/7.3.1/thumb/v7e-m/fpv4-sp/hard/crtbegin.o
 *(.init)
 .init          0x0000000008008cc8        0x4 /opt/st/stm32cubeide_1.4.0/plugins/com.st.stm32cube.ide.mcu.externaltools.gnu-tools-for-stm32.7-2018-q2-update.linux64_1.4.0.202007081208/tools/bin/../lib/gcc/arm-none-eabi/7.3.1/thumb/v7e-m/fpv4-sp/hard/crti.o
                0x0000000008008cc8                _init
 .init          0x0000000008008ccc        0x8 /opt/st/stm32cubeide_1.4.0/plugins/com.st.stm32cube.ide.mcu.externaltools.gnu-tools-for-stm32.7-2018-q2-update.linux64_1.4.0.202007081208/tools/bin/../lib/gcc/arm-none-eabi/7.3.1/thumb/v7e-m/fpv4-sp/hard/crtn.o
 *(.fini)
 .fini          0x0000000008008cd4        0x4 /opt/st/stm32cubeide_1.4.0/plugins/com.st.stm32cube.ide.mcu.externaltools.gnu-tools-for-stm32.7-2018-q2-update.linux64_1.4.0.202007081208/tools/bin/../lib/gcc/arm-none-eabi/7.3.1/thumb/v7e-m/fpv4-sp/hard/crti.o
                0x0000000008008cd4                _fini
 .fini          0x0000000008008cd8        0x8 /opt/st/stm32cubeide_1.4.0/plugins/com.st.stm32cube.ide.mcu.externaltools.gnu-tools-for-stm32.7-2018-q2-update.linux64_1.4.0.202007081208/tools/bin/../lib/gcc/arm-none-eabi/7.3.1/thumb/v7e-m/fpv4-sp/hard/crtn.o
                0x0000000008008ce0                . = ALIGN (0x4)
                0x0000000008008ce0                _etext = .

.vfp11_veneer   0x0000000008008ce0        0x0
 .vfp11_veneer  0x0000000008008ce0        0x0 linker stubs

.v4_bx          0x0000000008008ce0        0x0
 .v4_bx         0x0000000008008ce0        0x0 linker stubs

.iplt           0x0000000008008ce0        0x0
 .iplt          0x0000000008008ce0        0x0 /opt/st/stm32cubeide_1.4.0/plugins/com.st.stm32cube.ide.mcu.externaltools.gnu-tools-for-stm32.7-2018-q2-update.linux64_1.4.0.202007081208/tools/bin/../lib/gcc/arm-none-eabi/7.3.1/thumb/v7e-m/fpv4-sp/hard/crtbegin.o

.rodata         0x0000000008008ce0      0xdd4
                0x0000000008008ce0                . = ALIGN (0x4)
 *(.rodata)
 .rodata        0x0000000008008ce0      0x1a9 Core/Src/SSpedalBPMFX.o
 *fill*         0x0000000008008e89        0x3 
 .rodata        0x0000000008008e8c       0x46 USB_DEVICE/App/usbd_desc.o
 *(.rodata*)
 *fill*         0x0000000008008ed2        0x2 
 .rodata.hex_chord
                0x0000000008008ed4       0x20 Core/Src/SSpedalBPMFX.o
                0x0000000008008ed4                hex_chord
 .rodata.hex_chordInv
                0x0000000008008ef4        0xc Core/Src/SSpedalBPMFX.o
                0x0000000008008ef4                hex_chordInv
 .rodata.bmp_logo_128_64
                0x0000000008008f00      0x400 Core/Src/drawing_SSD1306.o
                0x0000000008008f00                bmp_logo_128_64
 .rodata.Font7x10
                0x0000000008009300      0x76c Core/Src/fonts.o
                0x0000000008009300                Font7x10
 .rodata.cursorPin_list
                0x0000000008009a6c        0x8 Core/Src/main.o
                0x0000000008009a6c                cursorPin_list
 .rodata.presetPin_list
                0x0000000008009a74        0xc Core/Src/main.o
                0x0000000008009a74                presetPin_list
 .rodata.notePin_list
                0x0000000008009a80       0x1a Core/Src/main.o
                0x0000000008009a80                notePin_list
 *fill*         0x0000000008009a9a        0x2 
 .rodata.AHBPrescTable
                0x0000000008009a9c       0x10 Core/Src/system_stm32f4xx.o
                0x0000000008009a9c                AHBPrescTable
 .rodata.APBPrescTable
                0x0000000008009aac        0x8 Core/Src/system_stm32f4xx.o
                0x0000000008009aac                APBPrescTable
                0x0000000008009ab4                . = ALIGN (0x4)

.ARM.extab      0x0000000008009ab4        0x0
                0x0000000008009ab4                . = ALIGN (0x4)
 *(.ARM.extab* .gnu.linkonce.armextab.*)
                0x0000000008009ab4                . = ALIGN (0x4)

.ARM            0x0000000008009ab4        0x8
                0x0000000008009ab4                . = ALIGN (0x4)
                0x0000000008009ab4                __exidx_start = .
 *(.ARM.exidx*)
 .ARM.exidx     0x0000000008009ab4        0x8 /opt/st/stm32cubeide_1.4.0/plugins/com.st.stm32cube.ide.mcu.externaltools.gnu-tools-for-stm32.7-2018-q2-update.linux64_1.4.0.202007081208/tools/bin/../lib/gcc/arm-none-eabi/7.3.1/thumb/v7e-m/fpv4-sp/hard/libgcc.a(_udivmoddi4.o)
                0x0000000008009abc                __exidx_end = .
                0x0000000008009abc                . = ALIGN (0x4)

.rel.dyn        0x0000000008009abc        0x0
 .rel.iplt      0x0000000008009abc        0x0 /opt/st/stm32cubeide_1.4.0/plugins/com.st.stm32cube.ide.mcu.externaltools.gnu-tools-for-stm32.7-2018-q2-update.linux64_1.4.0.202007081208/tools/bin/../lib/gcc/arm-none-eabi/7.3.1/thumb/v7e-m/fpv4-sp/hard/crtbegin.o

.preinit_array  0x0000000008009abc        0x0
                0x0000000008009abc                . = ALIGN (0x4)
                0x0000000008009abc                PROVIDE (__preinit_array_start = .)
 *(.preinit_array*)
                0x0000000008009abc                PROVIDE (__preinit_array_end = .)
                0x0000000008009abc                . = ALIGN (0x4)

.init_array     0x0000000008009abc        0x4
                0x0000000008009abc                . = ALIGN (0x4)
                0x0000000008009abc                PROVIDE (__init_array_start = .)
 *(SORT_BY_NAME(.init_array.*))
 *(.init_array*)
 .init_array    0x0000000008009abc        0x4 /opt/st/stm32cubeide_1.4.0/plugins/com.st.stm32cube.ide.mcu.externaltools.gnu-tools-for-stm32.7-2018-q2-update.linux64_1.4.0.202007081208/tools/bin/../lib/gcc/arm-none-eabi/7.3.1/thumb/v7e-m/fpv4-sp/hard/crtbegin.o
                0x0000000008009ac0                PROVIDE (__init_array_end = .)
                0x0000000008009ac0                . = ALIGN (0x4)

.fini_array     0x0000000008009ac0        0x4
                0x0000000008009ac0                . = ALIGN (0x4)
                [!provide]                        PROVIDE (__fini_array_start = .)
 *(SORT_BY_NAME(.fini_array.*))
 *(.fini_array*)
 .fini_array    0x0000000008009ac0        0x4 /opt/st/stm32cubeide_1.4.0/plugins/com.st.stm32cube.ide.mcu.externaltools.gnu-tools-for-stm32.7-2018-q2-update.linux64_1.4.0.202007081208/tools/bin/../lib/gcc/arm-none-eabi/7.3.1/thumb/v7e-m/fpv4-sp/hard/crtbegin.o
                [!provide]                        PROVIDE (__fini_array_end = .)
                0x0000000008009ac4                . = ALIGN (0x4)
                0x0000000008009ac4                _sidata = LOADADDR (.data)

.data           0x0000000020000000      0x1e8 load address 0x0000000008009ac4
                0x0000000020000000                . = ALIGN (0x4)
                0x0000000020000000                _sdata = .
 *(.data)
 *(.data*)
 .data.str_tunne
                0x0000000020000000       0x30 Core/Src/SSpedalBPMFX.o
                0x0000000020000000                str_tunne
 .data.str_chord
                0x0000000020000030       0x20 Core/Src/SSpedalBPMFX.o
                0x0000000020000030                str_chord
 .data.str_chordInv
                0x0000000020000050        0xc Core/Src/SSpedalBPMFX.o
                0x0000000020000050                str_chordInv
 .data.str_octava
                0x000000002000005c        0xc Core/Src/SSpedalBPMFX.o
                0x000000002000005c                str_octava
 .data.Font_7x10
                0x0000000020000068        0x8 Core/Src/fonts.o
                0x0000000020000068                Font_7x10
 .data.sustainFlag
                0x0000000020000070        0x1 Core/Src/main.o
                0x0000000020000070                sustainFlag
 *fill*         0x0000000020000071        0x3 
 .data.cursorPort_list
                0x0000000020000074       0x10 Core/Src/main.o
                0x0000000020000074                cursorPort_list
 .data.presetPort_list
                0x0000000020000084       0x18 Core/Src/main.o
                0x0000000020000084                presetPort_list
 .data.notePort_list
                0x000000002000009c       0x34 Core/Src/main.o
                0x000000002000009c                notePort_list
 .data.menu     0x00000000200000d0        0x1 Core/Src/main.o
                0x00000000200000d0                menu
 .data.last_screenNum
                0x00000000200000d1        0x1 Core/Src/main.o
                0x00000000200000d1                last_screenNum
 *fill*         0x00000000200000d2        0x2 
 .data.SystemCoreClock
                0x00000000200000d4        0x4 Core/Src/system_stm32f4xx.o
                0x00000000200000d4                SystemCoreClock
 .data.uwTickPrio
                0x00000000200000d8        0x4 Drivers/STM32F4xx_HAL_Driver/Src/stm32f4xx_hal.o
                0x00000000200000d8                uwTickPrio
 .data.uwTickFreq
                0x00000000200000dc        0x1 Drivers/STM32F4xx_HAL_Driver/Src/stm32f4xx_hal.o
                0x00000000200000dc                uwTickFreq
 *fill*         0x00000000200000dd        0x3 
 .data.USBD_MIDI
                0x00000000200000e0       0x38 Middlewares/ST/STM32_USB_Device_Library/Class/MIDI/Src/usbd_midi.o
                0x00000000200000e0                USBD_MIDI
 .data.USBD_MIDI_CfgDesc
                0x0000000020000118       0x65 Middlewares/ST/STM32_USB_Device_Library/Class/MIDI/Src/usbd_midi.o
                0x0000000020000118                USBD_MIDI_CfgDesc
 *fill*         0x000000002000017d        0x3 
 .data.FS_Desc  0x0000000020000180       0x1c USB_DEVICE/App/usbd_desc.o
                0x0000000020000180                FS_Desc
 .data.USBD_FS_DeviceDesc
                0x000000002000019c       0x12 USB_DEVICE/App/usbd_desc.o
                0x000000002000019c                USBD_FS_DeviceDesc
 *fill*         0x00000000200001ae        0x2 
 .data.USBD_LangIDDesc
                0x00000000200001b0        0x4 USB_DEVICE/App/usbd_desc.o
                0x00000000200001b0                USBD_LangIDDesc
 .data.USBD_StringSerial
                0x00000000200001b4       0x1a USB_DEVICE/App/usbd_desc.o
                0x00000000200001b4                USBD_StringSerial
 *fill*         0x00000000200001ce        0x2 
 .data.SysexID  0x00000000200001d0        0xf USB_DEVICE/App/usbd_midi_if.o
                0x00000000200001d0                SysexID
 *fill*         0x00000000200001df        0x1 
 .data.USBD_Interface_fops_FS
                0x00000000200001e0        0x8 USB_DEVICE/App/usbd_midi_if.o
                0x00000000200001e0                USBD_Interface_fops_FS
                0x00000000200001e8                . = ALIGN (0x4)
                0x00000000200001e8                _edata = .

.igot.plt       0x00000000200001e8        0x0 load address 0x0000000008009cac
 .igot.plt      0x00000000200001e8        0x0 /opt/st/stm32cubeide_1.4.0/plugins/com.st.stm32cube.ide.mcu.externaltools.gnu-tools-for-stm32.7-2018-q2-update.linux64_1.4.0.202007081208/tools/bin/../lib/gcc/arm-none-eabi/7.3.1/thumb/v7e-m/fpv4-sp/hard/crtbegin.o
                0x00000000200001e8                . = ALIGN (0x4)

.bss            0x00000000200001e8      0xfd8 load address 0x0000000008009cac
                0x00000000200001e8                _sbss = .
                0x00000000200001e8                __bss_start__ = _sbss
 *(.bss)
 .bss           0x00000000200001e8       0x1c /opt/st/stm32cubeide_1.4.0/plugins/com.st.stm32cube.ide.mcu.externaltools.gnu-tools-for-stm32.7-2018-q2-update.linux64_1.4.0.202007081208/tools/bin/../lib/gcc/arm-none-eabi/7.3.1/thumb/v7e-m/fpv4-sp/hard/crtbegin.o
 *(.bss*)
 .bss.octava    0x0000000020000204        0x4 Core/Src/SSpedalBPMFX.o
                0x0000000020000204                octava
 .bss.chordSet  0x0000000020000208       0x34 Core/Src/SSpedalBPMFX.o
                0x0000000020000208                chordSet
 .bss.lastSendNote
                0x000000002000023c       0x34 Core/Src/main.o
                0x000000002000023c                lastSendNote
 .bss.lastSustainNote
                0x0000000020000270        0x4 Core/Src/main.o
                0x0000000020000270                lastSustainNote
 .bss.sustainMode
                0x0000000020000274        0x1 Core/Src/main.o
                0x0000000020000274                sustainMode
 .bss.acorde    0x0000000020000275        0x1 Core/Src/main.o
                0x0000000020000275                acorde
 .bss.tunne     0x0000000020000276        0x1 Core/Src/main.o
                0x0000000020000276                tunne
 .bss.screenNum
                0x0000000020000277        0x1 Core/Src/main.o
                0x0000000020000277                screenNum
 .bss.popup_time
                0x0000000020000278        0x4 Core/Src/main.o
                0x0000000020000278                popup_time
 .bss.popup_timeUp
                0x000000002000027c        0x1 Core/Src/main.o
                0x000000002000027c                popup_timeUp
 .bss.footKey   0x000000002000027d        0x1 Core/Src/main.o
                0x000000002000027d                footKey
 *fill*         0x000000002000027e        0x2 
 .bss.contador_loop
                0x0000000020000280        0x4 Core/Src/main.o
                0x0000000020000280                contador_loop
 .bss.SSD1306_Buffer
                0x0000000020000284      0x400 Core/Src/ssd1306.o
 .bss.SSD1306   0x0000000020000684        0x6 Core/Src/ssd1306.o
 *fill*         0x000000002000068a        0x2 
 .bss.pInstance
                0x000000002000068c        0x4 Middlewares/ST/STM32_USB_Device_Library/Class/MIDI/Src/usbd_midi.o
                0x000000002000068c                pInstance
 .bss.APP_Rx_ptr_in
                0x0000000020000690        0x4 Middlewares/ST/STM32_USB_Device_Library/Class/MIDI/Src/usbd_midi.o
                0x0000000020000690                APP_Rx_ptr_in
 .bss.APP_Rx_ptr_out
                0x0000000020000694        0x4 Middlewares/ST/STM32_USB_Device_Library/Class/MIDI/Src/usbd_midi.o
                0x0000000020000694                APP_Rx_ptr_out
 .bss.APP_Rx_length
                0x0000000020000698        0x4 Middlewares/ST/STM32_USB_Device_Library/Class/MIDI/Src/usbd_midi.o
                0x0000000020000698                APP_Rx_length
 .bss.USB_Tx_State
                0x000000002000069c        0x1 Middlewares/ST/STM32_USB_Device_Library/Class/MIDI/Src/usbd_midi.o
                0x000000002000069c                USB_Tx_State
 .bss.cfgidx.10721
                0x000000002000069d        0x1 Middlewares/ST/STM32_USB_Device_Library/Core/Src/usbd_ctlreq.o
 .bss.flag_sendMidi
                0x000000002000069e        0x1 USB_DEVICE/App/usbd_midi_if.o
                0x000000002000069e                flag_sendMidi
 *(COMMON)
 *fill*         0x000000002000069f        0x1 
 COMMON         0x00000000200006a0       0x11 Core/Src/SSpedalBPMFX.o
                0x00000000200006a0                chordSelect_cursor
                0x00000000200006a4                firstDoTunning
                0x00000000200006a8                chord
                0x00000000200006ac                chordInv
                0x00000000200006b0                sust_id
 *fill*         0x00000000200006b1        0x3 
 COMMON         0x00000000200006b4       0x14 Core/Src/dac.o
                0x00000000200006b4                hdac
 COMMON         0x00000000200006c8       0x54 Core/Src/i2c.o
                0x00000000200006c8                hi2c1
 COMMON         0x000000002000071c       0x48 Core/Src/main.o
                0x000000002000071c                buttonState
                0x000000002000073b                lastKey_pos
                0x000000002000073c                d_pad
                0x0000000020000740                lastState
                0x0000000020000760                midi_msg
 COMMON         0x0000000020000764       0x40 Core/Src/tim.o
                0x0000000020000764                htim2
 COMMON         0x00000000200007a4        0x4 Drivers/STM32F4xx_HAL_Driver/Src/stm32f4xx_hal.o
                0x00000000200007a4                uwTick
 COMMON         0x00000000200007a8      0x140 Middlewares/ST/STM32_USB_Device_Library/Class/MIDI/Src/usbd_midi.o
                0x00000000200007a8                USB_Rx_Buffer
                0x00000000200007e8                APP_Rx_Buffer
 COMMON         0x00000000200008e8      0x2d0 USB_DEVICE/App/usb_device.o
                0x00000000200008e8                hUsbDeviceFS
 COMMON         0x0000000020000bb8      0x200 USB_DEVICE/App/usbd_desc.o
                0x0000000020000bb8                USBD_StrDesc
 COMMON         0x0000000020000db8      0x408 USB_DEVICE/Target/usbd_conf.o
                0x0000000020000db8                hpcd_USB_OTG_FS
                0x00000000200011c0                . = ALIGN (0x4)
                0x00000000200011c0                _ebss = .
                0x00000000200011c0                __bss_end__ = _ebss

._user_heap_stack
                0x00000000200011c0      0xa00 load address 0x0000000008009cac
                0x00000000200011c0                . = ALIGN (0x8)
                [!provide]                        PROVIDE (end = .)
                0x00000000200011c0                PROVIDE (_end = .)
                0x00000000200017c0                . = (. + _Min_Heap_Size)
 *fill*         0x00000000200011c0      0x600 
                0x0000000020001bc0                . = (. + _Min_Stack_Size)
 *fill*         0x00000000200017c0      0x400 
                0x0000000020001bc0                . = ALIGN (0x8)

/DISCARD/
 libc.a(*)
 libm.a(*)
 libgcc.a(*)

.ARM.attributes
                0x0000000000000000       0x30
 *(.ARM.attributes)
 .ARM.attributes
                0x0000000000000000       0x22 /opt/st/stm32cubeide_1.4.0/plugins/com.st.stm32cube.ide.mcu.externaltools.gnu-tools-for-stm32.7-2018-q2-update.linux64_1.4.0.202007081208/tools/bin/../lib/gcc/arm-none-eabi/7.3.1/thumb/v7e-m/fpv4-sp/hard/crti.o
 .ARM.attributes
                0x0000000000000022       0x34 /opt/st/stm32cubeide_1.4.0/plugins/com.st.stm32cube.ide.mcu.externaltools.gnu-tools-for-stm32.7-2018-q2-update.linux64_1.4.0.202007081208/tools/bin/../lib/gcc/arm-none-eabi/7.3.1/thumb/v7e-m/fpv4-sp/hard/crtbegin.o
 .ARM.attributes
                0x0000000000000056       0x39 Core/Src/SSpedalBPMFX.o
 .ARM.attributes
                0x000000000000008f       0x39 Core/Src/dac.o
 .ARM.attributes
                0x00000000000000c8       0x39 Core/Src/drawing_SSD1306.o
 .ARM.attributes
                0x0000000000000101       0x39 Core/Src/fonts.o
 .ARM.attributes
                0x000000000000013a       0x39 Core/Src/gpio.o
 .ARM.attributes
                0x0000000000000173       0x39 Core/Src/i2c.o
 .ARM.attributes
                0x00000000000001ac       0x39 Core/Src/main.o
 .ARM.attributes
                0x00000000000001e5       0x39 Core/Src/ssd1306.o
 .ARM.attributes
                0x000000000000021e       0x39 Core/Src/stm32f4xx_hal_msp.o
 .ARM.attributes
                0x0000000000000257       0x39 Core/Src/stm32f4xx_it.o
 .ARM.attributes
                0x0000000000000290       0x39 Core/Src/system_stm32f4xx.o
 .ARM.attributes
                0x00000000000002c9       0x39 Core/Src/tim.o
 .ARM.attributes
                0x0000000000000302       0x21 Core/Startup/startup_stm32f429igtx.o
 .ARM.attributes
                0x0000000000000323       0x39 Drivers/STM32F4xx_HAL_Driver/Src/stm32f4xx_hal.o
 .ARM.attributes
                0x000000000000035c       0x39 Drivers/STM32F4xx_HAL_Driver/Src/stm32f4xx_hal_cortex.o
 .ARM.attributes
                0x0000000000000395       0x39 Drivers/STM32F4xx_HAL_Driver/Src/stm32f4xx_hal_dac.o
 .ARM.attributes
                0x00000000000003ce       0x39 Drivers/STM32F4xx_HAL_Driver/Src/stm32f4xx_hal_gpio.o
 .ARM.attributes
                0x0000000000000407       0x39 Drivers/STM32F4xx_HAL_Driver/Src/stm32f4xx_hal_i2c.o
 .ARM.attributes
                0x0000000000000440       0x39 Drivers/STM32F4xx_HAL_Driver/Src/stm32f4xx_hal_i2c_ex.o
 .ARM.attributes
                0x0000000000000479       0x39 Drivers/STM32F4xx_HAL_Driver/Src/stm32f4xx_hal_pcd.o
 .ARM.attributes
                0x00000000000004b2       0x39 Drivers/STM32F4xx_HAL_Driver/Src/stm32f4xx_hal_pcd_ex.o
 .ARM.attributes
                0x00000000000004eb       0x39 Drivers/STM32F4xx_HAL_Driver/Src/stm32f4xx_hal_rcc.o
 .ARM.attributes
                0x0000000000000524       0x39 Drivers/STM32F4xx_HAL_Driver/Src/stm32f4xx_hal_tim.o
 .ARM.attributes
                0x000000000000055d       0x39 Drivers/STM32F4xx_HAL_Driver/Src/stm32f4xx_hal_tim_ex.o
 .ARM.attributes
                0x0000000000000596       0x39 Drivers/STM32F4xx_HAL_Driver/Src/stm32f4xx_ll_usb.o
 .ARM.attributes
                0x00000000000005cf       0x39 Middlewares/ST/STM32_USB_Device_Library/Class/MIDI/Src/usbd_midi.o
 .ARM.attributes
                0x0000000000000608       0x39 Middlewares/ST/STM32_USB_Device_Library/Core/Src/usbd_core.o
 .ARM.attributes
                0x0000000000000641       0x39 Middlewares/ST/STM32_USB_Device_Library/Core/Src/usbd_ctlreq.o
 .ARM.attributes
                0x000000000000067a       0x39 Middlewares/ST/STM32_USB_Device_Library/Core/Src/usbd_ioreq.o
 .ARM.attributes
                0x00000000000006b3       0x39 USB_DEVICE/App/usb_device.o
 .ARM.attributes
                0x00000000000006ec       0x39 USB_DEVICE/App/usbd_desc.o
 .ARM.attributes
                0x0000000000000725       0x39 USB_DEVICE/App/usbd_midi_if.o
 .ARM.attributes
                0x000000000000075e       0x39 USB_DEVICE/Target/usbd_conf.o
 .ARM.attributes
                0x0000000000000797       0x34 /opt/st/stm32cubeide_1.4.0/plugins/com.st.stm32cube.ide.mcu.externaltools.gnu-tools-for-stm32.7-2018-q2-update.linux64_1.4.0.202007081208/tools/bin/../lib/gcc/arm-none-eabi/7.3.1/../../../../arm-none-eabi/lib/thumb/v7e-m/fpv4-sp/hard/libc_nano.a(lib_a-init.o)
 .ARM.attributes
                0x00000000000007cb       0x34 /opt/st/stm32cubeide_1.4.0/plugins/com.st.stm32cube.ide.mcu.externaltools.gnu-tools-for-stm32.7-2018-q2-update.linux64_1.4.0.202007081208/tools/bin/../lib/gcc/arm-none-eabi/7.3.1/../../../../arm-none-eabi/lib/thumb/v7e-m/fpv4-sp/hard/libc_nano.a(lib_a-memset.o)
 .ARM.attributes
                0x00000000000007ff       0x22 /opt/st/stm32cubeide_1.4.0/plugins/com.st.stm32cube.ide.mcu.externaltools.gnu-tools-for-stm32.7-2018-q2-update.linux64_1.4.0.202007081208/tools/bin/../lib/gcc/arm-none-eabi/7.3.1/thumb/v7e-m/fpv4-sp/hard/libgcc.a(_aeabi_uldivmod.o)
 .ARM.attributes
                0x0000000000000821       0x34 /opt/st/stm32cubeide_1.4.0/plugins/com.st.stm32cube.ide.mcu.externaltools.gnu-tools-for-stm32.7-2018-q2-update.linux64_1.4.0.202007081208/tools/bin/../lib/gcc/arm-none-eabi/7.3.1/thumb/v7e-m/fpv4-sp/hard/libgcc.a(_udivmoddi4.o)
 .ARM.attributes
                0x0000000000000855       0x22 /opt/st/stm32cubeide_1.4.0/plugins/com.st.stm32cube.ide.mcu.externaltools.gnu-tools-for-stm32.7-2018-q2-update.linux64_1.4.0.202007081208/tools/bin/../lib/gcc/arm-none-eabi/7.3.1/thumb/v7e-m/fpv4-sp/hard/libgcc.a(_dvmd_tls.o)
 .ARM.attributes
                0x0000000000000877       0x22 /opt/st/stm32cubeide_1.4.0/plugins/com.st.stm32cube.ide.mcu.externaltools.gnu-tools-for-stm32.7-2018-q2-update.linux64_1.4.0.202007081208/tools/bin/../lib/gcc/arm-none-eabi/7.3.1/thumb/v7e-m/fpv4-sp/hard/crtn.o
OUTPUT(PEDALERA_beta_V03_STM32F429.elf elf32-littlearm)

.debug_info     0x0000000000000000    0x1f0c0
 .debug_info    0x0000000000000000      0xcf1 Core/Src/SSpedalBPMFX.o
 .debug_info    0x0000000000000cf1      0x911 Core/Src/dac.o
 .debug_info    0x0000000000001602      0xbdd Core/Src/drawing_SSD1306.o
 .debug_info    0x00000000000021df      0xb1c Core/Src/fonts.o
 .debug_info    0x0000000000002cfb      0x51c Core/Src/gpio.o
 .debug_info    0x0000000000003217      0xa04 Core/Src/i2c.o
 .debug_info    0x0000000000003c1b     0x2222 Core/Src/main.o
 .debug_info    0x0000000000005e3d     0x16f6 Core/Src/ssd1306.o
 .debug_info    0x0000000000007533      0x37c Core/Src/stm32f4xx_hal_msp.o
 .debug_info    0x00000000000078af      0xb2f Core/Src/stm32f4xx_it.o
 .debug_info    0x00000000000083de      0x56e Core/Src/system_stm32f4xx.o
 .debug_info    0x000000000000894c      0xb97 Core/Src/tim.o
 .debug_info    0x00000000000094e3       0x22 Core/Startup/startup_stm32f429igtx.o
 .debug_info    0x0000000000009505      0x9b9 Drivers/STM32F4xx_HAL_Driver/Src/stm32f4xx_hal.o
 .debug_info    0x0000000000009ebe      0xe5e Drivers/STM32F4xx_HAL_Driver/Src/stm32f4xx_hal_cortex.o
 .debug_info    0x000000000000ad1c      0xa3a Drivers/STM32F4xx_HAL_Driver/Src/stm32f4xx_hal_dac.o
 .debug_info    0x000000000000b756      0x7cf Drivers/STM32F4xx_HAL_Driver/Src/stm32f4xx_hal_gpio.o
 .debug_info    0x000000000000bf25     0x23c2 Drivers/STM32F4xx_HAL_Driver/Src/stm32f4xx_hal_i2c.o
 .debug_info    0x000000000000e2e7      0x71d Drivers/STM32F4xx_HAL_Driver/Src/stm32f4xx_hal_i2c_ex.o
 .debug_info    0x000000000000ea04     0x1114 Drivers/STM32F4xx_HAL_Driver/Src/stm32f4xx_hal_pcd.o
 .debug_info    0x000000000000fb18      0x753 Drivers/STM32F4xx_HAL_Driver/Src/stm32f4xx_hal_pcd_ex.o
 .debug_info    0x000000000001026b      0x91e Drivers/STM32F4xx_HAL_Driver/Src/stm32f4xx_hal_rcc.o
 .debug_info    0x0000000000010b89     0x24a9 Drivers/STM32F4xx_HAL_Driver/Src/stm32f4xx_hal_tim.o
 .debug_info    0x0000000000013032     0x1157 Drivers/STM32F4xx_HAL_Driver/Src/stm32f4xx_hal_tim_ex.o
 .debug_info    0x0000000000014189     0x18dd Drivers/STM32F4xx_HAL_Driver/Src/stm32f4xx_ll_usb.o
 .debug_info    0x0000000000015a66     0x14fa Middlewares/ST/STM32_USB_Device_Library/Class/MIDI/Src/usbd_midi.o
 .debug_info    0x0000000000016f60     0x1285 Middlewares/ST/STM32_USB_Device_Library/Core/Src/usbd_core.o
 .debug_info    0x00000000000181e5     0x123d Middlewares/ST/STM32_USB_Device_Library/Core/Src/usbd_ctlreq.o
 .debug_info    0x0000000000019422      0xf88 Middlewares/ST/STM32_USB_Device_Library/Core/Src/usbd_ioreq.o
 .debug_info    0x000000000001a3aa      0xfc0 USB_DEVICE/App/usb_device.o
 .debug_info    0x000000000001b36a      0xd20 USB_DEVICE/App/usbd_desc.o
 .debug_info    0x000000000001c08a      0xfb9 USB_DEVICE/App/usbd_midi_if.o
 .debug_info    0x000000000001d043     0x207d USB_DEVICE/Target/usbd_conf.o

.debug_abbrev   0x0000000000000000     0x4220
 .debug_abbrev  0x0000000000000000      0x270 Core/Src/SSpedalBPMFX.o
 .debug_abbrev  0x0000000000000270      0x199 Core/Src/dac.o
 .debug_abbrev  0x0000000000000409      0x1ff Core/Src/drawing_SSD1306.o
 .debug_abbrev  0x0000000000000608      0x1de Core/Src/fonts.o
 .debug_abbrev  0x00000000000007e6      0x134 Core/Src/gpio.o
 .debug_abbrev  0x000000000000091a      0x199 Core/Src/i2c.o
 .debug_abbrev  0x0000000000000ab3      0x292 Core/Src/main.o
 .debug_abbrev  0x0000000000000d45      0x2c8 Core/Src/ssd1306.o
 .debug_abbrev  0x000000000000100d      0x109 Core/Src/stm32f4xx_hal_msp.o
 .debug_abbrev  0x0000000000001116      0x1a1 Core/Src/stm32f4xx_it.o
 .debug_abbrev  0x00000000000012b7      0x12b Core/Src/system_stm32f4xx.o
 .debug_abbrev  0x00000000000013e2      0x199 Core/Src/tim.o
 .debug_abbrev  0x000000000000157b       0x12 Core/Startup/startup_stm32f429igtx.o
 .debug_abbrev  0x000000000000158d      0x1c7 Drivers/STM32F4xx_HAL_Driver/Src/stm32f4xx_hal.o
 .debug_abbrev  0x0000000000001754      0x2fa Drivers/STM32F4xx_HAL_Driver/Src/stm32f4xx_hal_cortex.o
 .debug_abbrev  0x0000000000001a4e      0x1e4 Drivers/STM32F4xx_HAL_Driver/Src/stm32f4xx_hal_dac.o
 .debug_abbrev  0x0000000000001c32      0x1c9 Drivers/STM32F4xx_HAL_Driver/Src/stm32f4xx_hal_gpio.o
 .debug_abbrev  0x0000000000001dfb      0x254 Drivers/STM32F4xx_HAL_Driver/Src/stm32f4xx_hal_i2c.o
 .debug_abbrev  0x000000000000204f      0x16d Drivers/STM32F4xx_HAL_Driver/Src/stm32f4xx_hal_i2c_ex.o
 .debug_abbrev  0x00000000000021bc      0x266 Drivers/STM32F4xx_HAL_Driver/Src/stm32f4xx_hal_pcd.o
 .debug_abbrev  0x0000000000002422      0x1cf Drivers/STM32F4xx_HAL_Driver/Src/stm32f4xx_hal_pcd_ex.o
 .debug_abbrev  0x00000000000025f1      0x245 Drivers/STM32F4xx_HAL_Driver/Src/stm32f4xx_hal_rcc.o
 .debug_abbrev  0x0000000000002836      0x230 Drivers/STM32F4xx_HAL_Driver/Src/stm32f4xx_hal_tim.o
 .debug_abbrev  0x0000000000002a66      0x21e Drivers/STM32F4xx_HAL_Driver/Src/stm32f4xx_hal_tim_ex.o
 .debug_abbrev  0x0000000000002c84      0x26d Drivers/STM32F4xx_HAL_Driver/Src/stm32f4xx_ll_usb.o
 .debug_abbrev  0x0000000000002ef1      0x2a1 Middlewares/ST/STM32_USB_Device_Library/Class/MIDI/Src/usbd_midi.o
 .debug_abbrev  0x0000000000003192      0x27d Middlewares/ST/STM32_USB_Device_Library/Core/Src/usbd_core.o
 .debug_abbrev  0x000000000000340f      0x2ba Middlewares/ST/STM32_USB_Device_Library/Core/Src/usbd_ctlreq.o
 .debug_abbrev  0x00000000000036c9      0x1fc Middlewares/ST/STM32_USB_Device_Library/Core/Src/usbd_ioreq.o
 .debug_abbrev  0x00000000000038c5      0x1da USB_DEVICE/App/usb_device.o
 .debug_abbrev  0x0000000000003a9f      0x265 USB_DEVICE/App/usbd_desc.o
 .debug_abbrev  0x0000000000003d04      0x26c USB_DEVICE/App/usbd_midi_if.o
 .debug_abbrev  0x0000000000003f70      0x2b0 USB_DEVICE/Target/usbd_conf.o

.debug_aranges  0x0000000000000000     0x15a8
 .debug_aranges
                0x0000000000000000       0x78 Core/Src/SSpedalBPMFX.o
 .debug_aranges
                0x0000000000000078       0x30 Core/Src/dac.o
 .debug_aranges
                0x00000000000000a8       0x28 Core/Src/drawing_SSD1306.o
 .debug_aranges
                0x00000000000000d0       0x20 Core/Src/fonts.o
 .debug_aranges
                0x00000000000000f0       0x20 Core/Src/gpio.o
 .debug_aranges
                0x0000000000000110       0x30 Core/Src/i2c.o
 .debug_aranges
                0x0000000000000140       0x90 Core/Src/main.o
 .debug_aranges
                0x00000000000001d0       0xb8 Core/Src/ssd1306.o
 .debug_aranges
                0x0000000000000288       0x20 Core/Src/stm32f4xx_hal_msp.o
 .debug_aranges
                0x00000000000002a8       0x70 Core/Src/stm32f4xx_it.o
 .debug_aranges
                0x0000000000000318       0x28 Core/Src/system_stm32f4xx.o
 .debug_aranges
                0x0000000000000340       0x30 Core/Src/tim.o
 .debug_aranges
                0x0000000000000370       0x28 Core/Startup/startup_stm32f429igtx.o
 .debug_aranges
                0x0000000000000398      0x100 Drivers/STM32F4xx_HAL_Driver/Src/stm32f4xx_hal.o
 .debug_aranges
                0x0000000000000498      0x118 Drivers/STM32F4xx_HAL_Driver/Src/stm32f4xx_hal_cortex.o
 .debug_aranges
                0x00000000000005b0       0xc0 Drivers/STM32F4xx_HAL_Driver/Src/stm32f4xx_hal_dac.o
 .debug_aranges
                0x0000000000000670       0x58 Drivers/STM32F4xx_HAL_Driver/Src/stm32f4xx_hal_gpio.o
 .debug_aranges
                0x00000000000006c8      0x298 Drivers/STM32F4xx_HAL_Driver/Src/stm32f4xx_hal_i2c.o
 .debug_aranges
                0x0000000000000960       0x28 Drivers/STM32F4xx_HAL_Driver/Src/stm32f4xx_hal_i2c_ex.o
 .debug_aranges
                0x0000000000000988      0x130 Drivers/STM32F4xx_HAL_Driver/Src/stm32f4xx_hal_pcd.o
 .debug_aranges
                0x0000000000000ab8       0x38 Drivers/STM32F4xx_HAL_Driver/Src/stm32f4xx_hal_pcd_ex.o
 .debug_aranges
                0x0000000000000af0       0x88 Drivers/STM32F4xx_HAL_Driver/Src/stm32f4xx_hal_rcc.o
 .debug_aranges
                0x0000000000000b78      0x3a8 Drivers/STM32F4xx_HAL_Driver/Src/stm32f4xx_hal_tim.o
 .debug_aranges
                0x0000000000000f20      0x150 Drivers/STM32F4xx_HAL_Driver/Src/stm32f4xx_hal_tim_ex.o
 .debug_aranges
                0x0000000000001070      0x198 Drivers/STM32F4xx_HAL_Driver/Src/stm32f4xx_ll_usb.o
 .debug_aranges
                0x0000000000001208       0x50 Middlewares/ST/STM32_USB_Device_Library/Class/MIDI/Src/usbd_midi.o
 .debug_aranges
                0x0000000000001258       0xb8 Middlewares/ST/STM32_USB_Device_Library/Core/Src/usbd_core.o
 .debug_aranges
                0x0000000000001310       0x90 Middlewares/ST/STM32_USB_Device_Library/Core/Src/usbd_ctlreq.o
 .debug_aranges
                0x00000000000013a0       0x50 Middlewares/ST/STM32_USB_Device_Library/Core/Src/usbd_ioreq.o
 .debug_aranges
                0x00000000000013f0       0x20 USB_DEVICE/App/usb_device.o
 .debug_aranges
                0x0000000000001410       0x60 USB_DEVICE/App/usbd_desc.o
 .debug_aranges
                0x0000000000001470       0x38 USB_DEVICE/App/usbd_midi_if.o
 .debug_aranges
                0x00000000000014a8      0x100 USB_DEVICE/Target/usbd_conf.o

.debug_ranges   0x0000000000000000     0x13c0
 .debug_ranges  0x0000000000000000       0x68 Core/Src/SSpedalBPMFX.o
 .debug_ranges  0x0000000000000068       0x20 Core/Src/dac.o
 .debug_ranges  0x0000000000000088       0x18 Core/Src/drawing_SSD1306.o
 .debug_ranges  0x00000000000000a0       0x10 Core/Src/fonts.o
 .debug_ranges  0x00000000000000b0       0x10 Core/Src/gpio.o
 .debug_ranges  0x00000000000000c0       0x20 Core/Src/i2c.o
 .debug_ranges  0x00000000000000e0       0x80 Core/Src/main.o
 .debug_ranges  0x0000000000000160       0xa8 Core/Src/ssd1306.o
 .debug_ranges  0x0000000000000208       0x10 Core/Src/stm32f4xx_hal_msp.o
 .debug_ranges  0x0000000000000218       0x60 Core/Src/stm32f4xx_it.o
 .debug_ranges  0x0000000000000278       0x18 Core/Src/system_stm32f4xx.o
 .debug_ranges  0x0000000000000290       0x20 Core/Src/tim.o
 .debug_ranges  0x00000000000002b0       0x20 Core/Startup/startup_stm32f429igtx.o
 .debug_ranges  0x00000000000002d0       0xf0 Drivers/STM32F4xx_HAL_Driver/Src/stm32f4xx_hal.o
 .debug_ranges  0x00000000000003c0      0x108 Drivers/STM32F4xx_HAL_Driver/Src/stm32f4xx_hal_cortex.o
 .debug_ranges  0x00000000000004c8       0xb0 Drivers/STM32F4xx_HAL_Driver/Src/stm32f4xx_hal_dac.o
 .debug_ranges  0x0000000000000578       0x48 Drivers/STM32F4xx_HAL_Driver/Src/stm32f4xx_hal_gpio.o
 .debug_ranges  0x00000000000005c0      0x2a8 Drivers/STM32F4xx_HAL_Driver/Src/stm32f4xx_hal_i2c.o
 .debug_ranges  0x0000000000000868       0x18 Drivers/STM32F4xx_HAL_Driver/Src/stm32f4xx_hal_i2c_ex.o
 .debug_ranges  0x0000000000000880      0x120 Drivers/STM32F4xx_HAL_Driver/Src/stm32f4xx_hal_pcd.o
 .debug_ranges  0x00000000000009a0       0x28 Drivers/STM32F4xx_HAL_Driver/Src/stm32f4xx_hal_pcd_ex.o
 .debug_ranges  0x00000000000009c8       0x78 Drivers/STM32F4xx_HAL_Driver/Src/stm32f4xx_hal_rcc.o
 .debug_ranges  0x0000000000000a40      0x398 Drivers/STM32F4xx_HAL_Driver/Src/stm32f4xx_hal_tim.o
 .debug_ranges  0x0000000000000dd8      0x140 Drivers/STM32F4xx_HAL_Driver/Src/stm32f4xx_hal_tim_ex.o
 .debug_ranges  0x0000000000000f18      0x188 Drivers/STM32F4xx_HAL_Driver/Src/stm32f4xx_ll_usb.o
 .debug_ranges  0x00000000000010a0       0x40 Middlewares/ST/STM32_USB_Device_Library/Class/MIDI/Src/usbd_midi.o
 .debug_ranges  0x00000000000010e0       0xa8 Middlewares/ST/STM32_USB_Device_Library/Core/Src/usbd_core.o
 .debug_ranges  0x0000000000001188       0x80 Middlewares/ST/STM32_USB_Device_Library/Core/Src/usbd_ctlreq.o
 .debug_ranges  0x0000000000001208       0x40 Middlewares/ST/STM32_USB_Device_Library/Core/Src/usbd_ioreq.o
 .debug_ranges  0x0000000000001248       0x10 USB_DEVICE/App/usb_device.o
 .debug_ranges  0x0000000000001258       0x50 USB_DEVICE/App/usbd_desc.o
 .debug_ranges  0x00000000000012a8       0x28 USB_DEVICE/App/usbd_midi_if.o
 .debug_ranges  0x00000000000012d0       0xf0 USB_DEVICE/Target/usbd_conf.o

.debug_macro    0x0000000000000000    0x28400
 .debug_macro   0x0000000000000000      0x341 Core/Src/SSpedalBPMFX.o
 .debug_macro   0x0000000000000341      0xa5a Core/Src/SSpedalBPMFX.o
 .debug_macro   0x0000000000000d9b      0x196 Core/Src/SSpedalBPMFX.o
 .debug_macro   0x0000000000000f31       0x2e Core/Src/SSpedalBPMFX.o
 .debug_macro   0x0000000000000f5f       0x28 Core/Src/SSpedalBPMFX.o
 .debug_macro   0x0000000000000f87       0x22 Core/Src/SSpedalBPMFX.o
 .debug_macro   0x0000000000000fa9       0x8e Core/Src/SSpedalBPMFX.o
 .debug_macro   0x0000000000001037       0x51 Core/Src/SSpedalBPMFX.o
 .debug_macro   0x0000000000001088       0xef Core/Src/SSpedalBPMFX.o
 .debug_macro   0x0000000000001177       0x6a Core/Src/SSpedalBPMFX.o
 .debug_macro   0x00000000000011e1      0x1df Core/Src/SSpedalBPMFX.o
 .debug_macro   0x00000000000013c0       0x1c Core/Src/SSpedalBPMFX.o
 .debug_macro   0x00000000000013dc       0x22 Core/Src/SSpedalBPMFX.o
 .debug_macro   0x00000000000013fe       0xdf Core/Src/SSpedalBPMFX.o
 .debug_macro   0x00000000000014dd     0x102d Core/Src/SSpedalBPMFX.o
 .debug_macro   0x000000000000250a      0x11f Core/Src/SSpedalBPMFX.o
 .debug_macro   0x0000000000002629    0x17f69 Core/Src/SSpedalBPMFX.o
 .debug_macro   0x000000000001a592       0x43 Core/Src/SSpedalBPMFX.o
 .debug_macro   0x000000000001a5d5     0x36c9 Core/Src/SSpedalBPMFX.o
 .debug_macro   0x000000000001dc9e      0x174 Core/Src/SSpedalBPMFX.o
 .debug_macro   0x000000000001de12       0x5a Core/Src/SSpedalBPMFX.o
 .debug_macro   0x000000000001de6c      0xca5 Core/Src/SSpedalBPMFX.o
 .debug_macro   0x000000000001eb11      0x9fe Core/Src/SSpedalBPMFX.o
 .debug_macro   0x000000000001f50f      0x182 Core/Src/SSpedalBPMFX.o
 .debug_macro   0x000000000001f691      0x117 Core/Src/SSpedalBPMFX.o
 .debug_macro   0x000000000001f7a8      0x157 Core/Src/SSpedalBPMFX.o
 .debug_macro   0x000000000001f8ff       0x27 Core/Src/SSpedalBPMFX.o
 .debug_macro   0x000000000001f926      0x287 Core/Src/SSpedalBPMFX.o
 .debug_macro   0x000000000001fbad       0x5f Core/Src/SSpedalBPMFX.o
 .debug_macro   0x000000000001fc0c      0x236 Core/Src/SSpedalBPMFX.o
 .debug_macro   0x000000000001fe42       0xea Core/Src/SSpedalBPMFX.o