lcd_i2c_IT_lfs.c:29:6:__lcd_send_cmd	32	static
lcd_i2c_IT_lfs.c:42:6:__lcd_send_cmd_buff	24	static
lcd_i2c_IT_lfs.c:57:6:__lcd_send_data_buff	24	static
lcd_i2c_IT_lfs.c:72:6:lcd_clearScreen_buff	16	static
lcd_i2c_IT_lfs.c:82:6:lcd_cursor_buff	16	static
lcd_i2c_IT_lfs.c:101:6:lcd_init	16	static
lcd_i2c_IT_lfs.c:130:6:lcd_string_buff	16	static
lcd_i2c_IT_lfs.c:136:6:__add_to_lcdBuff	24	static
lcd_i2c_IT_lfs.c:150:6:__lcd_sendBuff_IT	16	static
lcd_i2c_IT_lfs.c:193:6:lcd_upDate_IT	8	static
lcd_i2c_IT_lfs.c:199:6:_lcd_ISR	4	static
