main.c:216:5:main	8	static
main.c:390:6:SystemClock_Config	88	static
main.c:431:6:inputCursor	24	static
main.c:459:6:inputSustains	16	static
main.c:529:6:inputChord	8	static
main.c:554:6:inputOctave	8	static
main.c:584:6:inputTunne	8	static
main.c:607:6:inputPresets	24	static
main.c:633:6:inputNotes	16	static
main.c:692:6:inputSaveChord	16	static
main.c:727:6:chordSelect	16	static
main.c:802:6:tunneSelect	16	static
main.c:826:6:sendChord	32	static
main.c:859:6:HAL_TIM_PeriodElapsedCallback	16	static
main.c:869:6:HAL_I2C_MasterTxCpltCallback	16	static
main.c:878:6:Error_Handler	4	static
