main.c:184:5:main	8	static
main.c:364:6:SystemClock_Config	88	static
main.c:405:6:inputCursor	16	static
main.c:418:6:inputSustains	16	static
main.c:481:6:inputChord	8	static
main.c:502:6:inputOctave	8	static
main.c:523:6:inputTunne	8	static
main.c:545:6:inputPresets	16	static
main.c:561:6:inputNotes	16	static
main.c:621:6:inputSaveChord	16	static
main.c:654:6:chordSelect	16	static
main.c:729:6:tunneSelect	16	static
main.c:753:6:sendChord	32	static
main.c:786:6:HAL_TIM_PeriodElapsedCallback	16	static
main.c:796:6:HAL_I2C_MasterTxCpltCallback	16	static
main.c:805:6:Error_Handler	4	static
