SSpedalBPMFX.c:88:15:makeChord	24	static
SSpedalBPMFX.c:111:6:setChord	16	static
SSpedalBPMFX.c:168:6:turnOnScreen	8	static
SSpedalBPMFX.c:188:6:chordScreen	8	static
SSpedalBPMFX.c:213:6:mainScreen	8	static
SSpedalBPMFX.c:260:6:tunneScreen	8	static
SSpedalBPMFX.c:280:6:plesewaitScreen	16	static
SSpedalBPMFX.c:327:6:on_off_octave	8	static
SSpedalBPMFX.c:345:6:recuest_footkey	8	static
SSpedalBPMFX.c:364:6:pop_up_savedChord	16	static
SSpedalBPMFX.c:391:6:pop_up_sustain	8	static
SSpedalBPMFX.c:423:6:pop_up_cancel	8	static
